Archive member included to satisfy reference by file (symbol)

../libopencm3/lib/libopencm3_stm32f4.a(exti_common_all.o)
                              inc/E32/E32.o (exti_set_trigger)
../libopencm3/lib/libopencm3_stm32f4.a(gpio_common_all.o)
                              src/firmware.o (gpio_set)
../libopencm3/lib/libopencm3_stm32f4.a(gpio_common_f0234.o)
                              src/system.o (gpio_mode_setup)
../libopencm3/lib/libopencm3_stm32f4.a(i2c_common_v1.o)
                              inc/BMP280/BMP280.o (i2c_peripheral_enable)
../libopencm3/lib/libopencm3_stm32f4.a(rcc_common_all.o)
                              src/system.o (rcc_periph_clock_enable)
../libopencm3/lib/libopencm3_stm32f4.a(rcc.o)
                              src/system.o (rcc_clock_setup_pll)
../libopencm3/lib/libopencm3_stm32f4.a(usart_common_all.o)
                              inc/UART/uart.o (usart_set_baudrate)
../libopencm3/lib/libopencm3_stm32f4.a(usart_common_f124.o)
                              ../libopencm3/lib/libopencm3_stm32f4.a(usart_common_all.o) (usart_send)
../libopencm3/lib/libopencm3_stm32f4.a(vector.o)
                              (reset_handler)
../libopencm3/lib/libopencm3_stm32f4.a(systick.o)
                              src/system.o (systick_set_frequency)
../libopencm3/lib/libopencm3_stm32f4.a(nvic.o)
                              inc/E32/E32.o (nvic_enable_irq)
../libopencm3/lib/libopencm3_stm32f4.a(flash_common_all.o)
                              ../libopencm3/lib/libopencm3_stm32f4.a(rcc.o) (flash_set_ws)
../libopencm3/lib/libopencm3_stm32f4.a(flash_common_idcache.o)
                              ../libopencm3/lib/libopencm3_stm32f4.a(rcc.o) (flash_dcache_enable)
../libopencm3/lib/libopencm3_stm32f4.a(pwr.o)
                              ../libopencm3/lib/libopencm3_stm32f4.a(rcc.o) (pwr_set_vos_scale)
/usr/lib/gcc/arm-none-eabi/10.3.1/thumb/v7e-m+fp/hard/libgcc.a(_arm_addsubdf3.o)
                              inc/BMP280/BMP280.o (__aeabi_ui2d)
/usr/lib/gcc/arm-none-eabi/10.3.1/thumb/v7e-m+fp/hard/libgcc.a(_arm_muldivdf3.o)
                              inc/BMP280/BMP280.o (__aeabi_ddiv)
/usr/lib/gcc/arm-none-eabi/10.3.1/thumb/v7e-m+fp/hard/libgcc.a(_arm_fixunsdfsi.o)
                              inc/BMP280/BMP280.o (__aeabi_d2uiz)
/usr/lib/gcc/arm-none-eabi/10.3.1/thumb/v7e-m+fp/hard/libgcc.a(_arm_addsubsf3.o)
                              inc/BMP280/BMP280.o (__aeabi_l2f)
/usr/lib/gcc/arm-none-eabi/10.3.1/thumb/v7e-m+fp/hard/libgcc.a(_aeabi_ldivmod.o)
                              inc/BMP280/BMP280.o (__aeabi_ldivmod)
/usr/lib/gcc/arm-none-eabi/10.3.1/thumb/v7e-m+fp/hard/libgcc.a(_udivmoddi4.o)
                              /usr/lib/gcc/arm-none-eabi/10.3.1/thumb/v7e-m+fp/hard/libgcc.a(_aeabi_ldivmod.o) (__udivmoddi4)
/usr/lib/gcc/arm-none-eabi/10.3.1/thumb/v7e-m+fp/hard/libgcc.a(_dvmd_tls.o)
                              /usr/lib/gcc/arm-none-eabi/10.3.1/thumb/v7e-m+fp/hard/libgcc.a(_aeabi_ldivmod.o) (__aeabi_ldiv0)

Discarded input sections

 .group         0x0000000000000000        0xc src/firmware.o
 .group         0x0000000000000000        0xc src/firmware.o
 .group         0x0000000000000000        0xc src/firmware.o
 .group         0x0000000000000000        0xc src/firmware.o
 .group         0x0000000000000000        0xc src/firmware.o
 .group         0x0000000000000000        0xc src/firmware.o
 .group         0x0000000000000000        0xc src/firmware.o
 .group         0x0000000000000000        0xc src/firmware.o
 .group         0x0000000000000000        0xc src/firmware.o
 .group         0x0000000000000000        0xc src/firmware.o
 .group         0x0000000000000000        0xc src/firmware.o
 .group         0x0000000000000000        0xc src/firmware.o
 .group         0x0000000000000000        0xc src/firmware.o
 .group         0x0000000000000000        0xc src/firmware.o
 .group         0x0000000000000000        0xc src/firmware.o
 .group         0x0000000000000000        0xc src/firmware.o
 .group         0x0000000000000000        0xc src/firmware.o
 .group         0x0000000000000000        0xc src/firmware.o
 .group         0x0000000000000000        0xc src/firmware.o
 .group         0x0000000000000000        0xc src/firmware.o
 .group         0x0000000000000000        0xc src/firmware.o
 .group         0x0000000000000000        0xc src/firmware.o
 .group         0x0000000000000000        0xc src/firmware.o
 .group         0x0000000000000000        0xc src/firmware.o
 .group         0x0000000000000000        0xc src/firmware.o
 .group         0x0000000000000000        0xc src/firmware.o
 .group         0x0000000000000000        0xc src/firmware.o
 .text          0x0000000000000000        0x0 src/firmware.o
 .data          0x0000000000000000        0x0 src/firmware.o
 .bss           0x0000000000000000        0x0 src/firmware.o
 .group         0x0000000000000000        0xc src/system.o
 .group         0x0000000000000000        0xc src/system.o
[...]
Memory Configuration

Name             Origin             Length             Attributes
rom              0x0000000008000000 0x0000000000080000 xr
ram              0x0000000020000000 0x0000000000020000 xrw
*default*        0x0000000000000000 0xffffffffffffffff

Linker script and memory map

LOAD src/firmware.o
LOAD src/system.o
LOAD inc/BMP280/BMP280.o
LOAD inc/MPU6050/MPU6050.o
LOAD inc/E32/E32.o
LOAD inc/UART/uart.o
LOAD inc/UART/ring_buffer.o
LOAD ../libopencm3/lib/libopencm3_stm32f4.a
START GROUP
LOAD /usr/lib/gcc/arm-none-eabi/10.3.1/../../../arm-none-eabi/lib/thumb/v7e-m+fp/hard/libc.a
LOAD /usr/lib/gcc/arm-none-eabi/10.3.1/thumb/v7e-m+fp/hard/libgcc.a
LOAD /usr/lib/gcc/arm-none-eabi/10.3.1/../../../arm-none-eabi/lib/thumb/v7e-m+fp/hard/libnosys.a
END GROUP
START GROUP
LOAD /usr/lib/gcc/arm-none-eabi/10.3.1/thumb/v7e-m+fp/hard/libgcc.a
LOAD /usr/lib/gcc/arm-none-eabi/10.3.1/../../../arm-none-eabi/lib/thumb/v7e-m+fp/hard/libg.a
LOAD /usr/lib/gcc/arm-none-eabi/10.3.1/../../../arm-none-eabi/lib/thumb/v7e-m+fp/hard/libc.a
END GROUP

.text           0x0000000008000000     0x2510
 *(.bootloader_section)
 *(.vectors)
 .vectors       0x0000000008000000      0x1ac ../libopencm3/lib/libopencm3_stm32f4.a(vector.o)
                0x0000000008000000                vector_table
                0x00000000080001b0                . = ALIGN (0x10)
 *fill*         0x00000000080001ac        0x4 
 *(.firmware_info)
 *(.firmware_signature)
 *(.text*)
 .text.startup.main
                0x00000000080001b0      0x1a4 src/firmware.o
                0x00000000080001b0                main
 .text.exti15_10_isr
                0x0000000008000354       0x88 src/firmware.o
                0x0000000008000354                exti15_10_isr
 .text.sys_tick_handler
                0x00000000080003dc       0x10 src/system.o
                0x00000000080003dc                sys_tick_handler
 .text.system_delay
                0x00000000080003ec       0x14 src/system.o
                0x00000000080003ec                system_delay
 .text.rcc_setup
                0x0000000008000400        0xc src/system.o
                0x0000000008000400                rcc_setup
 .text.gpio_setup
                0x000000000800040c       0x94 src/system.o
                0x000000000800040c                gpio_setup
 .text.systick_setup
                0x00000000080004a0       0x1c src/system.o
                0x00000000080004a0                systick_setup
 *fill*         0x00000000080004bc        0x4 
 .text.BMP_i2c_setup
                0x00000000080004c0       0x7c inc/BMP280/BMP280.o
                0x00000000080004c0                BMP_i2c_setup
 .text.BMP_checkID
                0x000000000800053c       0x34 inc/BMP280/BMP280.o
                0x000000000800053c                BMP_checkID
 .text.BMP_read_calibration
                0x0000000008000570       0x84 inc/BMP280/BMP280.o
                0x0000000008000570                BMP_read_calibration
 .text.BMP_init
                0x00000000080005f4       0x7c inc/BMP280/BMP280.o
                0x00000000080005f4                BMP_init
 .text.BMP_get_raw_pressure
                0x0000000008000670       0x40 inc/BMP280/BMP280.o
                0x0000000008000670                BMP_get_raw_pressure
 .text.BMP_get_pressure
                0x00000000080006b0      0x17c inc/BMP280/BMP280.o
                0x00000000080006b0                BMP_get_pressure
 .text.BMP_get_raw_temperature
                0x000000000800082c       0x40 inc/BMP280/BMP280.o
                0x000000000800082c                BMP_get_raw_temperature
 .text.BMP_get_temperature
                0x000000000800086c       0x58 inc/BMP280/BMP280.o
                0x000000000800086c                BMP_get_temperature
 *fill*         0x00000000080008c4        0x4 
 .text.MPU_i2c_setup
                0x00000000080008c8       0xbc inc/MPU6050/MPU6050.o
                0x00000000080008c8                MPU_i2c_setup
 .text.MPU_check_addr
                0x0000000008000984       0x34 inc/MPU6050/MPU6050.o
                0x0000000008000984                MPU_check_addr
 .text.MPU_init
                0x00000000080009b8       0x64 inc/MPU6050/MPU6050.o
                0x00000000080009b8                MPU_init
 .text.MPU_get_raw_data
                0x0000000008000a1c       0x5c inc/MPU6050/MPU6050.o
                0x0000000008000a1c                MPU_get_raw_data
 .text.MPU_get_data
                0x0000000008000a78       0x98 inc/MPU6050/MPU6050.o
                0x0000000008000a78                MPU_get_data
 .text.compare_configuration
                0x0000000008000b10       0x4e inc/E32/E32.o
                0x0000000008000b10                compare_configuration
 *fill*         0x0000000008000b5e        0x2 
 .text.E32_set_mode
                0x0000000008000b60       0x24 inc/E32/E32.o
                0x0000000008000b60                E32_set_mode
 .text.E32_init
                0x0000000008000b84       0x10 inc/E32/E32.o
                0x0000000008000b84                E32_init
 .text.E32_configure
                0x0000000008000b94       0x84 inc/E32/E32.o
                0x0000000008000b94                E32_configure
 .text.E32_enable_irq
                0x0000000008000c18       0x34 inc/E32/E32.o
                0x0000000008000c18                E32_enable_irq
 .text.E32_uart_setup
                0x0000000008000c4c       0x6c inc/UART/uart.o
                0x0000000008000c4c                E32_uart_setup
 .text.E32_uart_change_baud
                0x0000000008000cb8       0x24 inc/UART/uart.o
                0x0000000008000cb8                E32_uart_change_baud
 .text.uart5_isr
                0x0000000008000cdc       0x34 inc/UART/uart.o
                0x0000000008000cdc                uart5_isr
 .text.E32_uart_write_byte
                0x0000000008000d10        0xc inc/UART/uart.o
                0x0000000008000d10                E32_uart_write_byte
 .text.E32_uart_write
                0x0000000008000d1c       0x16 inc/UART/uart.o
                0x0000000008000d1c                E32_uart_write
 *fill*         0x0000000008000d32        0x2 
 .text.E32_uart_read
                0x0000000008000d34       0x28 inc/UART/uart.o
                0x0000000008000d34                E32_uart_read
 .text.E32_uart_data_available
                0x0000000008000d5c       0x14 inc/UART/uart.o
                0x0000000008000d5c                E32_uart_data_available
 .text.ring_buffer_setup
                0x0000000008000d70        0xe inc/UART/ring_buffer.o
                0x0000000008000d70                ring_buffer_setup
 .text.ring_buffer_empty
                0x0000000008000d7e        0xc inc/UART/ring_buffer.o
                0x0000000008000d7e                ring_buffer_empty
 .text.ring_buffer_read
                0x0000000008000d8a       0x1e inc/UART/ring_buffer.o
                0x0000000008000d8a                ring_buffer_read
 .text.ring_buffer_write
                0x0000000008000da8       0x1e inc/UART/ring_buffer.o
                0x0000000008000da8                ring_buffer_write
 *fill*         0x0000000008000dc6        0x2 
 .text.exti_set_trigger
                0x0000000008000dc8       0x48 ../libopencm3/lib/libopencm3_stm32f4.a(exti_common_all.o)
                0x0000000008000dc8                exti_set_trigger
 .text.exti_enable_request
                0x0000000008000e10       0x1c ../libopencm3/lib/libopencm3_stm32f4.a(exti_common_all.o)
                0x0000000008000e10                exti_enable_request
 .text.exti_reset_request
                0x0000000008000e2c        0xc ../libopencm3/lib/libopencm3_stm32f4.a(exti_common_all.o)
                0x0000000008000e2c                exti_reset_request
 .text.exti_get_flag_status
                0x0000000008000e38       0x10 ../libopencm3/lib/libopencm3_stm32f4.a(exti_common_all.o)
                0x0000000008000e38                exti_get_flag_status
 .text.exti_select_source
                0x0000000008000e48       0xdc ../libopencm3/lib/libopencm3_stm32f4.a(exti_common_all.o)
                0x0000000008000e48                exti_select_source
 .text.gpio_set
                0x0000000008000f24        0x4 ../libopencm3/lib/libopencm3_stm32f4.a(gpio_common_all.o)
                0x0000000008000f24                gpio_set
 .text.gpio_clear
                0x0000000008000f28        0x6 ../libopencm3/lib/libopencm3_stm32f4.a(gpio_common_all.o)
                0x0000000008000f28                gpio_clear
 .text.gpio_toggle
                0x0000000008000f2e       0x12 ../libopencm3/lib/libopencm3_stm32f4.a(gpio_common_all.o)
                0x0000000008000f2e                gpio_toggle
 .text.gpio_mode_setup
                0x0000000008000f40       0x40 ../libopencm3/lib/libopencm3_stm32f4.a(gpio_common_f0234.o)
                0x0000000008000f40                gpio_mode_setup
 .text.gpio_set_output_options
                0x0000000008000f80       0x36 ../libopencm3/lib/libopencm3_stm32f4.a(gpio_common_f0234.o)
                0x0000000008000f80                gpio_set_output_options
 .text.gpio_set_af
                0x0000000008000fb6       0x58 ../libopencm3/lib/libopencm3_stm32f4.a(gpio_common_f0234.o)
                0x0000000008000fb6                gpio_set_af
 .text.i2c_peripheral_enable
                0x000000000800100e        0xa ../libopencm3/lib/libopencm3_stm32f4.a(i2c_common_v1.o)
                0x000000000800100e                i2c_peripheral_enable
 .text.i2c_peripheral_disable
                0x0000000008001018        0xa ../libopencm3/lib/libopencm3_stm32f4.a(i2c_common_v1.o)
                0x0000000008001018                i2c_peripheral_disable
 .text.i2c_send_start
                0x0000000008001022        0xa ../libopencm3/lib/libopencm3_stm32f4.a(i2c_common_v1.o)
                0x0000000008001022                i2c_send_start
 .text.i2c_send_stop
                0x000000000800102c        0xa ../libopencm3/lib/libopencm3_stm32f4.a(i2c_common_v1.o)
                0x000000000800102c                i2c_send_stop
 .text.i2c_set_clock_frequency
                0x0000000008001036        0xe ../libopencm3/lib/libopencm3_stm32f4.a(i2c_common_v1.o)
                0x0000000008001036                i2c_set_clock_frequency
 .text.i2c_set_fast_mode
                0x0000000008001044        0xa ../libopencm3/lib/libopencm3_stm32f4.a(i2c_common_v1.o)
                0x0000000008001044                i2c_set_fast_mode
 .text.i2c_set_standard_mode
                0x000000000800104e        0xa ../libopencm3/lib/libopencm3_stm32f4.a(i2c_common_v1.o)
                0x000000000800104e                i2c_set_standard_mode
 .text.i2c_set_ccr
                0x0000000008001058        0xc ../libopencm3/lib/libopencm3_stm32f4.a(i2c_common_v1.o)
                0x0000000008001058                i2c_set_ccr
 .text.i2c_enable_ack
                0x0000000008001064        0xa ../libopencm3/lib/libopencm3_stm32f4.a(i2c_common_v1.o)
                0x0000000008001064                i2c_enable_ack
 .text.i2c_disable_ack
                0x000000000800106e        0xa ../libopencm3/lib/libopencm3_stm32f4.a(i2c_common_v1.o)
                0x000000000800106e                i2c_disable_ack
 .text.i2c_transfer7
                0x0000000008001078       0xb6 ../libopencm3/lib/libopencm3_stm32f4.a(i2c_common_v1.o)
                0x0000000008001078                i2c_transfer7
 .text.i2c_set_speed
                0x000000000800112e       0x3a ../libopencm3/lib/libopencm3_stm32f4.a(i2c_common_v1.o)
                0x000000000800112e                i2c_set_speed
 .text.rcc_periph_clock_enable
                0x0000000008001168       0x1c ../libopencm3/lib/libopencm3_stm32f4.a(rcc_common_all.o)
                0x0000000008001168                rcc_periph_clock_enable
 .text.rcc_is_osc_ready
                0x0000000008001184       0x64 ../libopencm3/lib/libopencm3_stm32f4.a(rcc.o)
                0x0000000008001184                rcc_is_osc_ready
 .text.rcc_wait_for_osc_ready
                0x00000000080011e8       0x10 ../libopencm3/lib/libopencm3_stm32f4.a(rcc.o)
                0x00000000080011e8                rcc_wait_for_osc_ready
 .text.rcc_osc_on
                0x00000000080011f8       0x74 ../libopencm3/lib/libopencm3_stm32f4.a(rcc.o)
                0x00000000080011f8                rcc_osc_on
 .text.rcc_osc_off
                0x000000000800126c       0x74 ../libopencm3/lib/libopencm3_stm32f4.a(rcc.o)
                0x000000000800126c                rcc_osc_off
 .text.rcc_set_sysclk_source
                0x00000000080012e0       0x18 ../libopencm3/lib/libopencm3_stm32f4.a(rcc.o)
                0x00000000080012e0                rcc_set_sysclk_source
 .text.rcc_set_ppre2
                0x00000000080012f8       0x18 ../libopencm3/lib/libopencm3_stm32f4.a(rcc.o)
                0x00000000080012f8                rcc_set_ppre2
 .text.rcc_set_ppre1
                0x0000000008001310       0x18 ../libopencm3/lib/libopencm3_stm32f4.a(rcc.o)
                0x0000000008001310                rcc_set_ppre1
 .text.rcc_set_hpre
                0x0000000008001328       0x18 ../libopencm3/lib/libopencm3_stm32f4.a(rcc.o)
                0x0000000008001328                rcc_set_hpre
 .text.rcc_set_main_pll_hsi
                0x0000000008001340       0x44 ../libopencm3/lib/libopencm3_stm32f4.a(rcc.o)
                0x0000000008001340                rcc_set_main_pll_hsi
 .text.rcc_set_main_pll_hse
                0x0000000008001384       0x44 ../libopencm3/lib/libopencm3_stm32f4.a(rcc.o)
                0x0000000008001384                rcc_set_main_pll_hse
 .text.rcc_clock_setup_pll
                0x00000000080013c8       0xe4 ../libopencm3/lib/libopencm3_stm32f4.a(rcc.o)
                0x00000000080013c8                rcc_clock_setup_pll
 .text.rcc_get_usart_clk_freq
                0x00000000080014ac       0x20 ../libopencm3/lib/libopencm3_stm32f4.a(rcc.o)
                0x00000000080014ac                rcc_get_usart_clk_freq
 .text.usart_set_baudrate
                0x00000000080014cc       0x16 ../libopencm3/lib/libopencm3_stm32f4.a(usart_common_all.o)
                0x00000000080014cc                usart_set_baudrate
 .text.usart_set_databits
                0x00000000080014e2       0x12 ../libopencm3/lib/libopencm3_stm32f4.a(usart_common_all.o)
                0x00000000080014e2                usart_set_databits
 .text.usart_set_stopbits
                0x00000000080014f4        0xc ../libopencm3/lib/libopencm3_stm32f4.a(usart_common_all.o)
                0x00000000080014f4                usart_set_stopbits
 .text.usart_set_parity
                0x0000000008001500        0xc ../libopencm3/lib/libopencm3_stm32f4.a(usart_common_all.o)
                0x0000000008001500                usart_set_parity
 .text.usart_set_mode
                0x000000000800150c        0xc ../libopencm3/lib/libopencm3_stm32f4.a(usart_common_all.o)
                0x000000000800150c                usart_set_mode
 .text.usart_set_flow_control
                0x0000000008001518        0xc ../libopencm3/lib/libopencm3_stm32f4.a(usart_common_all.o)
                0x0000000008001518                usart_set_flow_control
 .text.usart_enable
                0x0000000008001524        0xa ../libopencm3/lib/libopencm3_stm32f4.a(usart_common_all.o)
                0x0000000008001524                usart_enable
 .text.usart_disable
                0x000000000800152e        0xa ../libopencm3/lib/libopencm3_stm32f4.a(usart_common_all.o)
                0x000000000800152e                usart_disable
 .text.usart_send_blocking
                0x0000000008001538       0x18 ../libopencm3/lib/libopencm3_stm32f4.a(usart_common_all.o)
                0x0000000008001538                usart_send_blocking
 .text.usart_enable_rx_interrupt
                0x0000000008001550        0xa ../libopencm3/lib/libopencm3_stm32f4.a(usart_common_all.o)
                0x0000000008001550                usart_enable_rx_interrupt
 .text.usart_send
                0x000000000800155a        0x8 ../libopencm3/lib/libopencm3_stm32f4.a(usart_common_f124.o)
                0x000000000800155a                usart_send
 .text.usart_recv
                0x0000000008001562        0x8 ../libopencm3/lib/libopencm3_stm32f4.a(usart_common_f124.o)
                0x0000000008001562                usart_recv
 .text.usart_wait_send_ready
                0x000000000800156a        0x8 ../libopencm3/lib/libopencm3_stm32f4.a(usart_common_f124.o)
                0x000000000800156a                usart_wait_send_ready
 .text.usart_get_flag
                0x0000000008001572        0xc ../libopencm3/lib/libopencm3_stm32f4.a(usart_common_f124.o)
                0x0000000008001572                usart_get_flag
 .text.blocking_handler
                0x000000000800157e        0x2 ../libopencm3/lib/libopencm3_stm32f4.a(vector.o)
                0x000000000800157e                dma2_stream1_isr
                0x000000000800157e                tim8_brk_tim12_isr
                0x000000000800157e                dma1_stream7_isr
                0x000000000800157e                usart3_isr
                0x000000000800157e                tim7_isr
                0x000000000800157e                dma2d_isr
                0x000000000800157e                uart8_isr
                0x000000000800157e                dma1_stream2_isr
                0x000000000800157e                otg_hs_isr
                0x000000000800157e                blocking_handler
                0x000000000800157e                tim5_isr
                0x000000000800157e                rtc_wkup_isr
                0x000000000800157e                otg_fs_isr
                0x000000000800157e                spi1_isr
                0x000000000800157e                i2c3_er_isr
                0x000000000800157e                exti2_isr
                0x000000000800157e                spi5_isr
                0x000000000800157e                usb_fs_wkup_isr
                0x000000000800157e                tamp_stamp_isr
                0x000000000800157e                can1_rx1_isr
                0x000000000800157e                dma2_stream0_isr
                0x000000000800157e                usart1_isr
                0x000000000800157e                i2c3_ev_isr
                0x000000000800157e                usage_fault_handler
                0x000000000800157e                can2_rx0_isr
                0x000000000800157e                dma1_stream6_isr
                0x000000000800157e                can2_rx1_isr
                0x000000000800157e                can1_sce_isr
                0x000000000800157e                tim1_cc_isr
                0x000000000800157e                can1_tx_isr
                0x000000000800157e                tim1_up_tim10_isr
                0x000000000800157e                sdio_isr
                0x000000000800157e                eth_isr
                0x000000000800157e                spi6_isr
                0x000000000800157e                dma2_stream5_isr
                0x000000000800157e                pvd_isr
                0x000000000800157e                can1_rx0_isr
                0x000000000800157e                rcc_isr
                0x000000000800157e                dma2_stream3_isr
                0x000000000800157e                flash_isr
                0x000000000800157e                uart4_isr
                0x000000000800157e                lcd_tft_isr
                0x000000000800157e                rtc_alarm_isr
                0x000000000800157e                hash_rng_isr
                0x000000000800157e                tim1_trg_com_tim11_isr
                0x000000000800157e                hard_fault_handler
                0x000000000800157e                exti1_isr
                0x000000000800157e                i2c1_ev_isr
                0x000000000800157e                usart6_isr
                0x000000000800157e                spi2_isr
                0x000000000800157e                cryp_isr
                0x000000000800157e                nvic_wwdg_isr
                0x000000000800157e                dma1_stream1_isr
                0x000000000800157e                dma2_stream4_isr
                0x000000000800157e                exti3_isr
                0x000000000800157e                tim3_isr
                0x000000000800157e                usart2_isr
                0x000000000800157e                sai1_isr
                0x000000000800157e                fpu_isr
                0x000000000800157e                dma1_stream4_isr
                0x000000000800157e                i2c2_er_isr
                0x000000000800157e                i2c2_ev_isr
                0x000000000800157e                dma2_stream6_isr
                0x000000000800157e                spi4_isr
                0x000000000800157e                adc_isr
                0x000000000800157e                dma2_stream7_isr
                0x000000000800157e                tim8_up_tim13_isr
                0x000000000800157e                fsmc_isr
                0x000000000800157e                exti4_isr
                0x000000000800157e                tim6_dac_isr
                0x000000000800157e                dma1_stream3_isr
                0x000000000800157e                tim8_trg_com_tim14_isr
                0x000000000800157e                mem_manage_handler
                0x000000000800157e                lcd_tft_err_isr
                0x000000000800157e                can2_tx_isr
                0x000000000800157e                exti9_5_isr
                0x000000000800157e                tim1_brk_tim9_isr
                0x000000000800157e                uart7_isr
                0x000000000800157e                can2_sce_isr
                0x000000000800157e                tim4_isr
                0x000000000800157e                otg_hs_wkup_isr
                0x000000000800157e                i2c1_er_isr
                0x000000000800157e                dma1_stream0_isr
                0x000000000800157e                tim8_cc_isr
                0x000000000800157e                dcmi_isr
                0x000000000800157e                dma2_stream2_isr
                0x000000000800157e                eth_wkup_isr
                0x000000000800157e                bus_fault_handler
                0x000000000800157e                otg_hs_ep1_out_isr
                0x000000000800157e                spi3_isr
                0x000000000800157e                dma1_stream5_isr
                0x000000000800157e                otg_hs_ep1_in_isr
                0x000000000800157e                tim2_isr
                0x000000000800157e                exti0_isr
 .text.null_handler
                0x0000000008001580        0x2 ../libopencm3/lib/libopencm3_stm32f4.a(vector.o)
                0x0000000008001580                null_handler
                0x0000000008001580                sv_call_handler
                0x0000000008001580                pend_sv_handler
                0x0000000008001580                debug_monitor_handler
                0x0000000008001580                nmi_handler
 *fill*         0x0000000008001582        0x2 
 .text.reset_handler
                0x0000000008001584       0xa0 ../libopencm3/lib/libopencm3_stm32f4.a(vector.o)
                0x0000000008001584                reset_handler
 .text.systick_set_clocksource
                0x0000000008001624       0x14 ../libopencm3/lib/libopencm3_stm32f4.a(systick.o)
                0x0000000008001624                systick_set_clocksource
 .text.systick_set_frequency
                0x0000000008001638       0x38 ../libopencm3/lib/libopencm3_stm32f4.a(systick.o)
                0x0000000008001638                systick_set_frequency
 .text.systick_interrupt_enable
                0x0000000008001670        0xe ../libopencm3/lib/libopencm3_stm32f4.a(systick.o)
                0x0000000008001670                systick_interrupt_enable
 .text.systick_counter_enable
                0x000000000800167e        0xe ../libopencm3/lib/libopencm3_stm32f4.a(systick.o)
                0x000000000800167e                systick_counter_enable
 .text.nvic_enable_irq
                0x000000000800168c       0x1c ../libopencm3/lib/libopencm3_stm32f4.a(nvic.o)
                0x000000000800168c                nvic_enable_irq
 .text.flash_set_ws
                0x00000000080016a8       0x18 ../libopencm3/lib/libopencm3_stm32f4.a(flash_common_all.o)
                0x00000000080016a8                flash_set_ws
 .text.flash_dcache_enable
                0x00000000080016c0       0x14 ../libopencm3/lib/libopencm3_stm32f4.a(flash_common_idcache.o)
                0x00000000080016c0                flash_dcache_enable
 .text.flash_dcache_disable
                0x00000000080016d4       0x14 ../libopencm3/lib/libopencm3_stm32f4.a(flash_common_idcache.o)
                0x00000000080016d4                flash_dcache_disable
 .text.flash_icache_enable
                0x00000000080016e8       0x14 ../libopencm3/lib/libopencm3_stm32f4.a(flash_common_idcache.o)
                0x00000000080016e8                flash_icache_enable
 .text.flash_icache_disable
                0x00000000080016fc       0x14 ../libopencm3/lib/libopencm3_stm32f4.a(flash_common_idcache.o)
                0x00000000080016fc                flash_icache_disable
 .text.pwr_set_vos_scale
                0x0000000008001710       0x18 ../libopencm3/lib/libopencm3_stm32f4.a(pwr.o)
                0x0000000008001710                pwr_set_vos_scale
 .text          0x0000000008001728      0x378 /usr/lib/gcc/arm-none-eabi/10.3.1/thumb/v7e-m+fp/hard/libgcc.a(_arm_addsubdf3.o)
                0x0000000008001728                __aeabi_drsub
                0x0000000008001730                __aeabi_dsub
                0x0000000008001730                __subdf3
                0x0000000008001734                __adddf3
                0x0000000008001734                __aeabi_dadd
                0x00000000080019ac                __aeabi_ui2d
                0x00000000080019ac                __floatunsidf
                0x00000000080019cc                __floatsidf
                0x00000000080019cc                __aeabi_i2d
                0x00000000080019f0                __extendsfdf2
                0x00000000080019f0                __aeabi_f2d
                0x0000000008001a34                __aeabi_ul2d
                0x0000000008001a34                __floatundidf
                0x0000000008001a44                __floatdidf
                0x0000000008001a44                __aeabi_l2d
 .text          0x0000000008001aa0      0x424 /usr/lib/gcc/arm-none-eabi/10.3.1/thumb/v7e-m+fp/hard/libgcc.a(_arm_muldivdf3.o)
                0x0000000008001aa0                __aeabi_dmul
                0x0000000008001aa0                __muldf3
                0x0000000008001cf4                __aeabi_ddiv
                0x0000000008001cf4                __divdf3
 .text          0x0000000008001ec4       0x40 /usr/lib/gcc/arm-none-eabi/10.3.1/thumb/v7e-m+fp/hard/libgcc.a(_arm_fixunsdfsi.o)
                0x0000000008001ec4                __fixunsdfsi
                0x0000000008001ec4                __aeabi_d2uiz
 .text          0x0000000008001f04      0x21c /usr/lib/gcc/arm-none-eabi/10.3.1/thumb/v7e-m+fp/hard/libgcc.a(_arm_addsubsf3.o)
                0x0000000008001f04                __aeabi_frsub
                0x0000000008001f0c                __subsf3
                0x0000000008001f0c                __aeabi_fsub
                0x0000000008001f10                __aeabi_fadd
                0x0000000008001f10                __addsf3
                0x0000000008002070                __aeabi_ui2f
                0x0000000008002070                __floatunsisf
                0x0000000008002078                __aeabi_i2f
                0x0000000008002078                __floatsisf
                0x0000000008002094                __floatundisf
                0x0000000008002094                __aeabi_ul2f
                0x00000000080020a4                __floatdisf
                0x00000000080020a4                __aeabi_l2f
 .text          0x0000000008002120       0xa0 /usr/lib/gcc/arm-none-eabi/10.3.1/thumb/v7e-m+fp/hard/libgcc.a(_aeabi_ldivmod.o)
                0x0000000008002120                __aeabi_ldivmod
 .text          0x00000000080021c0      0x2d0 /usr/lib/gcc/arm-none-eabi/10.3.1/thumb/v7e-m+fp/hard/libgcc.a(_udivmoddi4.o)
                0x00000000080021c0                __udivmoddi4
 .text          0x0000000008002490        0x4 /usr/lib/gcc/arm-none-eabi/10.3.1/thumb/v7e-m+fp/hard/libgcc.a(_dvmd_tls.o)
                0x0000000008002490                __aeabi_ldiv0
                0x0000000008002490                __aeabi_idiv0
                0x0000000008002494                . = ALIGN (0x4)
 *(.rodata*)
 .rodata.E32_configure.str1.1
                0x0000000008002494        0x4 inc/E32/E32.o
 .rodata        0x0000000008002498        0x6 inc/E32/E32.o
 *fill*         0x000000000800249e        0x2 
 .rodata.rcc_hse_8mhz_3v3
                0x00000000080024a0       0x70 ../libopencm3/lib/libopencm3_stm32f4.a(rcc.o)
                0x00000000080024a0                rcc_hse_8mhz_3v3
                0x0000000008002510                . = ALIGN (0x4)

.glue_7         0x0000000008002510        0x0
 .glue_7        0x0000000008002510        0x0 linker stubs

.glue_7t        0x0000000008002510        0x0
 .glue_7t       0x0000000008002510        0x0 linker stubs

.vfp11_veneer   0x0000000008002510        0x0
 .vfp11_veneer  0x0000000008002510        0x0 linker stubs

.v4_bx          0x0000000008002510        0x0
 .v4_bx         0x0000000008002510        0x0 linker stubs

.iplt           0x0000000008002510        0x0
 .iplt          0x0000000008002510        0x0 src/firmware.o

.preinit_array  0x0000000008002510        0x0
                0x0000000008002510                . = ALIGN (0x4)
                0x0000000008002510                __preinit_array_start = .
 *(.preinit_array)
                0x0000000008002510                __preinit_array_end = .

.init_array     0x0000000008002510        0x0
                0x0000000008002510                . = ALIGN (0x4)
                0x0000000008002510                __init_array_start = .
 *(SORT_BY_NAME(.init_array.*))
 *(.init_array)
                0x0000000008002510                __init_array_end = .

.fini_array     0x0000000008002510        0x0
                0x0000000008002510                . = ALIGN (0x4)
                0x0000000008002510                __fini_array_start = .
 *(.fini_array)
 *(SORT_BY_NAME(.fini_array.*))
                0x0000000008002510                __fini_array_end = .

.ARM.extab
 *(.ARM.extab*)

.ARM.exidx      0x0000000008002510        0x8
                0x0000000008002510                __exidx_start = .
 *(.ARM.exidx*)
 .ARM.exidx     0x0000000008002510        0x8 /usr/lib/gcc/arm-none-eabi/10.3.1/thumb/v7e-m+fp/hard/libgcc.a(_udivmoddi4.o)
                0x0000000008002518                __exidx_end = .

.rel.dyn        0x0000000008002518        0x0
 .rel.iplt      0x0000000008002518        0x0 src/firmware.o
                0x0000000008002518                . = ALIGN (0x4)
                0x0000000008002518                _etext = .

.noinit
 *(.noinit*)
                0x0000000008002518                . = ALIGN (0x4)

.data           0x0000000020000000        0xc load address 0x0000000008002518
                0x0000000020000000                _data = .
 *(.data*)
 .data.rcc_ahb_frequency
                0x0000000020000000        0x4 ../libopencm3/lib/libopencm3_stm32f4.a(rcc.o)
                0x0000000020000000                rcc_ahb_frequency
 .data.rcc_apb1_frequency
                0x0000000020000004        0x4 ../libopencm3/lib/libopencm3_stm32f4.a(rcc.o)
                0x0000000020000004                rcc_apb1_frequency
 .data.rcc_apb2_frequency
                0x0000000020000008        0x4 ../libopencm3/lib/libopencm3_stm32f4.a(rcc.o)
                0x0000000020000008                rcc_apb2_frequency
 *(.ramtext*)
                0x000000002000000c                . = ALIGN (0x4)
                0x000000002000000c                _edata = .
                0x0000000008002518                _data_loadaddr = LOADADDR (.data)

.igot.plt       0x000000002000000c        0x0 load address 0x0000000008002524
 .igot.plt      0x000000002000000c        0x0 src/firmware.o

.bss            0x000000002000000c       0xe8 load address 0x0000000008002524
 *(.bss*)
 .bss.imu_data  0x000000002000000c       0x18 src/firmware.o
                0x000000002000000c                imu_data
 .bss.u_a_x     0x0000000020000024        0x4 src/firmware.o
                0x0000000020000024                u_a_x
 .bss.u_a_y     0x0000000020000028        0x4 src/firmware.o
                0x0000000020000028                u_a_y
 .bss.u_a_z     0x000000002000002c        0x4 src/firmware.o
                0x000000002000002c                u_a_z
 .bss.u_pres    0x0000000020000030        0x4 src/firmware.o
                0x0000000020000030                u_pres
 .bss.u_temp    0x0000000020000034        0x4 src/firmware.o
                0x0000000020000034                u_temp
 .bss.u_w_x     0x0000000020000038        0x4 src/firmware.o
                0x0000000020000038                u_w_x
 .bss.u_w_y     0x000000002000003c        0x4 src/firmware.o
                0x000000002000003c                u_w_y
 .bss.u_w_z     0x0000000020000040        0x4 src/firmware.o
                0x0000000020000040                u_w_z
 .bss.ticks     0x0000000020000044        0x4 src/system.o
                0x0000000020000044                ticks
 .bss.calibration
                0x0000000020000048       0x18 inc/BMP280/BMP280.o
                0x0000000020000048                calibration
 .bss.fine_temp
                0x0000000020000060        0x4 inc/BMP280/BMP280.o
                0x0000000020000060                fine_temp
 .bss.buffer    0x0000000020000064       0x80 inc/UART/uart.o
 .bss.rb        0x00000000200000e4       0x10 inc/UART/uart.o
 *(COMMON)
                0x00000000200000f4                . = ALIGN (0x4)
                0x00000000200000f4                _ebss = .

/DISCARD/
 *(.eh_frame)
                0x00000000200000f4                . = ALIGN (0x4)
                0x00000000200000f4                end = .
                0x0000000020020000                PROVIDE (_stack = (ORIGIN (ram) + LENGTH (ram)))
OUTPUT(firmware.elf elf32-littlearm)
LOAD linker stubs

.debug_info     0x0000000000000000     0x81e9
 .debug_info    0x0000000000000000      0x750 src/firmware.o
 .debug_info    0x0000000000000750      0x90f src/system.o
 .debug_info    0x000000000000105f      0xbf9 inc/BMP280/BMP280.o
 .debug_info    0x0000000000001c58      0xa62 inc/MPU6050/MPU6050.o
 .debug_info    0x00000000000026ba      0x9d7 inc/E32/E32.o
 .debug_info    0x0000000000003091      0xa70 inc/UART/uart.o
 .debug_info    0x0000000000003b01      0x22d inc/UART/ring_buffer.o
 .debug_info    0x0000000000003d2e      0x229 ../libopencm3/lib/libopencm3_stm32f4.a(exti_common_all.o)
 .debug_info    0x0000000000003f57      0x24e ../libopencm3/lib/libopencm3_stm32f4.a(gpio_common_all.o)
 .debug_info    0x00000000000041a5      0x20f ../libopencm3/lib/libopencm3_stm32f4.a(gpio_common_f0234.o)
 .debug_info    0x00000000000043b4      0xa80 ../libopencm3/lib/libopencm3_stm32f4.a(i2c_common_v1.o)
 .debug_info    0x0000000000004e34      0x950 ../libopencm3/lib/libopencm3_stm32f4.a(rcc_common_all.o)
 .debug_info    0x0000000000005784     0x1027 ../libopencm3/lib/libopencm3_stm32f4.a(rcc.o)
 .debug_info    0x00000000000067ab      0x68e ../libopencm3/lib/libopencm3_stm32f4.a(usart_common_all.o)
 .debug_info    0x0000000000006e39      0x186 ../libopencm3/lib/libopencm3_stm32f4.a(usart_common_f124.o)
 .debug_info    0x0000000000006fbf      0x2e6 ../libopencm3/lib/libopencm3_stm32f4.a(vector.o)
 .debug_info    0x00000000000072a5      0x268 ../libopencm3/lib/libopencm3_stm32f4.a(systick.o)
 .debug_info    0x000000000000750d      0x22d ../libopencm3/lib/libopencm3_stm32f4.a(nvic.o)
 .debug_info    0x000000000000773a       0xf0 ../libopencm3/lib/libopencm3_stm32f4.a(flash_common_all.o)
 .debug_info    0x000000000000782a       0xe8 ../libopencm3/lib/libopencm3_stm32f4.a(flash_common_idcache.o)
 .debug_info    0x0000000000007912       0xdc ../libopencm3/lib/libopencm3_stm32f4.a(pwr.o)
 .debug_info    0x00000000000079ee       0x26 /usr/lib/gcc/arm-none-eabi/10.3.1/thumb/v7e-m+fp/hard/libgcc.a(_arm_addsubdf3.o)
 .debug_info    0x0000000000007a14       0x26 /usr/lib/gcc/arm-none-eabi/10.3.1/thumb/v7e-m+fp/hard/libgcc.a(_arm_muldivdf3.o)
 .debug_info    0x0000000000007a3a       0x26 /usr/lib/gcc/arm-none-eabi/10.3.1/thumb/v7e-m+fp/hard/libgcc.a(_arm_fixunsdfsi.o)
 .debug_info    0x0000000000007a60       0x26 /usr/lib/gcc/arm-none-eabi/10.3.1/thumb/v7e-m+fp/hard/libgcc.a(_arm_addsubsf3.o)
 .debug_info    0x0000000000007a86       0x26 /usr/lib/gcc/arm-none-eabi/10.3.1/thumb/v7e-m+fp/hard/libgcc.a(_aeabi_ldivmod.o)
 .debug_info    0x0000000000007aac      0x717 /usr/lib/gcc/arm-none-eabi/10.3.1/thumb/v7e-m+fp/hard/libgcc.a(_udivmoddi4.o)
 .debug_info    0x00000000000081c3       0x26 /usr/lib/gcc/arm-none-eabi/10.3.1/thumb/v7e-m+fp/hard/libgcc.a(_dvmd_tls.o)

.debug_abbrev   0x0000000000000000     0x1eef
 .debug_abbrev  0x0000000000000000      0x171 src/firmware.o
 .debug_abbrev  0x0000000000000171      0x1f7 src/system.o
 .debug_abbrev  0x0000000000000368      0x1a6 inc/BMP280/BMP280.o
 .debug_abbrev  0x000000000000050e      0x184 inc/MPU6050/MPU6050.o
 .debug_abbrev  0x0000000000000692      0x250 inc/E32/E32.o
 .debug_abbrev  0x00000000000008e2      0x231 inc/UART/uart.o
 .debug_abbrev  0x0000000000000b13      0x10c inc/UART/ring_buffer.o
 .debug_abbrev  0x0000000000000c1f      0x102 ../libopencm3/lib/libopencm3_stm32f4.a(exti_common_all.o)
 .debug_abbrev  0x0000000000000d21      0x116 ../libopencm3/lib/libopencm3_stm32f4.a(gpio_common_all.o)
 .debug_abbrev  0x0000000000000e37       0xbf ../libopencm3/lib/libopencm3_stm32f4.a(gpio_common_f0234.o)
 .debug_abbrev  0x0000000000000ef6      0x2da ../libopencm3/lib/libopencm3_stm32f4.a(i2c_common_v1.o)
 .debug_abbrev  0x00000000000011d0      0x177 ../libopencm3/lib/libopencm3_stm32f4.a(rcc_common_all.o)
 .debug_abbrev  0x0000000000001347      0x2ba ../libopencm3/lib/libopencm3_stm32f4.a(rcc.o)
 .debug_abbrev  0x0000000000001601      0x16d ../libopencm3/lib/libopencm3_stm32f4.a(usart_common_all.o)
 .debug_abbrev  0x000000000000176e       0xb5 ../libopencm3/lib/libopencm3_stm32f4.a(usart_common_f124.o)
 .debug_abbrev  0x0000000000001823      0x15b ../libopencm3/lib/libopencm3_stm32f4.a(vector.o)
 .debug_abbrev  0x000000000000197e      0x155 ../libopencm3/lib/libopencm3_stm32f4.a(systick.o)
 .debug_abbrev  0x0000000000001ad3       0xb5 ../libopencm3/lib/libopencm3_stm32f4.a(nvic.o)
 .debug_abbrev  0x0000000000001b88       0x9a ../libopencm3/lib/libopencm3_stm32f4.a(flash_common_all.o)
 .debug_abbrev  0x0000000000001c22       0x56 ../libopencm3/lib/libopencm3_stm32f4.a(flash_common_idcache.o)
 .debug_abbrev  0x0000000000001c78       0x9c ../libopencm3/lib/libopencm3_stm32f4.a(pwr.o)
 .debug_abbrev  0x0000000000001d14       0x14 /usr/lib/gcc/arm-none-eabi/10.3.1/thumb/v7e-m+fp/hard/libgcc.a(_arm_addsubdf3.o)
 .debug_abbrev  0x0000000000001d28       0x14 /usr/lib/gcc/arm-none-eabi/10.3.1/thumb/v7e-m+fp/hard/libgcc.a(_arm_muldivdf3.o)
 .debug_abbrev  0x0000000000001d3c       0x14 /usr/lib/gcc/arm-none-eabi/10.3.1/thumb/v7e-m+fp/hard/libgcc.a(_arm_fixunsdfsi.o)
 .debug_abbrev  0x0000000000001d50       0x14 /usr/lib/gcc/arm-none-eabi/10.3.1/thumb/v7e-m+fp/hard/libgcc.a(_arm_addsubsf3.o)
 .debug_abbrev  0x0000000000001d64       0x14 /usr/lib/gcc/arm-none-eabi/10.3.1/thumb/v7e-m+fp/hard/libgcc.a(_aeabi_ldivmod.o)
 .debug_abbrev  0x0000000000001d78      0x163 /usr/lib/gcc/arm-none-eabi/10.3.1/thumb/v7e-m+fp/hard/libgcc.a(_udivmoddi4.o)
 .debug_abbrev  0x0000000000001edb       0x14 /usr/lib/gcc/arm-none-eabi/10.3.1/thumb/v7e-m+fp/hard/libgcc.a(_dvmd_tls.o)

.debug_loc      0x0000000000000000     0x385f
 .debug_loc     0x0000000000000000       0x55 src/firmware.o
 .debug_loc     0x0000000000000055       0x3a src/system.o
 .debug_loc     0x000000000000008f      0x893 inc/BMP280/BMP280.o
 .debug_loc     0x0000000000000922      0x1ca inc/MPU6050/MPU6050.o
 .debug_loc     0x0000000000000aec       0xd3 inc/E32/E32.o
 .debug_loc     0x0000000000000bbf      0x1c7 inc/UART/uart.o
 .debug_loc     0x0000000000000d86      0x117 inc/UART/ring_buffer.o
 .debug_loc     0x0000000000000e9d      0x169 ../libopencm3/lib/libopencm3_stm32f4.a(exti_common_all.o)
 .debug_loc     0x0000000000001006       0xbe ../libopencm3/lib/libopencm3_stm32f4.a(gpio_common_all.o)
 .debug_loc     0x00000000000010c4      0x14f ../libopencm3/lib/libopencm3_stm32f4.a(gpio_common_f0234.o)
 .debug_loc     0x0000000000001213      0x4bc ../libopencm3/lib/libopencm3_stm32f4.a(i2c_common_v1.o)
 .debug_loc     0x00000000000016cf      0x120 ../libopencm3/lib/libopencm3_stm32f4.a(rcc_common_all.o)
 .debug_loc     0x00000000000017ef      0x867 ../libopencm3/lib/libopencm3_stm32f4.a(rcc.o)
 .debug_loc     0x0000000000002056      0x2cc ../libopencm3/lib/libopencm3_stm32f4.a(usart_common_all.o)
 .debug_loc     0x0000000000002322       0x99 ../libopencm3/lib/libopencm3_stm32f4.a(usart_common_f124.o)
 .debug_loc     0x00000000000023bb      0x128 ../libopencm3/lib/libopencm3_stm32f4.a(vector.o)
 .debug_loc     0x00000000000024e3      0x192 ../libopencm3/lib/libopencm3_stm32f4.a(systick.o)
 .debug_loc     0x0000000000002675      0x14d ../libopencm3/lib/libopencm3_stm32f4.a(nvic.o)
 .debug_loc     0x00000000000027c2       0x47 ../libopencm3/lib/libopencm3_stm32f4.a(flash_common_all.o)
 .debug_loc     0x0000000000002809       0x47 ../libopencm3/lib/libopencm3_stm32f4.a(pwr.o)
 .debug_loc     0x0000000000002850     0x100f /usr/lib/gcc/arm-none-eabi/10.3.1/thumb/v7e-m+fp/hard/libgcc.a(_udivmoddi4.o)

.debug_aranges  0x0000000000000000      0x8d8
 .debug_aranges
                0x0000000000000000       0x28 src/firmware.o
 .debug_aranges
                0x0000000000000028       0x48 src/system.o
 .debug_aranges
                0x0000000000000070       0x58 inc/BMP280/BMP280.o
 .debug_aranges
                0x00000000000000c8       0x40 inc/MPU6050/MPU6050.o
 .debug_aranges
                0x0000000000000108       0x40 inc/E32/E32.o
 .debug_aranges
                0x0000000000000148       0x58 inc/UART/uart.o
 .debug_aranges
                0x00000000000001a0       0x38 inc/UART/ring_buffer.o
 .debug_aranges
                0x00000000000001d8       0x48 ../libopencm3/lib/libopencm3_stm32f4.a(exti_common_all.o)
 .debug_aranges
                0x0000000000000220       0x50 ../libopencm3/lib/libopencm3_stm32f4.a(gpio_common_all.o)
 .debug_aranges
                0x0000000000000270       0x30 ../libopencm3/lib/libopencm3_stm32f4.a(gpio_common_f0234.o)
 .debug_aranges
                0x00000000000002a0      0x110 ../libopencm3/lib/libopencm3_stm32f4.a(i2c_common_v1.o)
 .debug_aranges
                0x00000000000003b0       0x60 ../libopencm3/lib/libopencm3_stm32f4.a(rcc_common_all.o)
 .debug_aranges
                0x0000000000000410      0x110 ../libopencm3/lib/libopencm3_stm32f4.a(rcc.o)
 .debug_aranges
                0x0000000000000520       0xf0 ../libopencm3/lib/libopencm3_stm32f4.a(usart_common_all.o)
 .debug_aranges
                0x0000000000000610       0x40 ../libopencm3/lib/libopencm3_stm32f4.a(usart_common_f124.o)
 .debug_aranges
                0x0000000000000650       0x30 ../libopencm3/lib/libopencm3_stm32f4.a(vector.o)
 .debug_aranges
                0x0000000000000680       0x78 ../libopencm3/lib/libopencm3_stm32f4.a(systick.o)
 .debug_aranges
                0x00000000000006f8       0x60 ../libopencm3/lib/libopencm3_stm32f4.a(nvic.o)
 .debug_aranges
                0x0000000000000758       0x38 ../libopencm3/lib/libopencm3_stm32f4.a(flash_common_all.o)
 .debug_aranges
                0x0000000000000790       0x48 ../libopencm3/lib/libopencm3_stm32f4.a(flash_common_idcache.o)
 .debug_aranges
                0x00000000000007d8       0x20 ../libopencm3/lib/libopencm3_stm32f4.a(pwr.o)
 .debug_aranges
                0x00000000000007f8       0x20 /usr/lib/gcc/arm-none-eabi/10.3.1/thumb/v7e-m+fp/hard/libgcc.a(_arm_addsubdf3.o)
 .debug_aranges
                0x0000000000000818       0x20 /usr/lib/gcc/arm-none-eabi/10.3.1/thumb/v7e-m+fp/hard/libgcc.a(_arm_muldivdf3.o)
 .debug_aranges
                0x0000000000000838       0x20 /usr/lib/gcc/arm-none-eabi/10.3.1/thumb/v7e-m+fp/hard/libgcc.a(_arm_fixunsdfsi.o)
 .debug_aranges
                0x0000000000000858       0x20 /usr/lib/gcc/arm-none-eabi/10.3.1/thumb/v7e-m+fp/hard/libgcc.a(_arm_addsubsf3.o)
 .debug_aranges
                0x0000000000000878       0x20 /usr/lib/gcc/arm-none-eabi/10.3.1/thumb/v7e-m+fp/hard/libgcc.a(_aeabi_ldivmod.o)
 .debug_aranges
                0x0000000000000898       0x20 /usr/lib/gcc/arm-none-eabi/10.3.1/thumb/v7e-m+fp/hard/libgcc.a(_udivmoddi4.o)
 .debug_aranges
                0x00000000000008b8       0x20 /usr/lib/gcc/arm-none-eabi/10.3.1/thumb/v7e-m+fp/hard/libgcc.a(_dvmd_tls.o)

.debug_ranges   0x0000000000000000      0x8a0
 .debug_ranges  0x0000000000000000       0x30 src/firmware.o
 .debug_ranges  0x0000000000000030       0x38 src/system.o
 .debug_ranges  0x0000000000000068       0x48 inc/BMP280/BMP280.o
 .debug_ranges  0x00000000000000b0       0x30 inc/MPU6050/MPU6050.o
 .debug_ranges  0x00000000000000e0       0x58 inc/E32/E32.o
 .debug_ranges  0x0000000000000138       0x80 inc/UART/uart.o
 .debug_ranges  0x00000000000001b8       0x28 inc/UART/ring_buffer.o
 .debug_ranges  0x00000000000001e0       0x58 ../libopencm3/lib/libopencm3_stm32f4.a(exti_common_all.o)
 .debug_ranges  0x0000000000000238       0x40 ../libopencm3/lib/libopencm3_stm32f4.a(gpio_common_all.o)
 .debug_ranges  0x0000000000000278       0x20 ../libopencm3/lib/libopencm3_stm32f4.a(gpio_common_f0234.o)
 .debug_ranges  0x0000000000000298      0x118 ../libopencm3/lib/libopencm3_stm32f4.a(i2c_common_v1.o)
 .debug_ranges  0x00000000000003b0       0x50 ../libopencm3/lib/libopencm3_stm32f4.a(rcc_common_all.o)
 .debug_ranges  0x0000000000000400      0x148 ../libopencm3/lib/libopencm3_stm32f4.a(rcc.o)
 .debug_ranges  0x0000000000000548       0xe0 ../libopencm3/lib/libopencm3_stm32f4.a(usart_common_all.o)
 .debug_ranges  0x0000000000000628       0x30 ../libopencm3/lib/libopencm3_stm32f4.a(usart_common_f124.o)
 .debug_ranges  0x0000000000000658       0x20 ../libopencm3/lib/libopencm3_stm32f4.a(vector.o)
 .debug_ranges  0x0000000000000678       0x80 ../libopencm3/lib/libopencm3_stm32f4.a(systick.o)
 .debug_ranges  0x00000000000006f8       0x50 ../libopencm3/lib/libopencm3_stm32f4.a(nvic.o)
 .debug_ranges  0x0000000000000748       0x28 ../libopencm3/lib/libopencm3_stm32f4.a(flash_common_all.o)
 .debug_ranges  0x0000000000000770       0x38 ../libopencm3/lib/libopencm3_stm32f4.a(flash_common_idcache.o)
 .debug_ranges  0x00000000000007a8       0x10 ../libopencm3/lib/libopencm3_stm32f4.a(pwr.o)
 .debug_ranges  0x00000000000007b8       0xe8 /usr/lib/gcc/arm-none-eabi/10.3.1/thumb/v7e-m+fp/hard/libgcc.a(_udivmoddi4.o)

.debug_macro    0x0000000000000000     0x4f25
 .debug_macro   0x0000000000000000      0x1c9 src/firmware.o
 .debug_macro   0x00000000000001c9      0xa6c src/firmware.o
 .debug_macro   0x0000000000000c35      0x34e src/firmware.o
 .debug_macro   0x0000000000000f83       0x22 src/firmware.o
 .debug_macro   0x0000000000000fa5      0x100 src/firmware.o
 .debug_macro   0x00000000000010a5       0x76 src/firmware.o
 .debug_macro   0x000000000000111b      0x280 src/firmware.o
 .debug_macro   0x000000000000139b       0x8e src/firmware.o
 .debug_macro   0x0000000000001429       0x46 src/firmware.o
 .debug_macro   0x000000000000146f      0xcea src/firmware.o
 .debug_macro   0x0000000000002159       0x76 src/firmware.o
 .debug_macro   0x00000000000021cf      0x37e src/firmware.o
 .debug_macro   0x000000000000254d       0xca src/firmware.o
 .debug_macro   0x0000000000002617       0x6f src/firmware.o
 .debug_macro   0x0000000000002686       0x6e src/firmware.o
 .debug_macro   0x00000000000026f4      0x22c src/firmware.o
 .debug_macro   0x0000000000002920       0xee src/firmware.o
 .debug_macro   0x0000000000002a0e       0x28 src/firmware.o
 .debug_macro   0x0000000000002a36       0x1c src/firmware.o
 .debug_macro   0x0000000000002a52      0x16d src/firmware.o
 .debug_macro   0x0000000000002bbf      0x249 src/firmware.o
 .debug_macro   0x0000000000002e08       0x2e src/firmware.o
 .debug_macro   0x0000000000002e36       0x22 src/firmware.o
 .debug_macro   0x0000000000002e58       0x34 src/firmware.o
 .debug_macro   0x0000000000002e8c       0x94 src/firmware.o
 .debug_macro   0x0000000000002f20      0x29e src/firmware.o
 .debug_macro   0x00000000000031be       0xa0 src/firmware.o
 .debug_macro   0x000000000000325e       0x16 src/firmware.o
 .debug_macro   0x0000000000003274      0x125 src/system.o
 .debug_macro   0x0000000000003399       0x1c src/system.o
 .debug_macro   0x00000000000033b5       0xe8 src/system.o
 .debug_macro   0x000000000000349d      0x166 inc/BMP280/BMP280.o
 .debug_macro   0x0000000000003603      0x166 inc/MPU6050/MPU6050.o
 .debug_macro   0x0000000000003769      0x178 inc/E32/E32.o
 .debug_macro   0x00000000000038e1      0x175 inc/UART/uart.o
 .debug_macro   0x0000000000003a56      0x12e inc/UART/ring_buffer.o
 .debug_macro   0x0000000000003b84       0xcb ../libopencm3/lib/libopencm3_stm32f4.a(exti_common_all.o)
 .debug_macro   0x0000000000003c4f       0x40 ../libopencm3/lib/libopencm3_stm32f4.a(exti_common_all.o)
 .debug_macro   0x0000000000003c8f       0x88 ../libopencm3/lib/libopencm3_stm32f4.a(gpio_common_all.o)
 .debug_macro   0x0000000000003d17       0x88 ../libopencm3/lib/libopencm3_stm32f4.a(gpio_common_f0234.o)
 .debug_macro   0x0000000000003d9f       0xb8 ../libopencm3/lib/libopencm3_stm32f4.a(i2c_common_v1.o)
 .debug_macro   0x0000000000003e57       0xa7 ../libopencm3/lib/libopencm3_stm32f4.a(rcc_common_all.o)
 .debug_macro   0x0000000000003efe       0xdb ../libopencm3/lib/libopencm3_stm32f4.a(rcc.o)
 .debug_macro   0x0000000000003fd9       0x16 ../libopencm3/lib/libopencm3_stm32f4.a(rcc.o)
 .debug_macro   0x0000000000003fef       0x1c ../libopencm3/lib/libopencm3_stm32f4.a(rcc.o)
 .debug_macro   0x000000000000400b      0x143 ../libopencm3/lib/libopencm3_stm32f4.a(rcc.o)
 .debug_macro   0x000000000000414e       0x10 ../libopencm3/lib/libopencm3_stm32f4.a(rcc.o)
 .debug_macro   0x000000000000415e       0xc2 ../libopencm3/lib/libopencm3_stm32f4.a(usart_common_all.o)
 .debug_macro   0x0000000000004220       0xc2 ../libopencm3/lib/libopencm3_stm32f4.a(usart_common_f124.o)
 .debug_macro   0x00000000000042e2       0x8a ../libopencm3/lib/libopencm3_stm32f4.a(vector.o)
 .debug_macro   0x000000000000436c      0x452 ../libopencm3/lib/libopencm3_stm32f4.a(vector.o)
 .debug_macro   0x00000000000047be       0x49 ../libopencm3/lib/libopencm3_stm32f4.a(systick.o)
 .debug_macro   0x0000000000004807       0x69 ../libopencm3/lib/libopencm3_stm32f4.a(systick.o)
 .debug_macro   0x0000000000004870       0x6a ../libopencm3/lib/libopencm3_stm32f4.a(nvic.o)
 .debug_macro   0x00000000000048da       0x68 ../libopencm3/lib/libopencm3_stm32f4.a(nvic.o)
 .debug_macro   0x0000000000004942      0x458 ../libopencm3/lib/libopencm3_stm32f4.a(nvic.o)
 .debug_macro   0x0000000000004d9a       0x8e ../libopencm3/lib/libopencm3_stm32f4.a(flash_common_all.o)
 .debug_macro   0x0000000000004e28       0x8e ../libopencm3/lib/libopencm3_stm32f4.a(flash_common_idcache.o)
 .debug_macro   0x0000000000004eb6       0x6f ../libopencm3/lib/libopencm3_stm32f4.a(pwr.o)

.debug_line     0x0000000000000000     0x5fd1
 .debug_line    0x0000000000000000      0x599 src/firmware.o
 .debug_line    0x0000000000000599      0x38c src/system.o
 .debug_line    0x0000000000000925      0x669 inc/BMP280/BMP280.o
 .debug_line    0x0000000000000f8e      0x458 inc/MPU6050/MPU6050.o
 .debug_line    0x00000000000013e6      0x472 inc/E32/E32.o
 .debug_line    0x0000000000001858      0x4bb inc/UART/uart.o
 .debug_line    0x0000000000001d13      0x3a7 inc/UART/ring_buffer.o
 .debug_line    0x00000000000020ba      0x387 ../libopencm3/lib/libopencm3_stm32f4.a(exti_common_all.o)
 .debug_line    0x0000000000002441      0x2a6 ../libopencm3/lib/libopencm3_stm32f4.a(gpio_common_all.o)
 .debug_line    0x00000000000026e7      0x38e ../libopencm3/lib/libopencm3_stm32f4.a(gpio_common_f0234.o)
 .debug_line    0x0000000000002a75      0x71e ../libopencm3/lib/libopencm3_stm32f4.a(i2c_common_v1.o)
 .debug_line    0x0000000000003193      0x305 ../libopencm3/lib/libopencm3_stm32f4.a(rcc_common_all.o)
 .debug_line    0x0000000000003498      0x992 ../libopencm3/lib/libopencm3_stm32f4.a(rcc.o)
 .debug_line    0x0000000000003e2a      0x580 ../libopencm3/lib/libopencm3_stm32f4.a(usart_common_all.o)
 .debug_line    0x00000000000043aa      0x2ab ../libopencm3/lib/libopencm3_stm32f4.a(usart_common_f124.o)
 .debug_line    0x0000000000004655      0x322 ../libopencm3/lib/libopencm3_stm32f4.a(vector.o)
 .debug_line    0x0000000000004977      0x26e ../libopencm3/lib/libopencm3_stm32f4.a(systick.o)
 .debug_line    0x0000000000004be5      0x27f ../libopencm3/lib/libopencm3_stm32f4.a(nvic.o)
 .debug_line    0x0000000000004e64      0x246 ../libopencm3/lib/libopencm3_stm32f4.a(flash_common_all.o)
 .debug_line    0x00000000000050aa      0x25f ../libopencm3/lib/libopencm3_stm32f4.a(flash_common_idcache.o)
 .debug_line    0x0000000000005309      0x18c ../libopencm3/lib/libopencm3_stm32f4.a(pwr.o)
 .debug_line    0x0000000000005495      0x186 /usr/lib/gcc/arm-none-eabi/10.3.1/thumb/v7e-m+fp/hard/libgcc.a(_arm_addsubdf3.o)
 .debug_line    0x000000000000561b      0x19b /usr/lib/gcc/arm-none-eabi/10.3.1/thumb/v7e-m+fp/hard/libgcc.a(_arm_muldivdf3.o)
 .debug_line    0x00000000000057b6       0x75 /usr/lib/gcc/arm-none-eabi/10.3.1/thumb/v7e-m+fp/hard/libgcc.a(_arm_fixunsdfsi.o)
 .debug_line    0x000000000000582b      0x11a /usr/lib/gcc/arm-none-eabi/10.3.1/thumb/v7e-m+fp/hard/libgcc.a(_arm_addsubsf3.o)
 .debug_line    0x0000000000005945       0x7e /usr/lib/gcc/arm-none-eabi/10.3.1/thumb/v7e-m+fp/hard/libgcc.a(_aeabi_ldivmod.o)
 .debug_line    0x00000000000059c3      0x5ae /usr/lib/gcc/arm-none-eabi/10.3.1/thumb/v7e-m+fp/hard/libgcc.a(_udivmoddi4.o)
 .debug_line    0x0000000000005f71       0x60 /usr/lib/gcc/arm-none-eabi/10.3.1/thumb/v7e-m+fp/hard/libgcc.a(_dvmd_tls.o)

.debug_str      0x0000000000000000    0x1204f
 .debug_str     0x0000000000000000     0xceec src/firmware.o
                                       0xd0d3 (size before relaxing)
 .debug_str     0x000000000000ceec      0x749 src/system.o
                                       0xb64b (size before relaxing)
 .debug_str     0x000000000000d635      0x1ee inc/BMP280/BMP280.o
                                       0xc4d9 (size before relaxing)
 .debug_str     0x000000000000d823       0x6c inc/MPU6050/MPU6050.o
                                       0xc33b (size before relaxing)
 .debug_str     0x000000000000d88f      0x1a1 inc/E32/E32.o
                                       0xc8d8 (size before relaxing)
 .debug_str     0x000000000000da30      0x1ab inc/UART/uart.o
                                       0xc947 (size before relaxing)
 .debug_str     0x000000000000dbdb       0x50 inc/UART/ring_buffer.o
                                       0xaf04 (size before relaxing)
 .debug_str     0x000000000000dc2b      0x336 ../libopencm3/lib/libopencm3_stm32f4.a(exti_common_all.o)
                                       0x6751 (size before relaxing)
 .debug_str     0x000000000000df61       0x66 ../libopencm3/lib/libopencm3_stm32f4.a(gpio_common_all.o)
                                       0x619b (size before relaxing)
 .debug_str     0x000000000000dfc7       0x5b ../libopencm3/lib/libopencm3_stm32f4.a(gpio_common_f0234.o)
                                       0x61b3 (size before relaxing)
 .debug_str     0x000000000000e022      0x282 ../libopencm3/lib/libopencm3_stm32f4.a(i2c_common_v1.o)
                                       0x9a9f (size before relaxing)
 .debug_str     0x000000000000e2a4      0x475 ../libopencm3/lib/libopencm3_stm32f4.a(rcc_common_all.o)
                                       0x9550 (size before relaxing)
 .debug_str     0x000000000000e719      0xb3e ../libopencm3/lib/libopencm3_stm32f4.a(rcc.o)
                                       0x9dc5 (size before relaxing)
 .debug_str     0x000000000000f257      0x208 ../libopencm3/lib/libopencm3_stm32f4.a(usart_common_all.o)
                                       0xa01c (size before relaxing)
 .debug_str     0x000000000000f45f       0x1e ../libopencm3/lib/libopencm3_stm32f4.a(usart_common_f124.o)
                                       0x9d88 (size before relaxing)
 .debug_str     0x000000000000f47d     0x2303 ../libopencm3/lib/libopencm3_stm32f4.a(vector.o)
                                       0x6a5b (size before relaxing)
 .debug_str     0x0000000000011780       0xd2 ../libopencm3/lib/libopencm3_stm32f4.a(systick.o)
                                       0x40b4 (size before relaxing)
 .debug_str     0x0000000000011852       0xc4 ../libopencm3/lib/libopencm3_stm32f4.a(nvic.o)
                                       0x5cc6 (size before relaxing)
 .debug_str     0x0000000000011916       0x64 ../libopencm3/lib/libopencm3_stm32f4.a(flash_common_all.o)
                                       0x54fd (size before relaxing)
 .debug_str     0x000000000001197a       0x47 ../libopencm3/lib/libopencm3_stm32f4.a(flash_common_idcache.o)
                                       0x551f (size before relaxing)
 .debug_str     0x00000000000119c1        0x6 ../libopencm3/lib/libopencm3_stm32f4.a(pwr.o)
                                       0x5179 (size before relaxing)
 .debug_str     0x00000000000119c7       0xab /usr/lib/gcc/arm-none-eabi/10.3.1/thumb/v7e-m+fp/hard/libgcc.a(_arm_addsubdf3.o)
 .debug_str     0x0000000000011a72       0xab /usr/lib/gcc/arm-none-eabi/10.3.1/thumb/v7e-m+fp/hard/libgcc.a(_arm_muldivdf3.o)
 .debug_str     0x0000000000011a72       0xab /usr/lib/gcc/arm-none-eabi/10.3.1/thumb/v7e-m+fp/hard/libgcc.a(_arm_fixunsdfsi.o)
 .debug_str     0x0000000000011a72       0x31 /usr/lib/gcc/arm-none-eabi/10.3.1/thumb/v7e-m+fp/hard/libgcc.a(_arm_addsubsf3.o)
                                         0xab (size before relaxing)
 .debug_str     0x0000000000011aa3       0x2c /usr/lib/gcc/arm-none-eabi/10.3.1/thumb/v7e-m+fp/hard/libgcc.a(_aeabi_ldivmod.o)
                                         0xa6 (size before relaxing)
 .debug_str     0x0000000000011acf      0x550 /usr/lib/gcc/arm-none-eabi/10.3.1/thumb/v7e-m+fp/hard/libgcc.a(_udivmoddi4.o)
                                        0x647 (size before relaxing)
 .debug_str     0x000000000001201f       0x30 /usr/lib/gcc/arm-none-eabi/10.3.1/thumb/v7e-m+fp/hard/libgcc.a(_dvmd_tls.o)
                                         0xaa (size before relaxing)

.comment        0x0000000000000000       0x33
 .comment       0x0000000000000000       0x33 src/firmware.o
                                         0x34 (size before relaxing)
 .comment       0x0000000000000033       0x34 src/system.o
 .comment       0x0000000000000033       0x34 inc/BMP280/BMP280.o
 .comment       0x0000000000000033       0x34 inc/MPU6050/MPU6050.o
 .comment       0x0000000000000033       0x34 inc/E32/E32.o
 .comment       0x0000000000000033       0x34 inc/UART/uart.o
 .comment       0x0000000000000033       0x34 inc/UART/ring_buffer.o
 .comment       0x0000000000000033       0x34 ../libopencm3/lib/libopencm3_stm32f4.a(exti_common_all.o)
 .comment       0x0000000000000033       0x34 ../libopencm3/lib/libopencm3_stm32f4.a(gpio_common_all.o)
 .comment       0x0000000000000033       0x34 ../libopencm3/lib/libopencm3_stm32f4.a(gpio_common_f0234.o)
 .comment       0x0000000000000033       0x34 ../libopencm3/lib/libopencm3_stm32f4.a(i2c_common_v1.o)
 .comment       0x0000000000000033       0x34 ../libopencm3/lib/libopencm3_stm32f4.a(rcc_common_all.o)
 .comment       0x0000000000000033       0x34 ../libopencm3/lib/libopencm3_stm32f4.a(rcc.o)
 .comment       0x0000000000000033       0x34 ../libopencm3/lib/libopencm3_stm32f4.a(usart_common_all.o)
 .comment       0x0000000000000033       0x34 ../libopencm3/lib/libopencm3_stm32f4.a(usart_common_f124.o)
 .comment       0x0000000000000033       0x34 ../libopencm3/lib/libopencm3_stm32f4.a(vector.o)
 .comment       0x0000000000000033       0x34 ../libopencm3/lib/libopencm3_stm32f4.a(systick.o)
 .comment       0x0000000000000033       0x34 ../libopencm3/lib/libopencm3_stm32f4.a(nvic.o)
 .comment       0x0000000000000033       0x34 ../libopencm3/lib/libopencm3_stm32f4.a(flash_common_all.o)
 .comment       0x0000000000000033       0x34 ../libopencm3/lib/libopencm3_stm32f4.a(flash_common_idcache.o)
 .comment       0x0000000000000033       0x34 ../libopencm3/lib/libopencm3_stm32f4.a(pwr.o)
 .comment       0x0000000000000033       0x34 /usr/lib/gcc/arm-none-eabi/10.3.1/thumb/v7e-m+fp/hard/libgcc.a(_udivmoddi4.o)

.ARM.attributes
                0x0000000000000000       0x34
 .ARM.attributes
                0x0000000000000000       0x34 src/firmware.o
 .ARM.attributes
                0x0000000000000034       0x34 src/system.o
 .ARM.attributes
                0x0000000000000068       0x34 inc/BMP280/BMP280.o
 .ARM.attributes
                0x000000000000009c       0x34 inc/MPU6050/MPU6050.o
 .ARM.attributes
                0x00000000000000d0       0x34 inc/E32/E32.o
 .ARM.attributes
                0x0000000000000104       0x34 inc/UART/uart.o
 .ARM.attributes
                0x0000000000000138       0x34 inc/UART/ring_buffer.o
 .ARM.attributes
                0x000000000000016c       0x34 ../libopencm3/lib/libopencm3_stm32f4.a(exti_common_all.o)
 .ARM.attributes
                0x00000000000001a0       0x34 ../libopencm3/lib/libopencm3_stm32f4.a(gpio_common_all.o)
 .ARM.attributes
                0x00000000000001d4       0x34 ../libopencm3/lib/libopencm3_stm32f4.a(gpio_common_f0234.o)
 .ARM.attributes
                0x0000000000000208       0x34 ../libopencm3/lib/libopencm3_stm32f4.a(i2c_common_v1.o)
 .ARM.attributes
                0x000000000000023c       0x34 ../libopencm3/lib/libopencm3_stm32f4.a(rcc_common_all.o)
 .ARM.attributes
                0x0000000000000270       0x34 ../libopencm3/lib/libopencm3_stm32f4.a(rcc.o)
 .ARM.attributes
                0x00000000000002a4       0x34 ../libopencm3/lib/libopencm3_stm32f4.a(usart_common_all.o)
 .ARM.attributes
                0x00000000000002d8       0x34 ../libopencm3/lib/libopencm3_stm32f4.a(usart_common_f124.o)
 .ARM.attributes
                0x000000000000030c       0x34 ../libopencm3/lib/libopencm3_stm32f4.a(vector.o)
 .ARM.attributes
                0x0000000000000340       0x34 ../libopencm3/lib/libopencm3_stm32f4.a(systick.o)
 .ARM.attributes
                0x0000000000000374       0x34 ../libopencm3/lib/libopencm3_stm32f4.a(nvic.o)
 .ARM.attributes
                0x00000000000003a8       0x34 ../libopencm3/lib/libopencm3_stm32f4.a(flash_common_all.o)
 .ARM.attributes
                0x00000000000003dc       0x34 ../libopencm3/lib/libopencm3_stm32f4.a(flash_common_idcache.o)
 .ARM.attributes
                0x0000000000000410       0x34 ../libopencm3/lib/libopencm3_stm32f4.a(pwr.o)
 .ARM.attributes
                0x0000000000000444       0x1e /usr/lib/gcc/arm-none-eabi/10.3.1/thumb/v7e-m+fp/hard/libgcc.a(_arm_addsubdf3.o)
 .ARM.attributes
                0x0000000000000462       0x1e /usr/lib/gcc/arm-none-eabi/10.3.1/thumb/v7e-m+fp/hard/libgcc.a(_arm_muldivdf3.o)
 .ARM.attributes
                0x0000000000000480       0x1e /usr/lib/gcc/arm-none-eabi/10.3.1/thumb/v7e-m+fp/hard/libgcc.a(_arm_fixunsdfsi.o)
 .ARM.attributes
                0x000000000000049e       0x1e /usr/lib/gcc/arm-none-eabi/10.3.1/thumb/v7e-m+fp/hard/libgcc.a(_arm_addsubsf3.o)
 .ARM.attributes
                0x00000000000004bc       0x1e /usr/lib/gcc/arm-none-eabi/10.3.1/thumb/v7e-m+fp/hard/libgcc.a(_aeabi_ldivmod.o)
 .ARM.attributes
                0x00000000000004da       0x34 /usr/lib/gcc/arm-none-eabi/10.3.1/thumb/v7e-m+fp/hard/libgcc.a(_udivmoddi4.o)
 .ARM.attributes
                0x000000000000050e       0x1e /usr/lib/gcc/arm-none-eabi/10.3.1/thumb/v7e-m+fp/hard/libgcc.a(_dvmd_tls.o)

.debug_frame    0x0000000000000000     0x11e8
 .debug_frame   0x0000000000000000       0x58 src/firmware.o
 .debug_frame   0x0000000000000058       0x90 src/system.o
 .debug_frame   0x00000000000000e8       0xfc inc/BMP280/BMP280.o
 .debug_frame   0x00000000000001e4       0xac inc/MPU6050/MPU6050.o
 .debug_frame   0x0000000000000290       0x94 inc/E32/E32.o
 .debug_frame   0x0000000000000324       0xe4 inc/UART/uart.o
 .debug_frame   0x0000000000000408       0x58 inc/UART/ring_buffer.o
 .debug_frame   0x0000000000000460       0x88 ../libopencm3/lib/libopencm3_stm32f4.a(exti_common_all.o)
 .debug_frame   0x00000000000004e8       0x80 ../libopencm3/lib/libopencm3_stm32f4.a(gpio_common_all.o)
 .debug_frame   0x0000000000000568       0x70 ../libopencm3/lib/libopencm3_stm32f4.a(gpio_common_f0234.o)
 .debug_frame   0x00000000000005d8      0x22c ../libopencm3/lib/libopencm3_stm32f4.a(i2c_common_v1.o)
 .debug_frame   0x0000000000000804       0xe0 ../libopencm3/lib/libopencm3_stm32f4.a(rcc_common_all.o)
 .debug_frame   0x00000000000008e4      0x234 ../libopencm3/lib/libopencm3_stm32f4.a(rcc.o)
 .debug_frame   0x0000000000000b18      0x1e8 ../libopencm3/lib/libopencm3_stm32f4.a(usart_common_all.o)
 .debug_frame   0x0000000000000d00       0x60 ../libopencm3/lib/libopencm3_stm32f4.a(usart_common_f124.o)
 .debug_frame   0x0000000000000d60       0x4c ../libopencm3/lib/libopencm3_stm32f4.a(vector.o)
 .debug_frame   0x0000000000000dac       0xd8 ../libopencm3/lib/libopencm3_stm32f4.a(systick.o)
 .debug_frame   0x0000000000000e84       0xa0 ../libopencm3/lib/libopencm3_stm32f4.a(nvic.o)
 .debug_frame   0x0000000000000f24       0x50 ../libopencm3/lib/libopencm3_stm32f4.a(flash_common_all.o)
 .debug_frame   0x0000000000000f74       0x70 ../libopencm3/lib/libopencm3_stm32f4.a(flash_common_idcache.o)
 .debug_frame   0x0000000000000fe4       0x20 ../libopencm3/lib/libopencm3_stm32f4.a(pwr.o)
 .debug_frame   0x0000000000001004       0xac /usr/lib/gcc/arm-none-eabi/10.3.1/thumb/v7e-m+fp/hard/libgcc.a(_arm_addsubdf3.o)
 .debug_frame   0x00000000000010b0       0x50 /usr/lib/gcc/arm-none-eabi/10.3.1/thumb/v7e-m+fp/hard/libgcc.a(_arm_muldivdf3.o)
 .debug_frame   0x0000000000001100       0x24 /usr/lib/gcc/arm-none-eabi/10.3.1/thumb/v7e-m+fp/hard/libgcc.a(_arm_fixunsdfsi.o)
 .debug_frame   0x0000000000001124       0x4c /usr/lib/gcc/arm-none-eabi/10.3.1/thumb/v7e-m+fp/hard/libgcc.a(_arm_addsubsf3.o)
 .debug_frame   0x0000000000001170       0x44 /usr/lib/gcc/arm-none-eabi/10.3.1/thumb/v7e-m+fp/hard/libgcc.a(_aeabi_ldivmod.o)
 .debug_frame   0x00000000000011b4       0x34 /usr/lib/gcc/arm-none-eabi/10.3.1/thumb/v7e-m+fp/hard/libgcc.a(_udivmoddi4.o)

Cross Reference Table

Symbol                                            File
BMP_checkID                                       inc/BMP280/BMP280.o
BMP_get_pressure                                  inc/BMP280/BMP280.o
                                                  src/firmware.o
BMP_get_raw_pressure                              inc/BMP280/BMP280.o
BMP_get_raw_temperature                           inc/BMP280/BMP280.o
BMP_get_temperature                               inc/BMP280/BMP280.o
                                                  src/firmware.o
BMP_i2c_setup                                     inc/BMP280/BMP280.o
BMP_init                                          inc/BMP280/BMP280.o
                                                  src/firmware.o
BMP_read_calibration                              inc/BMP280/BMP280.o
E32_configure                                     inc/E32/E32.o
                                                  src/firmware.o
E32_enable_irq                                    inc/E32/E32.o
                                                  src/firmware.o
E32_init                                          inc/E32/E32.o
                                                  src/firmware.o
E32_set_mode                                      inc/E32/E32.o
E32_uart_change_baud                              inc/UART/uart.o
                                                  inc/E32/E32.o
E32_uart_data_available                           inc/UART/uart.o
                                                  inc/E32/E32.o
E32_uart_read                                     inc/UART/uart.o
                                                  inc/E32/E32.o
E32_uart_read_byte                                inc/UART/uart.o
E32_uart_setup                                    inc/UART/uart.o
                                                  inc/E32/E32.o
E32_uart_write                                    inc/UART/uart.o
                                                  inc/E32/E32.o
                                                  src/firmware.o
E32_uart_write_byte                               inc/UART/uart.o
MPU_check_addr                                    inc/MPU6050/MPU6050.o
MPU_get_data                                      inc/MPU6050/MPU6050.o
                                                  src/firmware.o
MPU_get_raw_data                                  inc/MPU6050/MPU6050.o
MPU_i2c_setup                                     inc/MPU6050/MPU6050.o
MPU_init                                          inc/MPU6050/MPU6050.o
                                                  src/firmware.o
__adddf3                                          /usr/lib/gcc/arm-none-eabi/10.3.1/thumb/v7e-m+fp/hard/libgcc.a(_arm_addsubdf3.o)
__addsf3                                          /usr/lib/gcc/arm-none-eabi/10.3.1/thumb/v7e-m+fp/hard/libgcc.a(_arm_addsubsf3.o)
__aeabi_d2uiz                                     /usr/lib/gcc/arm-none-eabi/10.3.1/thumb/v7e-m+fp/hard/libgcc.a(_arm_fixunsdfsi.o)
                                                  inc/MPU6050/MPU6050.o
                                                  inc/BMP280/BMP280.o
__aeabi_dadd                                      /usr/lib/gcc/arm-none-eabi/10.3.1/thumb/v7e-m+fp/hard/libgcc.a(_arm_addsubdf3.o)
__aeabi_ddiv                                      /usr/lib/gcc/arm-none-eabi/10.3.1/thumb/v7e-m+fp/hard/libgcc.a(_arm_muldivdf3.o)
                                                  inc/MPU6050/MPU6050.o
                                                  inc/BMP280/BMP280.o
__aeabi_dmul                                      /usr/lib/gcc/arm-none-eabi/10.3.1/thumb/v7e-m+fp/hard/libgcc.a(_arm_muldivdf3.o)
__aeabi_drsub                                     /usr/lib/gcc/arm-none-eabi/10.3.1/thumb/v7e-m+fp/hard/libgcc.a(_arm_addsubdf3.o)
__aeabi_dsub                                      /usr/lib/gcc/arm-none-eabi/10.3.1/thumb/v7e-m+fp/hard/libgcc.a(_arm_addsubdf3.o)
__aeabi_f2d                                       /usr/lib/gcc/arm-none-eabi/10.3.1/thumb/v7e-m+fp/hard/libgcc.a(_arm_addsubdf3.o)
__aeabi_fadd                                      /usr/lib/gcc/arm-none-eabi/10.3.1/thumb/v7e-m+fp/hard/libgcc.a(_arm_addsubsf3.o)
__aeabi_frsub                                     /usr/lib/gcc/arm-none-eabi/10.3.1/thumb/v7e-m+fp/hard/libgcc.a(_arm_addsubsf3.o)
__aeabi_fsub                                      /usr/lib/gcc/arm-none-eabi/10.3.1/thumb/v7e-m+fp/hard/libgcc.a(_arm_addsubsf3.o)
__aeabi_i2d                                       /usr/lib/gcc/arm-none-eabi/10.3.1/thumb/v7e-m+fp/hard/libgcc.a(_arm_addsubdf3.o)
__aeabi_i2f                                       /usr/lib/gcc/arm-none-eabi/10.3.1/thumb/v7e-m+fp/hard/libgcc.a(_arm_addsubsf3.o)
__aeabi_idiv0                                     /usr/lib/gcc/arm-none-eabi/10.3.1/thumb/v7e-m+fp/hard/libgcc.a(_dvmd_tls.o)
__aeabi_l2d                                       /usr/lib/gcc/arm-none-eabi/10.3.1/thumb/v7e-m+fp/hard/libgcc.a(_arm_addsubdf3.o)
__aeabi_l2f                                       /usr/lib/gcc/arm-none-eabi/10.3.1/thumb/v7e-m+fp/hard/libgcc.a(_arm_addsubsf3.o)
                                                  inc/BMP280/BMP280.o
__aeabi_ldiv0                                     /usr/lib/gcc/arm-none-eabi/10.3.1/thumb/v7e-m+fp/hard/libgcc.a(_dvmd_tls.o)
                                                  /usr/lib/gcc/arm-none-eabi/10.3.1/thumb/v7e-m+fp/hard/libgcc.a(_aeabi_ldivmod.o)
__aeabi_ldivmod                                   /usr/lib/gcc/arm-none-eabi/10.3.1/thumb/v7e-m+fp/hard/libgcc.a(_aeabi_ldivmod.o)
                                                  inc/BMP280/BMP280.o
__aeabi_ui2d                                      /usr/lib/gcc/arm-none-eabi/10.3.1/thumb/v7e-m+fp/hard/libgcc.a(_arm_addsubdf3.o)
                                                  inc/MPU6050/MPU6050.o
                                                  inc/BMP280/BMP280.o
__aeabi_ui2f                                      /usr/lib/gcc/arm-none-eabi/10.3.1/thumb/v7e-m+fp/hard/libgcc.a(_arm_addsubsf3.o)
__aeabi_ul2d                                      /usr/lib/gcc/arm-none-eabi/10.3.1/thumb/v7e-m+fp/hard/libgcc.a(_arm_addsubdf3.o)
__aeabi_ul2f                                      /usr/lib/gcc/arm-none-eabi/10.3.1/thumb/v7e-m+fp/hard/libgcc.a(_arm_addsubsf3.o)
__divdf3                                          /usr/lib/gcc/arm-none-eabi/10.3.1/thumb/v7e-m+fp/hard/libgcc.a(_arm_muldivdf3.o)
__extendsfdf2                                     /usr/lib/gcc/arm-none-eabi/10.3.1/thumb/v7e-m+fp/hard/libgcc.a(_arm_addsubdf3.o)
__fini_array_end                                  ../libopencm3/lib/libopencm3_stm32f4.a(vector.o)
__fini_array_start                                ../libopencm3/lib/libopencm3_stm32f4.a(vector.o)
__fixunsdfsi                                      /usr/lib/gcc/arm-none-eabi/10.3.1/thumb/v7e-m+fp/hard/libgcc.a(_arm_fixunsdfsi.o)
__floatdidf                                       /usr/lib/gcc/arm-none-eabi/10.3.1/thumb/v7e-m+fp/hard/libgcc.a(_arm_addsubdf3.o)
__floatdisf                                       /usr/lib/gcc/arm-none-eabi/10.3.1/thumb/v7e-m+fp/hard/libgcc.a(_arm_addsubsf3.o)
__floatsidf                                       /usr/lib/gcc/arm-none-eabi/10.3.1/thumb/v7e-m+fp/hard/libgcc.a(_arm_addsubdf3.o)
__floatsisf                                       /usr/lib/gcc/arm-none-eabi/10.3.1/thumb/v7e-m+fp/hard/libgcc.a(_arm_addsubsf3.o)
__floatundidf                                     /usr/lib/gcc/arm-none-eabi/10.3.1/thumb/v7e-m+fp/hard/libgcc.a(_arm_addsubdf3.o)
__floatundisf                                     /usr/lib/gcc/arm-none-eabi/10.3.1/thumb/v7e-m+fp/hard/libgcc.a(_arm_addsubsf3.o)
__floatunsidf                                     /usr/lib/gcc/arm-none-eabi/10.3.1/thumb/v7e-m+fp/hard/libgcc.a(_arm_addsubdf3.o)
__floatunsisf                                     /usr/lib/gcc/arm-none-eabi/10.3.1/thumb/v7e-m+fp/hard/libgcc.a(_arm_addsubsf3.o)
__init_array_end                                  ../libopencm3/lib/libopencm3_stm32f4.a(vector.o)
__init_array_start                                ../libopencm3/lib/libopencm3_stm32f4.a(vector.o)
__muldf3                                          /usr/lib/gcc/arm-none-eabi/10.3.1/thumb/v7e-m+fp/hard/libgcc.a(_arm_muldivdf3.o)
__preinit_array_end                               ../libopencm3/lib/libopencm3_stm32f4.a(vector.o)
__preinit_array_start                             ../libopencm3/lib/libopencm3_stm32f4.a(vector.o)
__subdf3                                          /usr/lib/gcc/arm-none-eabi/10.3.1/thumb/v7e-m+fp/hard/libgcc.a(_arm_addsubdf3.o)
__subsf3                                          /usr/lib/gcc/arm-none-eabi/10.3.1/thumb/v7e-m+fp/hard/libgcc.a(_arm_addsubsf3.o)
__udivmoddi4                                      /usr/lib/gcc/arm-none-eabi/10.3.1/thumb/v7e-m+fp/hard/libgcc.a(_udivmoddi4.o)
                                                  /usr/lib/gcc/arm-none-eabi/10.3.1/thumb/v7e-m+fp/hard/libgcc.a(_aeabi_ldivmod.o)
_data                                             ../libopencm3/lib/libopencm3_stm32f4.a(vector.o)
_data_loadaddr                                    ../libopencm3/lib/libopencm3_stm32f4.a(vector.o)
_ebss                                             ../libopencm3/lib/libopencm3_stm32f4.a(vector.o)
_edata                                            ../libopencm3/lib/libopencm3_stm32f4.a(vector.o)
_stack                                            ../libopencm3/lib/libopencm3_stm32f4.a(vector.o)
adc_isr                                           ../libopencm3/lib/libopencm3_stm32f4.a(vector.o)
blocking_handler                                  ../libopencm3/lib/libopencm3_stm32f4.a(vector.o)
bus_fault_handler                                 ../libopencm3/lib/libopencm3_stm32f4.a(vector.o)
calibration                                       inc/BMP280/BMP280.o
can1_rx0_isr                                      ../libopencm3/lib/libopencm3_stm32f4.a(vector.o)
can1_rx1_isr                                      ../libopencm3/lib/libopencm3_stm32f4.a(vector.o)
can1_sce_isr                                      ../libopencm3/lib/libopencm3_stm32f4.a(vector.o)
can1_tx_isr                                       ../libopencm3/lib/libopencm3_stm32f4.a(vector.o)
can2_rx0_isr                                      ../libopencm3/lib/libopencm3_stm32f4.a(vector.o)
can2_rx1_isr                                      ../libopencm3/lib/libopencm3_stm32f4.a(vector.o)
can2_sce_isr                                      ../libopencm3/lib/libopencm3_stm32f4.a(vector.o)
can2_tx_isr                                       ../libopencm3/lib/libopencm3_stm32f4.a(vector.o)
compare_configuration                             inc/E32/E32.o
cryp_isr                                          ../libopencm3/lib/libopencm3_stm32f4.a(vector.o)
dcmi_isr                                          ../libopencm3/lib/libopencm3_stm32f4.a(vector.o)
debug_monitor_handler                             ../libopencm3/lib/libopencm3_stm32f4.a(vector.o)
dma1_stream0_isr                                  ../libopencm3/lib/libopencm3_stm32f4.a(vector.o)
dma1_stream1_isr                                  ../libopencm3/lib/libopencm3_stm32f4.a(vector.o)
dma1_stream2_isr                                  ../libopencm3/lib/libopencm3_stm32f4.a(vector.o)
dma1_stream3_isr                                  ../libopencm3/lib/libopencm3_stm32f4.a(vector.o)
dma1_stream4_isr                                  ../libopencm3/lib/libopencm3_stm32f4.a(vector.o)
dma1_stream5_isr                                  ../libopencm3/lib/libopencm3_stm32f4.a(vector.o)
dma1_stream6_isr                                  ../libopencm3/lib/libopencm3_stm32f4.a(vector.o)
dma1_stream7_isr                                  ../libopencm3/lib/libopencm3_stm32f4.a(vector.o)
dma2_stream0_isr                                  ../libopencm3/lib/libopencm3_stm32f4.a(vector.o)
dma2_stream1_isr                                  ../libopencm3/lib/libopencm3_stm32f4.a(vector.o)
dma2_stream2_isr                                  ../libopencm3/lib/libopencm3_stm32f4.a(vector.o)
dma2_stream3_isr                                  ../libopencm3/lib/libopencm3_stm32f4.a(vector.o)
dma2_stream4_isr                                  ../libopencm3/lib/libopencm3_stm32f4.a(vector.o)
dma2_stream5_isr                                  ../libopencm3/lib/libopencm3_stm32f4.a(vector.o)
dma2_stream6_isr                                  ../libopencm3/lib/libopencm3_stm32f4.a(vector.o)
dma2_stream7_isr                                  ../libopencm3/lib/libopencm3_stm32f4.a(vector.o)
dma2d_isr                                         ../libopencm3/lib/libopencm3_stm32f4.a(vector.o)
eth_isr                                           ../libopencm3/lib/libopencm3_stm32f4.a(vector.o)
eth_wkup_isr                                      ../libopencm3/lib/libopencm3_stm32f4.a(vector.o)
exti0_isr                                         ../libopencm3/lib/libopencm3_stm32f4.a(vector.o)
exti15_10_isr                                     src/firmware.o
exti1_isr                                         ../libopencm3/lib/libopencm3_stm32f4.a(vector.o)
exti2_isr                                         ../libopencm3/lib/libopencm3_stm32f4.a(vector.o)
exti3_isr                                         ../libopencm3/lib/libopencm3_stm32f4.a(vector.o)
exti4_isr                                         ../libopencm3/lib/libopencm3_stm32f4.a(vector.o)
exti9_5_isr                                       ../libopencm3/lib/libopencm3_stm32f4.a(vector.o)
exti_disable_request                              ../libopencm3/lib/libopencm3_stm32f4.a(exti_common_all.o)
exti_enable_request                               ../libopencm3/lib/libopencm3_stm32f4.a(exti_common_all.o)
                                                  inc/E32/E32.o
exti_get_flag_status                              ../libopencm3/lib/libopencm3_stm32f4.a(exti_common_all.o)
                                                  src/firmware.o
exti_reset_request                                ../libopencm3/lib/libopencm3_stm32f4.a(exti_common_all.o)
                                                  src/firmware.o
exti_select_source                                ../libopencm3/lib/libopencm3_stm32f4.a(exti_common_all.o)
                                                  inc/E32/E32.o
exti_set_trigger                                  ../libopencm3/lib/libopencm3_stm32f4.a(exti_common_all.o)
                                                  inc/E32/E32.o
fine_temp                                         inc/BMP280/BMP280.o
flash_dcache_disable                              ../libopencm3/lib/libopencm3_stm32f4.a(flash_common_idcache.o)
                                                  ../libopencm3/lib/libopencm3_stm32f4.a(rcc.o)
flash_dcache_enable                               ../libopencm3/lib/libopencm3_stm32f4.a(flash_common_idcache.o)
                                                  ../libopencm3/lib/libopencm3_stm32f4.a(rcc.o)
flash_dcache_reset                                ../libopencm3/lib/libopencm3_stm32f4.a(flash_common_idcache.o)
flash_icache_disable                              ../libopencm3/lib/libopencm3_stm32f4.a(flash_common_idcache.o)
                                                  ../libopencm3/lib/libopencm3_stm32f4.a(rcc.o)
flash_icache_enable                               ../libopencm3/lib/libopencm3_stm32f4.a(flash_common_idcache.o)
                                                  ../libopencm3/lib/libopencm3_stm32f4.a(rcc.o)
flash_icache_reset                                ../libopencm3/lib/libopencm3_stm32f4.a(flash_common_idcache.o)
flash_isr                                         ../libopencm3/lib/libopencm3_stm32f4.a(vector.o)
flash_prefetch_disable                            ../libopencm3/lib/libopencm3_stm32f4.a(flash_common_all.o)
flash_prefetch_enable                             ../libopencm3/lib/libopencm3_stm32f4.a(flash_common_all.o)
flash_set_ws                                      ../libopencm3/lib/libopencm3_stm32f4.a(flash_common_all.o)
                                                  ../libopencm3/lib/libopencm3_stm32f4.a(rcc.o)
flash_unlock_option_bytes                         ../libopencm3/lib/libopencm3_stm32f4.a(flash_common_all.o)
fpu_isr                                           ../libopencm3/lib/libopencm3_stm32f4.a(vector.o)
fsmc_isr                                          ../libopencm3/lib/libopencm3_stm32f4.a(vector.o)
get_ticks                                         src/system.o
gpio_clear                                        ../libopencm3/lib/libopencm3_stm32f4.a(gpio_common_all.o)
                                                  inc/E32/E32.o
                                                  src/firmware.o
gpio_get                                          ../libopencm3/lib/libopencm3_stm32f4.a(gpio_common_all.o)
gpio_mode_setup                                   ../libopencm3/lib/libopencm3_stm32f4.a(gpio_common_f0234.o)
                                                  inc/MPU6050/MPU6050.o
                                                  inc/BMP280/BMP280.o
                                                  src/system.o
gpio_port_config_lock                             ../libopencm3/lib/libopencm3_stm32f4.a(gpio_common_all.o)
gpio_port_read                                    ../libopencm3/lib/libopencm3_stm32f4.a(gpio_common_all.o)
gpio_port_write                                   ../libopencm3/lib/libopencm3_stm32f4.a(gpio_common_all.o)
gpio_set                                          ../libopencm3/lib/libopencm3_stm32f4.a(gpio_common_all.o)
                                                  inc/E32/E32.o
                                                  src/firmware.o
gpio_set_af                                       ../libopencm3/lib/libopencm3_stm32f4.a(gpio_common_f0234.o)
                                                  inc/MPU6050/MPU6050.o
                                                  inc/BMP280/BMP280.o
                                                  src/system.o
gpio_set_output_options                           ../libopencm3/lib/libopencm3_stm32f4.a(gpio_common_f0234.o)
                                                  inc/MPU6050/MPU6050.o
                                                  inc/BMP280/BMP280.o
gpio_setup                                        src/system.o
                                                  src/firmware.o
gpio_toggle                                       ../libopencm3/lib/libopencm3_stm32f4.a(gpio_common_all.o)
                                                  src/firmware.o
hard_fault_handler                                ../libopencm3/lib/libopencm3_stm32f4.a(vector.o)
hash_rng_isr                                      ../libopencm3/lib/libopencm3_stm32f4.a(vector.o)
i2c1_er_isr                                       ../libopencm3/lib/libopencm3_stm32f4.a(vector.o)
i2c1_ev_isr                                       ../libopencm3/lib/libopencm3_stm32f4.a(vector.o)
i2c2_er_isr                                       ../libopencm3/lib/libopencm3_stm32f4.a(vector.o)
i2c2_ev_isr                                       ../libopencm3/lib/libopencm3_stm32f4.a(vector.o)
i2c3_er_isr                                       ../libopencm3/lib/libopencm3_stm32f4.a(vector.o)
i2c3_ev_isr                                       ../libopencm3/lib/libopencm3_stm32f4.a(vector.o)
i2c_clear_dma_last_transfer                       ../libopencm3/lib/libopencm3_stm32f4.a(i2c_common_v1.o)
i2c_clear_stop                                    ../libopencm3/lib/libopencm3_stm32f4.a(i2c_common_v1.o)
i2c_disable_ack                                   ../libopencm3/lib/libopencm3_stm32f4.a(i2c_common_v1.o)
i2c_disable_dma                                   ../libopencm3/lib/libopencm3_stm32f4.a(i2c_common_v1.o)
i2c_disable_dual_addressing_mode                  ../libopencm3/lib/libopencm3_stm32f4.a(i2c_common_v1.o)
i2c_disable_interrupt                             ../libopencm3/lib/libopencm3_stm32f4.a(i2c_common_v1.o)
i2c_enable_ack                                    ../libopencm3/lib/libopencm3_stm32f4.a(i2c_common_v1.o)
i2c_enable_dma                                    ../libopencm3/lib/libopencm3_stm32f4.a(i2c_common_v1.o)
i2c_enable_dual_addressing_mode                   ../libopencm3/lib/libopencm3_stm32f4.a(i2c_common_v1.o)
i2c_enable_interrupt                              ../libopencm3/lib/libopencm3_stm32f4.a(i2c_common_v1.o)
i2c_get_data                                      ../libopencm3/lib/libopencm3_stm32f4.a(i2c_common_v1.o)
i2c_nack_current                                  ../libopencm3/lib/libopencm3_stm32f4.a(i2c_common_v1.o)
i2c_nack_next                                     ../libopencm3/lib/libopencm3_stm32f4.a(i2c_common_v1.o)
i2c_peripheral_disable                            ../libopencm3/lib/libopencm3_stm32f4.a(i2c_common_v1.o)
                                                  inc/MPU6050/MPU6050.o
                                                  inc/BMP280/BMP280.o
i2c_peripheral_enable                             ../libopencm3/lib/libopencm3_stm32f4.a(i2c_common_v1.o)
                                                  inc/MPU6050/MPU6050.o
                                                  inc/BMP280/BMP280.o
i2c_send_7bit_address                             ../libopencm3/lib/libopencm3_stm32f4.a(i2c_common_v1.o)
i2c_send_data                                     ../libopencm3/lib/libopencm3_stm32f4.a(i2c_common_v1.o)
i2c_send_start                                    ../libopencm3/lib/libopencm3_stm32f4.a(i2c_common_v1.o)
i2c_send_stop                                     ../libopencm3/lib/libopencm3_stm32f4.a(i2c_common_v1.o)
i2c_set_ccr                                       ../libopencm3/lib/libopencm3_stm32f4.a(i2c_common_v1.o)
i2c_set_clock_frequency                           ../libopencm3/lib/libopencm3_stm32f4.a(i2c_common_v1.o)
i2c_set_dma_last_transfer                         ../libopencm3/lib/libopencm3_stm32f4.a(i2c_common_v1.o)
i2c_set_dutycycle                                 ../libopencm3/lib/libopencm3_stm32f4.a(i2c_common_v1.o)
i2c_set_fast_mode                                 ../libopencm3/lib/libopencm3_stm32f4.a(i2c_common_v1.o)
i2c_set_own_10bit_slave_address                   ../libopencm3/lib/libopencm3_stm32f4.a(i2c_common_v1.o)
i2c_set_own_7bit_slave_address                    ../libopencm3/lib/libopencm3_stm32f4.a(i2c_common_v1.o)
i2c_set_own_7bit_slave_address_two                ../libopencm3/lib/libopencm3_stm32f4.a(i2c_common_v1.o)
i2c_set_speed                                     ../libopencm3/lib/libopencm3_stm32f4.a(i2c_common_v1.o)
                                                  inc/MPU6050/MPU6050.o
                                                  inc/BMP280/BMP280.o
i2c_set_standard_mode                             ../libopencm3/lib/libopencm3_stm32f4.a(i2c_common_v1.o)
i2c_set_trise                                     ../libopencm3/lib/libopencm3_stm32f4.a(i2c_common_v1.o)
i2c_transfer7                                     ../libopencm3/lib/libopencm3_stm32f4.a(i2c_common_v1.o)
                                                  inc/MPU6050/MPU6050.o
                                                  inc/BMP280/BMP280.o
imu_data                                          src/firmware.o
lcd_tft_err_isr                                   ../libopencm3/lib/libopencm3_stm32f4.a(vector.o)
lcd_tft_isr                                       ../libopencm3/lib/libopencm3_stm32f4.a(vector.o)
main                                              src/firmware.o
                                                  ../libopencm3/lib/libopencm3_stm32f4.a(vector.o)
mem_manage_handler                                ../libopencm3/lib/libopencm3_stm32f4.a(vector.o)
nmi_handler                                       ../libopencm3/lib/libopencm3_stm32f4.a(vector.o)
null_handler                                      ../libopencm3/lib/libopencm3_stm32f4.a(vector.o)
nvic_clear_pending_irq                            ../libopencm3/lib/libopencm3_stm32f4.a(nvic.o)
nvic_disable_irq                                  ../libopencm3/lib/libopencm3_stm32f4.a(nvic.o)
nvic_enable_irq                                   ../libopencm3/lib/libopencm3_stm32f4.a(nvic.o)
                                                  inc/UART/uart.o
                                                  inc/E32/E32.o
nvic_generate_software_interrupt                  ../libopencm3/lib/libopencm3_stm32f4.a(nvic.o)
nvic_get_active_irq                               ../libopencm3/lib/libopencm3_stm32f4.a(nvic.o)
nvic_get_irq_enabled                              ../libopencm3/lib/libopencm3_stm32f4.a(nvic.o)
nvic_get_pending_irq                              ../libopencm3/lib/libopencm3_stm32f4.a(nvic.o)
nvic_set_pending_irq                              ../libopencm3/lib/libopencm3_stm32f4.a(nvic.o)
nvic_set_priority                                 ../libopencm3/lib/libopencm3_stm32f4.a(nvic.o)
nvic_wwdg_isr                                     ../libopencm3/lib/libopencm3_stm32f4.a(vector.o)
otg_fs_isr                                        ../libopencm3/lib/libopencm3_stm32f4.a(vector.o)
otg_hs_ep1_in_isr                                 ../libopencm3/lib/libopencm3_stm32f4.a(vector.o)
otg_hs_ep1_out_isr                                ../libopencm3/lib/libopencm3_stm32f4.a(vector.o)
otg_hs_isr                                        ../libopencm3/lib/libopencm3_stm32f4.a(vector.o)
otg_hs_wkup_isr                                   ../libopencm3/lib/libopencm3_stm32f4.a(vector.o)
pend_sv_handler                                   ../libopencm3/lib/libopencm3_stm32f4.a(vector.o)
pvd_isr                                           ../libopencm3/lib/libopencm3_stm32f4.a(vector.o)
pwr_set_vos_scale                                 ../libopencm3/lib/libopencm3_stm32f4.a(pwr.o)
                                                  ../libopencm3/lib/libopencm3_stm32f4.a(rcc.o)
rcc_ahb_frequency                                 ../libopencm3/lib/libopencm3_stm32f4.a(rcc.o)
rcc_apb1_frequency                                ../libopencm3/lib/libopencm3_stm32f4.a(rcc.o)
                                                  inc/MPU6050/MPU6050.o
                                                  inc/BMP280/BMP280.o
rcc_apb2_frequency                                ../libopencm3/lib/libopencm3_stm32f4.a(rcc.o)
rcc_clock_setup_hse_3v3                           ../libopencm3/lib/libopencm3_stm32f4.a(rcc.o)
rcc_clock_setup_pll                               ../libopencm3/lib/libopencm3_stm32f4.a(rcc.o)
                                                  src/system.o
rcc_css_disable                                   ../libopencm3/lib/libopencm3_stm32f4.a(rcc.o)
rcc_css_enable                                    ../libopencm3/lib/libopencm3_stm32f4.a(rcc.o)
rcc_css_int_clear                                 ../libopencm3/lib/libopencm3_stm32f4.a(rcc.o)
rcc_css_int_flag                                  ../libopencm3/lib/libopencm3_stm32f4.a(rcc.o)
rcc_get_div_from_hpre                             ../libopencm3/lib/libopencm3_stm32f4.a(rcc_common_all.o)
rcc_get_i2c_clk_freq                              ../libopencm3/lib/libopencm3_stm32f4.a(rcc.o)
rcc_get_spi_clk_freq                              ../libopencm3/lib/libopencm3_stm32f4.a(rcc.o)
rcc_get_timer_clk_freq                            ../libopencm3/lib/libopencm3_stm32f4.a(rcc.o)
rcc_get_usart_clk_freq                            ../libopencm3/lib/libopencm3_stm32f4.a(rcc.o)