Archive member included to satisfy reference by file (symbol)

../libopencm3/lib/libopencm3_stm32f4.a(gpio_common_all.o)
                              src/firmware.o (gpio_set)
../libopencm3/lib/libopencm3_stm32f4.a(gpio_common_f0234.o)
                              src/system.o (gpio_mode_setup)
../libopencm3/lib/libopencm3_stm32f4.a(i2c_common_v1.o)
                              inc/BMP280/BMP280.o (i2c_peripheral_enable)
../libopencm3/lib/libopencm3_stm32f4.a(rcc_common_all.o)
                              src/system.o (rcc_periph_clock_enable)
../libopencm3/lib/libopencm3_stm32f4.a(rcc.o)
                              src/system.o (rcc_clock_setup_pll)
../libopencm3/lib/libopencm3_stm32f4.a(usart_common_all.o)
                              inc/UART/uart.o (usart_set_baudrate)
../libopencm3/lib/libopencm3_stm32f4.a(usart_common_f124.o)
                              ../libopencm3/lib/libopencm3_stm32f4.a(usart_common_all.o) (usart_send)
../libopencm3/lib/libopencm3_stm32f4.a(vector.o)
                              (reset_handler)
../libopencm3/lib/libopencm3_stm32f4.a(systick.o)
                              src/system.o (systick_set_frequency)
../libopencm3/lib/libopencm3_stm32f4.a(nvic.o)
                              inc/UART/uart.o (nvic_enable_irq)
../libopencm3/lib/libopencm3_stm32f4.a(flash_common_all.o)
                              ../libopencm3/lib/libopencm3_stm32f4.a(rcc.o) (flash_set_ws)
../libopencm3/lib/libopencm3_stm32f4.a(flash_common_idcache.o)
                              ../libopencm3/lib/libopencm3_stm32f4.a(rcc.o) (flash_dcache_enable)
../libopencm3/lib/libopencm3_stm32f4.a(pwr.o)
                              ../libopencm3/lib/libopencm3_stm32f4.a(rcc.o) (pwr_set_vos_scale)
/usr/lib/gcc/arm-none-eabi/10.3.1/thumb/v7e-m+fp/hard/libgcc.a(_arm_addsubdf3.o)
                              inc/BMP280/BMP280.o (__aeabi_ui2d)
/usr/lib/gcc/arm-none-eabi/10.3.1/thumb/v7e-m+fp/hard/libgcc.a(_arm_muldivdf3.o)
                              inc/BMP280/BMP280.o (__aeabi_ddiv)
/usr/lib/gcc/arm-none-eabi/10.3.1/thumb/v7e-m+fp/hard/libgcc.a(_arm_fixunsdfsi.o)
                              inc/BMP280/BMP280.o (__aeabi_d2uiz)
/usr/lib/gcc/arm-none-eabi/10.3.1/thumb/v7e-m+fp/hard/libgcc.a(_arm_addsubsf3.o)
                              inc/BMP280/BMP280.o (__aeabi_l2f)
/usr/lib/gcc/arm-none-eabi/10.3.1/thumb/v7e-m+fp/hard/libgcc.a(_aeabi_ldivmod.o)
                              inc/BMP280/BMP280.o (__aeabi_ldivmod)
/usr/lib/gcc/arm-none-eabi/10.3.1/thumb/v7e-m+fp/hard/libgcc.a(_udivmoddi4.o)
                              /usr/lib/gcc/arm-none-eabi/10.3.1/thumb/v7e-m+fp/hard/libgcc.a(_aeabi_ldivmod.o) (__udivmoddi4)
/usr/lib/gcc/arm-none-eabi/10.3.1/thumb/v7e-m+fp/hard/libgcc.a(_dvmd_tls.o)
                              /usr/lib/gcc/arm-none-eabi/10.3.1/thumb/v7e-m+fp/hard/libgcc.a(_aeabi_ldivmod.o) (__aeabi_ldiv0)

Discarded input sections

 .group         0x0000000000000000        0xc src/firmware.o
 .group         0x0000000000000000        0xc src/firmware.o
 .group         0x0000000000000000        0xc src/firmware.o
 .group         0x0000000000000000        0xc src/firmware.o
 .group         0x0000000000000000        0xc src/firmware.o
 .group         0x0000000000000000        0xc src/firmware.o
 .group         0x0000000000000000        0xc src/firmware.o
 .group         0x0000000000000000        0xc src/firmware.o
 .group         0x0000000000000000        0xc src/firmware.o
 .group         0x0000000000000000        0xc src/firmware.o
 .group         0x0000000000000000        0xc src/firmware.o
 .group         0x0000000000000000        0xc src/firmware.o
 .group         0x0000000000000000        0xc src/firmware.o
 .group         0x0000000000000000        0xc src/firmware.o
 .group         0x0000000000000000        0xc src/firmware.o
 .group         0x0000000000000000        0xc src/firmware.o
 .group         0x0000000000000000        0xc src/firmware.o
 .group         0x0000000000000000        0xc src/firmware.o
 .group         0x0000000000000000        0xc src/firmware.o
 .group         0x0000000000000000        0xc src/firmware.o
 .group         0x0000000000000000        0xc src/firmware.o
 .group         0x0000000000000000        0xc src/firmware.o
 .group         0x0000000000000000        0xc src/firmware.o
 .group         0x0000000000000000        0xc src/firmware.o
 .group         0x0000000000000000        0xc src/firmware.o
 .text          0x0000000000000000        0x0 src/firmware.o
 .data          0x0000000000000000        0x0 src/firmware.o
 .bss           0x0000000000000000        0x0 src/firmware.o
 .group         0x0000000000000000        0xc src/system.o
 .group         0x0000000000000000        0xc src/system.o
 .group         0x0000000000000000        0xc src/system.o
 .group         0x0000000000000000        0xc src/system.o
 .group         0x0000000000000000        0xc src/system.o
 .group         0x0000000000000000        0xc src/system.o
[...]
Memory Configuration

Name             Origin             Length             Attributes
rom              0x0000000008000000 0x0000000000080000 xr
ram              0x0000000020000000 0x0000000000020000 xrw
*default*        0x0000000000000000 0xffffffffffffffff

Linker script and memory map

LOAD src/firmware.o
LOAD src/system.o
LOAD inc/BMP280/BMP280.o
LOAD inc/E32/E32.o
LOAD inc/UART/uart.o
LOAD inc/UART/ring_buffer.o
LOAD ../libopencm3/lib/libopencm3_stm32f4.a
START GROUP
LOAD /usr/lib/gcc/arm-none-eabi/10.3.1/../../../arm-none-eabi/lib/thumb/v7e-m+fp/hard/libc.a
LOAD /usr/lib/gcc/arm-none-eabi/10.3.1/thumb/v7e-m+fp/hard/libgcc.a
LOAD /usr/lib/gcc/arm-none-eabi/10.3.1/../../../arm-none-eabi/lib/thumb/v7e-m+fp/hard/libnosys.a
END GROUP
START GROUP
LOAD /usr/lib/gcc/arm-none-eabi/10.3.1/thumb/v7e-m+fp/hard/libgcc.a
LOAD /usr/lib/gcc/arm-none-eabi/10.3.1/../../../arm-none-eabi/lib/thumb/v7e-m+fp/hard/libg.a
LOAD /usr/lib/gcc/arm-none-eabi/10.3.1/../../../arm-none-eabi/lib/thumb/v7e-m+fp/hard/libc.a
END GROUP

.text           0x0000000008000000     0x1f50
 *(.bootloader_section)
 *(.vectors)
 .vectors       0x0000000008000000      0x1ac ../libopencm3/lib/libopencm3_stm32f4.a(vector.o)
                0x0000000008000000                vector_table
                0x00000000080001b0                . = ALIGN (0x10)
 *fill*         0x00000000080001ac        0x4 
 *(.firmware_info)
 *(.firmware_signature)
 *(.text*)
 .text.startup.main
                0x00000000080001b0       0x88 src/firmware.o
                0x00000000080001b0                main
 .text.sys_tick_handler
                0x0000000008000238       0x10 src/system.o
                0x0000000008000238                sys_tick_handler
 .text.system_delay
                0x0000000008000248       0x14 src/system.o
                0x0000000008000248                system_delay
 .text.rcc_setup
                0x000000000800025c        0xc src/system.o
                0x000000000800025c                rcc_setup
 .text.gpio_setup
                0x0000000008000268       0x94 src/system.o
                0x0000000008000268                gpio_setup
 .text.systick_setup
                0x00000000080002fc       0x1c src/system.o
                0x00000000080002fc                systick_setup
 .text.BMP_i2c_setup
                0x0000000008000318       0x7c inc/BMP280/BMP280.o
                0x0000000008000318                BMP_i2c_setup
 .text.BMP_checkID
                0x0000000008000394       0x34 inc/BMP280/BMP280.o
                0x0000000008000394                BMP_checkID
 .text.BMP_read_calibration
                0x00000000080003c8       0x84 inc/BMP280/BMP280.o
                0x00000000080003c8                BMP_read_calibration
 .text.BMP_init
                0x000000000800044c       0x7c inc/BMP280/BMP280.o
                0x000000000800044c                BMP_init
 .text.BMP_get_raw_pressure
                0x00000000080004c8       0x40 inc/BMP280/BMP280.o
                0x00000000080004c8                BMP_get_raw_pressure
 .text.BMP_get_pressure
                0x0000000008000508      0x17c inc/BMP280/BMP280.o
                0x0000000008000508                BMP_get_pressure
 .text.BMP_get_raw_temperature
                0x0000000008000684       0x40 inc/BMP280/BMP280.o
                0x0000000008000684                BMP_get_raw_temperature
 .text.BMP_get_temperature
                0x00000000080006c4       0x58 inc/BMP280/BMP280.o
                0x00000000080006c4                BMP_get_temperature
 .text.compare_configuration
                0x000000000800071c       0x4e inc/E32/E32.o
                0x000000000800071c                compare_configuration
 *fill*         0x000000000800076a        0x2 
 .text.E32_set_mode
                0x000000000800076c       0x24 inc/E32/E32.o
                0x000000000800076c                E32_set_mode
 .text.E32_init
                0x0000000008000790       0x10 inc/E32/E32.o
                0x0000000008000790                E32_init
 .text.E32_configure
                0x00000000080007a0       0x78 inc/E32/E32.o
                0x00000000080007a0                E32_configure
 .text.E32_uart_setup
                0x0000000008000818       0x6c inc/UART/uart.o
                0x0000000008000818                E32_uart_setup
 .text.uart5_isr
                0x0000000008000884       0x34 inc/UART/uart.o
                0x0000000008000884                uart5_isr
 .text.E32_uart_write_byte
                0x00000000080008b8        0xc inc/UART/uart.o
                0x00000000080008b8                E32_uart_write_byte
 .text.E32_uart_write
                0x00000000080008c4       0x16 inc/UART/uart.o
                0x00000000080008c4                E32_uart_write
 *fill*         0x00000000080008da        0x2 
 .text.E32_uart_read
                0x00000000080008dc       0x28 inc/UART/uart.o
                0x00000000080008dc                E32_uart_read
 .text.E32_uart_data_available
                0x0000000008000904       0x14 inc/UART/uart.o
                0x0000000008000904                E32_uart_data_available
 .text.ring_buffer_setup
                0x0000000008000918        0xe inc/UART/ring_buffer.o
                0x0000000008000918                ring_buffer_setup
 .text.ring_buffer_empty
                0x0000000008000926        0xc inc/UART/ring_buffer.o
                0x0000000008000926                ring_buffer_empty
 .text.ring_buffer_read
                0x0000000008000932       0x1e inc/UART/ring_buffer.o
                0x0000000008000932                ring_buffer_read
 .text.ring_buffer_write
                0x0000000008000950       0x1e inc/UART/ring_buffer.o
                0x0000000008000950                ring_buffer_write
 .text.gpio_set
                0x000000000800096e        0x4 ../libopencm3/lib/libopencm3_stm32f4.a(gpio_common_all.o)
                0x000000000800096e                gpio_set
 .text.gpio_clear
                0x0000000008000972        0x6 ../libopencm3/lib/libopencm3_stm32f4.a(gpio_common_all.o)
                0x0000000008000972                gpio_clear
 .text.gpio_toggle
                0x0000000008000978       0x12 ../libopencm3/lib/libopencm3_stm32f4.a(gpio_common_all.o)
                0x0000000008000978                gpio_toggle
 .text.gpio_mode_setup
                0x000000000800098a       0x40 ../libopencm3/lib/libopencm3_stm32f4.a(gpio_common_f0234.o)
                0x000000000800098a                gpio_mode_setup
 .text.gpio_set_output_options
                0x00000000080009ca       0x36 ../libopencm3/lib/libopencm3_stm32f4.a(gpio_common_f0234.o)
                0x00000000080009ca                gpio_set_output_options
 .text.gpio_set_af
                0x0000000008000a00       0x58 ../libopencm3/lib/libopencm3_stm32f4.a(gpio_common_f0234.o)
                0x0000000008000a00                gpio_set_af
 .text.i2c_peripheral_enable
                0x0000000008000a58        0xa ../libopencm3/lib/libopencm3_stm32f4.a(i2c_common_v1.o)
                0x0000000008000a58                i2c_peripheral_enable
 .text.i2c_peripheral_disable
                0x0000000008000a62        0xa ../libopencm3/lib/libopencm3_stm32f4.a(i2c_common_v1.o)
                0x0000000008000a62                i2c_peripheral_disable
 .text.i2c_send_start
                0x0000000008000a6c        0xa ../libopencm3/lib/libopencm3_stm32f4.a(i2c_common_v1.o)
                0x0000000008000a6c                i2c_send_start
 .text.i2c_send_stop
                0x0000000008000a76        0xa ../libopencm3/lib/libopencm3_stm32f4.a(i2c_common_v1.o)
                0x0000000008000a76                i2c_send_stop
 .text.i2c_set_clock_frequency
                0x0000000008000a80        0xe ../libopencm3/lib/libopencm3_stm32f4.a(i2c_common_v1.o)
                0x0000000008000a80                i2c_set_clock_frequency
 .text.i2c_set_fast_mode
                0x0000000008000a8e        0xa ../libopencm3/lib/libopencm3_stm32f4.a(i2c_common_v1.o)
                0x0000000008000a8e                i2c_set_fast_mode
 .text.i2c_set_standard_mode
                0x0000000008000a98        0xa ../libopencm3/lib/libopencm3_stm32f4.a(i2c_common_v1.o)
                0x0000000008000a98                i2c_set_standard_mode
 .text.i2c_set_ccr
                0x0000000008000aa2        0xc ../libopencm3/lib/libopencm3_stm32f4.a(i2c_common_v1.o)
                0x0000000008000aa2                i2c_set_ccr
 .text.i2c_enable_ack
                0x0000000008000aae        0xa ../libopencm3/lib/libopencm3_stm32f4.a(i2c_common_v1.o)
                0x0000000008000aae                i2c_enable_ack
 .text.i2c_disable_ack
                0x0000000008000ab8        0xa ../libopencm3/lib/libopencm3_stm32f4.a(i2c_common_v1.o)
                0x0000000008000ab8                i2c_disable_ack
 .text.i2c_transfer7
                0x0000000008000ac2       0xb6 ../libopencm3/lib/libopencm3_stm32f4.a(i2c_common_v1.o)
                0x0000000008000ac2                i2c_transfer7
 .text.i2c_set_speed
                0x0000000008000b78       0x3a ../libopencm3/lib/libopencm3_stm32f4.a(i2c_common_v1.o)
                0x0000000008000b78                i2c_set_speed
 .text.rcc_periph_clock_enable
                0x0000000008000bb2       0x1c ../libopencm3/lib/libopencm3_stm32f4.a(rcc_common_all.o)
                0x0000000008000bb2                rcc_periph_clock_enable
 *fill*         0x0000000008000bce        0x2 
 .text.rcc_is_osc_ready
                0x0000000008000bd0       0x64 ../libopencm3/lib/libopencm3_stm32f4.a(rcc.o)
                0x0000000008000bd0                rcc_is_osc_ready
 .text.rcc_wait_for_osc_ready
                0x0000000008000c34       0x10 ../libopencm3/lib/libopencm3_stm32f4.a(rcc.o)
                0x0000000008000c34                rcc_wait_for_osc_ready
 .text.rcc_osc_on
                0x0000000008000c44       0x74 ../libopencm3/lib/libopencm3_stm32f4.a(rcc.o)
                0x0000000008000c44                rcc_osc_on
 .text.rcc_osc_off
                0x0000000008000cb8       0x74 ../libopencm3/lib/libopencm3_stm32f4.a(rcc.o)
                0x0000000008000cb8                rcc_osc_off
 .text.rcc_set_sysclk_source
                0x0000000008000d2c       0x18 ../libopencm3/lib/libopencm3_stm32f4.a(rcc.o)
                0x0000000008000d2c                rcc_set_sysclk_source
 .text.rcc_set_ppre2
                0x0000000008000d44       0x18 ../libopencm3/lib/libopencm3_stm32f4.a(rcc.o)
                0x0000000008000d44                rcc_set_ppre2
 .text.rcc_set_ppre1
                0x0000000008000d5c       0x18 ../libopencm3/lib/libopencm3_stm32f4.a(rcc.o)
                0x0000000008000d5c                rcc_set_ppre1
 .text.rcc_set_hpre
                0x0000000008000d74       0x18 ../libopencm3/lib/libopencm3_stm32f4.a(rcc.o)
                0x0000000008000d74                rcc_set_hpre
 .text.rcc_set_main_pll_hsi
                0x0000000008000d8c       0x44 ../libopencm3/lib/libopencm3_stm32f4.a(rcc.o)
                0x0000000008000d8c                rcc_set_main_pll_hsi
 .text.rcc_set_main_pll_hse
                0x0000000008000dd0       0x44 ../libopencm3/lib/libopencm3_stm32f4.a(rcc.o)
                0x0000000008000dd0                rcc_set_main_pll_hse
 .text.rcc_clock_setup_pll
                0x0000000008000e14       0xe4 ../libopencm3/lib/libopencm3_stm32f4.a(rcc.o)
                0x0000000008000e14                rcc_clock_setup_pll
 .text.rcc_get_usart_clk_freq
                0x0000000008000ef8       0x20 ../libopencm3/lib/libopencm3_stm32f4.a(rcc.o)
                0x0000000008000ef8                rcc_get_usart_clk_freq
 .text.usart_set_baudrate
                0x0000000008000f18       0x16 ../libopencm3/lib/libopencm3_stm32f4.a(usart_common_all.o)
                0x0000000008000f18                usart_set_baudrate
 .text.usart_set_databits
                0x0000000008000f2e       0x12 ../libopencm3/lib/libopencm3_stm32f4.a(usart_common_all.o)
                0x0000000008000f2e                usart_set_databits
 .text.usart_set_stopbits
                0x0000000008000f40        0xc ../libopencm3/lib/libopencm3_stm32f4.a(usart_common_all.o)
                0x0000000008000f40                usart_set_stopbits
 .text.usart_set_parity
                0x0000000008000f4c        0xc ../libopencm3/lib/libopencm3_stm32f4.a(usart_common_all.o)
                0x0000000008000f4c                usart_set_parity
 .text.usart_set_mode
                0x0000000008000f58        0xc ../libopencm3/lib/libopencm3_stm32f4.a(usart_common_all.o)
                0x0000000008000f58                usart_set_mode
 .text.usart_set_flow_control
                0x0000000008000f64        0xc ../libopencm3/lib/libopencm3_stm32f4.a(usart_common_all.o)
                0x0000000008000f64                usart_set_flow_control
 .text.usart_enable
                0x0000000008000f70        0xa ../libopencm3/lib/libopencm3_stm32f4.a(usart_common_all.o)
                0x0000000008000f70                usart_enable
 .text.usart_send_blocking
                0x0000000008000f7a       0x18 ../libopencm3/lib/libopencm3_stm32f4.a(usart_common_all.o)
                0x0000000008000f7a                usart_send_blocking
 .text.usart_enable_rx_interrupt
                0x0000000008000f92        0xa ../libopencm3/lib/libopencm3_stm32f4.a(usart_common_all.o)
                0x0000000008000f92                usart_enable_rx_interrupt
 .text.usart_send
                0x0000000008000f9c        0x8 ../libopencm3/lib/libopencm3_stm32f4.a(usart_common_f124.o)
                0x0000000008000f9c                usart_send
 .text.usart_recv
                0x0000000008000fa4        0x8 ../libopencm3/lib/libopencm3_stm32f4.a(usart_common_f124.o)
                0x0000000008000fa4                usart_recv
 .text.usart_wait_send_ready
                0x0000000008000fac        0x8 ../libopencm3/lib/libopencm3_stm32f4.a(usart_common_f124.o)
                0x0000000008000fac                usart_wait_send_ready
 .text.usart_get_flag
                0x0000000008000fb4        0xc ../libopencm3/lib/libopencm3_stm32f4.a(usart_common_f124.o)
                0x0000000008000fb4                usart_get_flag
 .text.blocking_handler
                0x0000000008000fc0        0x2 ../libopencm3/lib/libopencm3_stm32f4.a(vector.o)
                0x0000000008000fc0                dma2_stream1_isr
                0x0000000008000fc0                tim8_brk_tim12_isr
                0x0000000008000fc0                dma1_stream7_isr
                0x0000000008000fc0                usart3_isr
                0x0000000008000fc0                tim7_isr
                0x0000000008000fc0                dma2d_isr
                0x0000000008000fc0                uart8_isr
                0x0000000008000fc0                dma1_stream2_isr
                0x0000000008000fc0                otg_hs_isr
                0x0000000008000fc0                blocking_handler
                0x0000000008000fc0                tim5_isr
                0x0000000008000fc0                rtc_wkup_isr
                0x0000000008000fc0                otg_fs_isr
                0x0000000008000fc0                spi1_isr
                0x0000000008000fc0                i2c3_er_isr
                0x0000000008000fc0                exti2_isr
                0x0000000008000fc0                spi5_isr
                0x0000000008000fc0                usb_fs_wkup_isr
                0x0000000008000fc0                tamp_stamp_isr
                0x0000000008000fc0                can1_rx1_isr
                0x0000000008000fc0                dma2_stream0_isr
                0x0000000008000fc0                usart1_isr
                0x0000000008000fc0                i2c3_ev_isr
                0x0000000008000fc0                usage_fault_handler
                0x0000000008000fc0                can2_rx0_isr
                0x0000000008000fc0                dma1_stream6_isr
                0x0000000008000fc0                can2_rx1_isr
                0x0000000008000fc0                can1_sce_isr
                0x0000000008000fc0                tim1_cc_isr
                0x0000000008000fc0                can1_tx_isr
                0x0000000008000fc0                tim1_up_tim10_isr
                0x0000000008000fc0                sdio_isr
                0x0000000008000fc0                eth_isr
                0x0000000008000fc0                spi6_isr
                0x0000000008000fc0                dma2_stream5_isr
                0x0000000008000fc0                pvd_isr
                0x0000000008000fc0                can1_rx0_isr
                0x0000000008000fc0                rcc_isr
                0x0000000008000fc0                dma2_stream3_isr
                0x0000000008000fc0                flash_isr
                0x0000000008000fc0                uart4_isr
                0x0000000008000fc0                lcd_tft_isr
                0x0000000008000fc0                rtc_alarm_isr
                0x0000000008000fc0                exti15_10_isr
                0x0000000008000fc0                hash_rng_isr
                0x0000000008000fc0                tim1_trg_com_tim11_isr
                0x0000000008000fc0                hard_fault_handler
                0x0000000008000fc0                exti1_isr
                0x0000000008000fc0                i2c1_ev_isr
                0x0000000008000fc0                usart6_isr
                0x0000000008000fc0                spi2_isr
                0x0000000008000fc0                cryp_isr
                0x0000000008000fc0                nvic_wwdg_isr
                0x0000000008000fc0                dma1_stream1_isr
                0x0000000008000fc0                dma2_stream4_isr
                0x0000000008000fc0                exti3_isr
                0x0000000008000fc0                tim3_isr
                0x0000000008000fc0                usart2_isr
                0x0000000008000fc0                sai1_isr
                0x0000000008000fc0                fpu_isr
                0x0000000008000fc0                dma1_stream4_isr
                0x0000000008000fc0                i2c2_er_isr
                0x0000000008000fc0                i2c2_ev_isr
                0x0000000008000fc0                dma2_stream6_isr
                0x0000000008000fc0                spi4_isr
                0x0000000008000fc0                adc_isr
                0x0000000008000fc0                dma2_stream7_isr
                0x0000000008000fc0                tim8_up_tim13_isr
                0x0000000008000fc0                fsmc_isr
                0x0000000008000fc0                exti4_isr
                0x0000000008000fc0                tim6_dac_isr
                0x0000000008000fc0                dma1_stream3_isr
                0x0000000008000fc0                tim8_trg_com_tim14_isr
                0x0000000008000fc0                mem_manage_handler
                0x0000000008000fc0                lcd_tft_err_isr
                0x0000000008000fc0                can2_tx_isr
                0x0000000008000fc0                exti9_5_isr
                0x0000000008000fc0                tim1_brk_tim9_isr
                0x0000000008000fc0                uart7_isr
                0x0000000008000fc0                can2_sce_isr
                0x0000000008000fc0                tim4_isr
                0x0000000008000fc0                otg_hs_wkup_isr
                0x0000000008000fc0                i2c1_er_isr
                0x0000000008000fc0                dma1_stream0_isr
                0x0000000008000fc0                tim8_cc_isr
                0x0000000008000fc0                dcmi_isr
                0x0000000008000fc0                dma2_stream2_isr
                0x0000000008000fc0                eth_wkup_isr
                0x0000000008000fc0                bus_fault_handler
                0x0000000008000fc0                otg_hs_ep1_out_isr
                0x0000000008000fc0                spi3_isr
                0x0000000008000fc0                dma1_stream5_isr
                0x0000000008000fc0                otg_hs_ep1_in_isr
                0x0000000008000fc0                tim2_isr
                0x0000000008000fc0                exti0_isr
 .text.null_handler
                0x0000000008000fc2        0x2 ../libopencm3/lib/libopencm3_stm32f4.a(vector.o)
                0x0000000008000fc2                null_handler
                0x0000000008000fc2                sv_call_handler
                0x0000000008000fc2                pend_sv_handler
                0x0000000008000fc2                debug_monitor_handler
                0x0000000008000fc2                nmi_handler
 .text.reset_handler
                0x0000000008000fc4       0xa0 ../libopencm3/lib/libopencm3_stm32f4.a(vector.o)
                0x0000000008000fc4                reset_handler
 .text.systick_set_clocksource
                0x0000000008001064       0x14 ../libopencm3/lib/libopencm3_stm32f4.a(systick.o)
                0x0000000008001064                systick_set_clocksource
 .text.systick_set_frequency
                0x0000000008001078       0x38 ../libopencm3/lib/libopencm3_stm32f4.a(systick.o)
                0x0000000008001078                systick_set_frequency
 .text.systick_interrupt_enable
                0x00000000080010b0        0xe ../libopencm3/lib/libopencm3_stm32f4.a(systick.o)
                0x00000000080010b0                systick_interrupt_enable
 .text.systick_counter_enable
                0x00000000080010be        0xe ../libopencm3/lib/libopencm3_stm32f4.a(systick.o)
                0x00000000080010be                systick_counter_enable
 .text.nvic_enable_irq
                0x00000000080010cc       0x1c ../libopencm3/lib/libopencm3_stm32f4.a(nvic.o)
                0x00000000080010cc                nvic_enable_irq
 .text.flash_set_ws
                0x00000000080010e8       0x18 ../libopencm3/lib/libopencm3_stm32f4.a(flash_common_all.o)
                0x00000000080010e8                flash_set_ws
 .text.flash_dcache_enable
                0x0000000008001100       0x14 ../libopencm3/lib/libopencm3_stm32f4.a(flash_common_idcache.o)
                0x0000000008001100                flash_dcache_enable
 .text.flash_dcache_disable
                0x0000000008001114       0x14 ../libopencm3/lib/libopencm3_stm32f4.a(flash_common_idcache.o)
                0x0000000008001114                flash_dcache_disable
 .text.flash_icache_enable
                0x0000000008001128       0x14 ../libopencm3/lib/libopencm3_stm32f4.a(flash_common_idcache.o)
                0x0000000008001128                flash_icache_enable
 .text.flash_icache_disable
                0x000000000800113c       0x14 ../libopencm3/lib/libopencm3_stm32f4.a(flash_common_idcache.o)
                0x000000000800113c                flash_icache_disable
 .text.pwr_set_vos_scale
                0x0000000008001150       0x18 ../libopencm3/lib/libopencm3_stm32f4.a(pwr.o)
                0x0000000008001150                pwr_set_vos_scale
 .text          0x0000000008001168      0x378 /usr/lib/gcc/arm-none-eabi/10.3.1/thumb/v7e-m+fp/hard/libgcc.a(_arm_addsubdf3.o)
                0x0000000008001168                __aeabi_drsub
                0x0000000008001170                __aeabi_dsub
                0x0000000008001170                __subdf3
                0x0000000008001174                __adddf3
                0x0000000008001174                __aeabi_dadd
                0x00000000080013ec                __aeabi_ui2d
                0x00000000080013ec                __floatunsidf
                0x000000000800140c                __floatsidf
                0x000000000800140c                __aeabi_i2d
                0x0000000008001430                __extendsfdf2
                0x0000000008001430                __aeabi_f2d
                0x0000000008001474                __aeabi_ul2d
                0x0000000008001474                __floatundidf
                0x0000000008001484                __floatdidf
                0x0000000008001484                __aeabi_l2d
 .text          0x00000000080014e0      0x424 /usr/lib/gcc/arm-none-eabi/10.3.1/thumb/v7e-m+fp/hard/libgcc.a(_arm_muldivdf3.o)
                0x00000000080014e0                __aeabi_dmul
                0x00000000080014e0                __muldf3
                0x0000000008001734                __aeabi_ddiv
                0x0000000008001734                __divdf3
 .text          0x0000000008001904       0x40 /usr/lib/gcc/arm-none-eabi/10.3.1/thumb/v7e-m+fp/hard/libgcc.a(_arm_fixunsdfsi.o)
                0x0000000008001904                __fixunsdfsi
                0x0000000008001904                __aeabi_d2uiz
 .text          0x0000000008001944      0x21c /usr/lib/gcc/arm-none-eabi/10.3.1/thumb/v7e-m+fp/hard/libgcc.a(_arm_addsubsf3.o)
                0x0000000008001944                __aeabi_frsub
                0x000000000800194c                __subsf3
                0x000000000800194c                __aeabi_fsub
                0x0000000008001950                __aeabi_fadd
                0x0000000008001950                __addsf3
                0x0000000008001ab0                __aeabi_ui2f
                0x0000000008001ab0                __floatunsisf
                0x0000000008001ab8                __aeabi_i2f
                0x0000000008001ab8                __floatsisf
                0x0000000008001ad4                __floatundisf
                0x0000000008001ad4                __aeabi_ul2f
                0x0000000008001ae4                __floatdisf
                0x0000000008001ae4                __aeabi_l2f
 .text          0x0000000008001b60       0xa0 /usr/lib/gcc/arm-none-eabi/10.3.1/thumb/v7e-m+fp/hard/libgcc.a(_aeabi_ldivmod.o)
                0x0000000008001b60                __aeabi_ldivmod
 .text          0x0000000008001c00      0x2d0 /usr/lib/gcc/arm-none-eabi/10.3.1/thumb/v7e-m+fp/hard/libgcc.a(_udivmoddi4.o)
                0x0000000008001c00                __udivmoddi4
 .text          0x0000000008001ed0        0x4 /usr/lib/gcc/arm-none-eabi/10.3.1/thumb/v7e-m+fp/hard/libgcc.a(_dvmd_tls.o)
                0x0000000008001ed0                __aeabi_ldiv0
                0x0000000008001ed0                __aeabi_idiv0
                0x0000000008001ed4                . = ALIGN (0x4)
 *(.rodata*)
 .rodata.E32_configure.str1.1
                0x0000000008001ed4        0x4 inc/E32/E32.o
 .rodata        0x0000000008001ed8        0x6 inc/E32/E32.o
 *fill*         0x0000000008001ede        0x2 
 .rodata.rcc_hse_8mhz_3v3
                0x0000000008001ee0       0x70 ../libopencm3/lib/libopencm3_stm32f4.a(rcc.o)
                0x0000000008001ee0                rcc_hse_8mhz_3v3
                0x0000000008001f50                . = ALIGN (0x4)

.glue_7         0x0000000008001f50        0x0
 .glue_7        0x0000000008001f50        0x0 linker stubs

.glue_7t        0x0000000008001f50        0x0
 .glue_7t       0x0000000008001f50        0x0 linker stubs

.vfp11_veneer   0x0000000008001f50        0x0
 .vfp11_veneer  0x0000000008001f50        0x0 linker stubs

.v4_bx          0x0000000008001f50        0x0
 .v4_bx         0x0000000008001f50        0x0 linker stubs

.iplt           0x0000000008001f50        0x0
 .iplt          0x0000000008001f50        0x0 src/firmware.o

.preinit_array  0x0000000008001f50        0x0
                0x0000000008001f50                . = ALIGN (0x4)
                0x0000000008001f50                __preinit_array_start = .
 *(.preinit_array)
                0x0000000008001f50                __preinit_array_end = .

.init_array     0x0000000008001f50        0x0
                0x0000000008001f50                . = ALIGN (0x4)
                0x0000000008001f50                __init_array_start = .
 *(SORT_BY_NAME(.init_array.*))
 *(.init_array)
                0x0000000008001f50                __init_array_end = .

.fini_array     0x0000000008001f50        0x0
                0x0000000008001f50                . = ALIGN (0x4)
                0x0000000008001f50                __fini_array_start = .
 *(.fini_array)
 *(SORT_BY_NAME(.fini_array.*))
                0x0000000008001f50                __fini_array_end = .

.ARM.extab
 *(.ARM.extab*)

.ARM.exidx      0x0000000008001f50        0x8
                0x0000000008001f50                __exidx_start = .
 *(.ARM.exidx*)
 .ARM.exidx     0x0000000008001f50        0x8 /usr/lib/gcc/arm-none-eabi/10.3.1/thumb/v7e-m+fp/hard/libgcc.a(_udivmoddi4.o)
                0x0000000008001f58                __exidx_end = .

.rel.dyn        0x0000000008001f58        0x0
 .rel.iplt      0x0000000008001f58        0x0 src/firmware.o
                0x0000000008001f58                . = ALIGN (0x4)
                0x0000000008001f58                _etext = .

.noinit
 *(.noinit*)
                0x0000000008001f58                . = ALIGN (0x4)

.data           0x0000000020000000        0xc load address 0x0000000008001f58
                0x0000000020000000                _data = .
 *(.data*)
 .data.rcc_ahb_frequency
                0x0000000020000000        0x4 ../libopencm3/lib/libopencm3_stm32f4.a(rcc.o)
                0x0000000020000000                rcc_ahb_frequency
 .data.rcc_apb1_frequency
                0x0000000020000004        0x4 ../libopencm3/lib/libopencm3_stm32f4.a(rcc.o)
                0x0000000020000004                rcc_apb1_frequency
 .data.rcc_apb2_frequency
                0x0000000020000008        0x4 ../libopencm3/lib/libopencm3_stm32f4.a(rcc.o)
                0x0000000020000008                rcc_apb2_frequency
 *(.ramtext*)
                0x000000002000000c                . = ALIGN (0x4)
                0x000000002000000c                _edata = .
                0x0000000008001f58                _data_loadaddr = LOADADDR (.data)

.igot.plt       0x000000002000000c        0x0 load address 0x0000000008001f64
 .igot.plt      0x000000002000000c        0x0 src/firmware.o

.bss            0x000000002000000c       0xb0 load address 0x0000000008001f64
 *(.bss*)
 .bss.ticks     0x000000002000000c        0x4 src/system.o
                0x000000002000000c                ticks
 .bss.calibration
                0x0000000020000010       0x18 inc/BMP280/BMP280.o
                0x0000000020000010                calibration
 .bss.fine_temp
                0x0000000020000028        0x4 inc/BMP280/BMP280.o
                0x0000000020000028                fine_temp
 .bss.buffer    0x000000002000002c       0x80 inc/UART/uart.o
 .bss.rb        0x00000000200000ac       0x10 inc/UART/uart.o
 *(COMMON)
                0x00000000200000bc                . = ALIGN (0x4)
                0x00000000200000bc                _ebss = .

/DISCARD/
 *(.eh_frame)
                0x00000000200000bc                . = ALIGN (0x4)
                0x00000000200000bc                end = .
                0x0000000020020000                PROVIDE (_stack = (ORIGIN (ram) + LENGTH (ram)))
OUTPUT(firmware.elf elf32-littlearm)
LOAD linker stubs

.debug_info     0x0000000000000000     0x6aec
 .debug_info    0x0000000000000000      0x2c6 src/firmware.o
 .debug_info    0x00000000000002c6      0x90f src/system.o
 .debug_info    0x0000000000000bd5      0xbf9 inc/BMP280/BMP280.o
 .debug_info    0x00000000000017ce      0x46e inc/E32/E32.o
 .debug_info    0x0000000000001c3c      0x9f1 inc/UART/uart.o
 .debug_info    0x000000000000262d      0x22d inc/UART/ring_buffer.o
 .debug_info    0x000000000000285a      0x24e ../libopencm3/lib/libopencm3_stm32f4.a(gpio_common_all.o)
 .debug_info    0x0000000000002aa8      0x20f ../libopencm3/lib/libopencm3_stm32f4.a(gpio_common_f0234.o)
 .debug_info    0x0000000000002cb7      0xa80 ../libopencm3/lib/libopencm3_stm32f4.a(i2c_common_v1.o)
 .debug_info    0x0000000000003737      0x950 ../libopencm3/lib/libopencm3_stm32f4.a(rcc_common_all.o)
 .debug_info    0x0000000000004087     0x1027 ../libopencm3/lib/libopencm3_stm32f4.a(rcc.o)
 .debug_info    0x00000000000050ae      0x68e ../libopencm3/lib/libopencm3_stm32f4.a(usart_common_all.o)
 .debug_info    0x000000000000573c      0x186 ../libopencm3/lib/libopencm3_stm32f4.a(usart_common_f124.o)
 .debug_info    0x00000000000058c2      0x2e6 ../libopencm3/lib/libopencm3_stm32f4.a(vector.o)
 .debug_info    0x0000000000005ba8      0x268 ../libopencm3/lib/libopencm3_stm32f4.a(systick.o)
 .debug_info    0x0000000000005e10      0x22d ../libopencm3/lib/libopencm3_stm32f4.a(nvic.o)
 .debug_info    0x000000000000603d       0xf0 ../libopencm3/lib/libopencm3_stm32f4.a(flash_common_all.o)
 .debug_info    0x000000000000612d       0xe8 ../libopencm3/lib/libopencm3_stm32f4.a(flash_common_idcache.o)
 .debug_info    0x0000000000006215       0xdc ../libopencm3/lib/libopencm3_stm32f4.a(pwr.o)
 .debug_info    0x00000000000062f1       0x26 /usr/lib/gcc/arm-none-eabi/10.3.1/thumb/v7e-m+fp/hard/libgcc.a(_arm_addsubdf3.o)
 .debug_info    0x0000000000006317       0x26 /usr/lib/gcc/arm-none-eabi/10.3.1/thumb/v7e-m+fp/hard/libgcc.a(_arm_muldivdf3.o)
 .debug_info    0x000000000000633d       0x26 /usr/lib/gcc/arm-none-eabi/10.3.1/thumb/v7e-m+fp/hard/libgcc.a(_arm_fixunsdfsi.o)
 .debug_info    0x0000000000006363       0x26 /usr/lib/gcc/arm-none-eabi/10.3.1/thumb/v7e-m+fp/hard/libgcc.a(_arm_addsubsf3.o)
 .debug_info    0x0000000000006389       0x26 /usr/lib/gcc/arm-none-eabi/10.3.1/thumb/v7e-m+fp/hard/libgcc.a(_aeabi_ldivmod.o)
 .debug_info    0x00000000000063af      0x717 /usr/lib/gcc/arm-none-eabi/10.3.1/thumb/v7e-m+fp/hard/libgcc.a(_udivmoddi4.o)
 .debug_info    0x0000000000006ac6       0x26 /usr/lib/gcc/arm-none-eabi/10.3.1/thumb/v7e-m+fp/hard/libgcc.a(_dvmd_tls.o)

.debug_abbrev   0x0000000000000000     0x1bb5
 .debug_abbrev  0x0000000000000000       0xdb src/firmware.o
 .debug_abbrev  0x00000000000000db      0x1f7 src/system.o
 .debug_abbrev  0x00000000000002d2      0x1a6 inc/BMP280/BMP280.o
 .debug_abbrev  0x0000000000000478      0x232 inc/E32/E32.o
 .debug_abbrev  0x00000000000006aa      0x231 inc/UART/uart.o
 .debug_abbrev  0x00000000000008db      0x10c inc/UART/ring_buffer.o
 .debug_abbrev  0x00000000000009e7      0x116 ../libopencm3/lib/libopencm3_stm32f4.a(gpio_common_all.o)
 .debug_abbrev  0x0000000000000afd       0xbf ../libopencm3/lib/libopencm3_stm32f4.a(gpio_common_f0234.o)
 .debug_abbrev  0x0000000000000bbc      0x2da ../libopencm3/lib/libopencm3_stm32f4.a(i2c_common_v1.o)
 .debug_abbrev  0x0000000000000e96      0x177 ../libopencm3/lib/libopencm3_stm32f4.a(rcc_common_all.o)
 .debug_abbrev  0x000000000000100d      0x2ba ../libopencm3/lib/libopencm3_stm32f4.a(rcc.o)
 .debug_abbrev  0x00000000000012c7      0x16d ../libopencm3/lib/libopencm3_stm32f4.a(usart_common_all.o)
 .debug_abbrev  0x0000000000001434       0xb5 ../libopencm3/lib/libopencm3_stm32f4.a(usart_common_f124.o)
 .debug_abbrev  0x00000000000014e9      0x15b ../libopencm3/lib/libopencm3_stm32f4.a(vector.o)
 .debug_abbrev  0x0000000000001644      0x155 ../libopencm3/lib/libopencm3_stm32f4.a(systick.o)
 .debug_abbrev  0x0000000000001799       0xb5 ../libopencm3/lib/libopencm3_stm32f4.a(nvic.o)
 .debug_abbrev  0x000000000000184e       0x9a ../libopencm3/lib/libopencm3_stm32f4.a(flash_common_all.o)
 .debug_abbrev  0x00000000000018e8       0x56 ../libopencm3/lib/libopencm3_stm32f4.a(flash_common_idcache.o)
 .debug_abbrev  0x000000000000193e       0x9c ../libopencm3/lib/libopencm3_stm32f4.a(pwr.o)
 .debug_abbrev  0x00000000000019da       0x14 /usr/lib/gcc/arm-none-eabi/10.3.1/thumb/v7e-m+fp/hard/libgcc.a(_arm_addsubdf3.o)
 .debug_abbrev  0x00000000000019ee       0x14 /usr/lib/gcc/arm-none-eabi/10.3.1/thumb/v7e-m+fp/hard/libgcc.a(_arm_muldivdf3.o)
 .debug_abbrev  0x0000000000001a02       0x14 /usr/lib/gcc/arm-none-eabi/10.3.1/thumb/v7e-m+fp/hard/libgcc.a(_arm_fixunsdfsi.o)
 .debug_abbrev  0x0000000000001a16       0x14 /usr/lib/gcc/arm-none-eabi/10.3.1/thumb/v7e-m+fp/hard/libgcc.a(_arm_addsubsf3.o)
 .debug_abbrev  0x0000000000001a2a       0x14 /usr/lib/gcc/arm-none-eabi/10.3.1/thumb/v7e-m+fp/hard/libgcc.a(_aeabi_ldivmod.o)
 .debug_abbrev  0x0000000000001a3e      0x163 /usr/lib/gcc/arm-none-eabi/10.3.1/thumb/v7e-m+fp/hard/libgcc.a(_udivmoddi4.o)
 .debug_abbrev  0x0000000000001ba1       0x14 /usr/lib/gcc/arm-none-eabi/10.3.1/thumb/v7e-m+fp/hard/libgcc.a(_dvmd_tls.o)

.debug_aranges  0x0000000000000000      0x838
 .debug_aranges
                0x0000000000000000       0x20 src/firmware.o
 .debug_aranges
                0x0000000000000020       0x48 src/system.o
 .debug_aranges
                0x0000000000000068       0x58 inc/BMP280/BMP280.o
 .debug_aranges
                0x00000000000000c0       0x38 inc/E32/E32.o
 .debug_aranges
                0x00000000000000f8       0x50 inc/UART/uart.o
 .debug_aranges
                0x0000000000000148       0x38 inc/UART/ring_buffer.o
 .debug_aranges
                0x0000000000000180       0x50 ../libopencm3/lib/libopencm3_stm32f4.a(gpio_common_all.o)
 .debug_aranges
                0x00000000000001d0       0x30 ../libopencm3/lib/libopencm3_stm32f4.a(gpio_common_f0234.o)
 .debug_aranges
                0x0000000000000200      0x110 ../libopencm3/lib/libopencm3_stm32f4.a(i2c_common_v1.o)
 .debug_aranges
                0x0000000000000310       0x60 ../libopencm3/lib/libopencm3_stm32f4.a(rcc_common_all.o)
 .debug_aranges
                0x0000000000000370      0x110 ../libopencm3/lib/libopencm3_stm32f4.a(rcc.o)
 .debug_aranges
                0x0000000000000480       0xf0 ../libopencm3/lib/libopencm3_stm32f4.a(usart_common_all.o)
 .debug_aranges
                0x0000000000000570       0x40 ../libopencm3/lib/libopencm3_stm32f4.a(usart_common_f124.o)
 .debug_aranges
                0x00000000000005b0       0x30 ../libopencm3/lib/libopencm3_stm32f4.a(vector.o)
 .debug_aranges
                0x00000000000005e0       0x78 ../libopencm3/lib/libopencm3_stm32f4.a(systick.o)
 .debug_aranges
                0x0000000000000658       0x60 ../libopencm3/lib/libopencm3_stm32f4.a(nvic.o)
 .debug_aranges
                0x00000000000006b8       0x38 ../libopencm3/lib/libopencm3_stm32f4.a(flash_common_all.o)
 .debug_aranges
                0x00000000000006f0       0x48 ../libopencm3/lib/libopencm3_stm32f4.a(flash_common_idcache.o)
 .debug_aranges
                0x0000000000000738       0x20 ../libopencm3/lib/libopencm3_stm32f4.a(pwr.o)
 .debug_aranges
                0x0000000000000758       0x20 /usr/lib/gcc/arm-none-eabi/10.3.1/thumb/v7e-m+fp/hard/libgcc.a(_arm_addsubdf3.o)
 .debug_aranges
                0x0000000000000778       0x20 /usr/lib/gcc/arm-none-eabi/10.3.1/thumb/v7e-m+fp/hard/libgcc.a(_arm_muldivdf3.o)
 .debug_aranges
                0x0000000000000798       0x20 /usr/lib/gcc/arm-none-eabi/10.3.1/thumb/v7e-m+fp/hard/libgcc.a(_arm_fixunsdfsi.o)
 .debug_aranges
                0x00000000000007b8       0x20 /usr/lib/gcc/arm-none-eabi/10.3.1/thumb/v7e-m+fp/hard/libgcc.a(_arm_addsubsf3.o)
 .debug_aranges
                0x00000000000007d8       0x20 /usr/lib/gcc/arm-none-eabi/10.3.1/thumb/v7e-m+fp/hard/libgcc.a(_aeabi_ldivmod.o)
 .debug_aranges
                0x00000000000007f8       0x20 /usr/lib/gcc/arm-none-eabi/10.3.1/thumb/v7e-m+fp/hard/libgcc.a(_udivmoddi4.o)
 .debug_aranges
                0x0000000000000818       0x20 /usr/lib/gcc/arm-none-eabi/10.3.1/thumb/v7e-m+fp/hard/libgcc.a(_dvmd_tls.o)

.debug_ranges   0x0000000000000000      0x7e8
 .debug_ranges  0x0000000000000000       0x10 src/firmware.o
 .debug_ranges  0x0000000000000010       0x38 src/system.o
 .debug_ranges  0x0000000000000048       0x48 inc/BMP280/BMP280.o
 .debug_ranges  0x0000000000000090       0x50 inc/E32/E32.o
 .debug_ranges  0x00000000000000e0       0x78 inc/UART/uart.o
 .debug_ranges  0x0000000000000158       0x28 inc/UART/ring_buffer.o
 .debug_ranges  0x0000000000000180       0x40 ../libopencm3/lib/libopencm3_stm32f4.a(gpio_common_all.o)
 .debug_ranges  0x00000000000001c0       0x20 ../libopencm3/lib/libopencm3_stm32f4.a(gpio_common_f0234.o)
 .debug_ranges  0x00000000000001e0      0x118 ../libopencm3/lib/libopencm3_stm32f4.a(i2c_common_v1.o)
 .debug_ranges  0x00000000000002f8       0x50 ../libopencm3/lib/libopencm3_stm32f4.a(rcc_common_all.o)
 .debug_ranges  0x0000000000000348      0x148 ../libopencm3/lib/libopencm3_stm32f4.a(rcc.o)
 .debug_ranges  0x0000000000000490       0xe0 ../libopencm3/lib/libopencm3_stm32f4.a(usart_common_all.o)
 .debug_ranges  0x0000000000000570       0x30 ../libopencm3/lib/libopencm3_stm32f4.a(usart_common_f124.o)
 .debug_ranges  0x00000000000005a0       0x20 ../libopencm3/lib/libopencm3_stm32f4.a(vector.o)
 .debug_ranges  0x00000000000005c0       0x80 ../libopencm3/lib/libopencm3_stm32f4.a(systick.o)
 .debug_ranges  0x0000000000000640       0x50 ../libopencm3/lib/libopencm3_stm32f4.a(nvic.o)
 .debug_ranges  0x0000000000000690       0x28 ../libopencm3/lib/libopencm3_stm32f4.a(flash_common_all.o)
 .debug_ranges  0x00000000000006b8       0x38 ../libopencm3/lib/libopencm3_stm32f4.a(flash_common_idcache.o)
 .debug_ranges  0x00000000000006f0       0x10 ../libopencm3/lib/libopencm3_stm32f4.a(pwr.o)
 .debug_ranges  0x0000000000000700       0xe8 /usr/lib/gcc/arm-none-eabi/10.3.1/thumb/v7e-m+fp/hard/libgcc.a(_udivmoddi4.o)

.debug_macro    0x0000000000000000     0x4ab0
 .debug_macro   0x0000000000000000      0x19d src/firmware.o
 .debug_macro   0x000000000000019d      0xa6c src/firmware.o
 .debug_macro   0x0000000000000c09       0x1c src/firmware.o
 .debug_macro   0x0000000000000c25      0x34e src/firmware.o
 .debug_macro   0x0000000000000f73       0x22 src/firmware.o
 .debug_macro   0x0000000000000f95       0xe8 src/firmware.o
 .debug_macro   0x000000000000107d       0x76 src/firmware.o
 .debug_macro   0x00000000000010f3      0x280 src/firmware.o
 .debug_macro   0x0000000000001373       0x76 src/firmware.o
 .debug_macro   0x00000000000013e9      0x37e src/firmware.o
 .debug_macro   0x0000000000001767       0xca src/firmware.o
 .debug_macro   0x0000000000001831       0x8e src/firmware.o
 .debug_macro   0x00000000000018bf       0x46 src/firmware.o
 .debug_macro   0x0000000000001905      0xcea src/firmware.o
 .debug_macro   0x00000000000025ef       0x6f src/firmware.o
 .debug_macro   0x000000000000265e       0x6e src/firmware.o
 .debug_macro   0x00000000000026cc      0x22c src/firmware.o
 .debug_macro   0x00000000000028f8       0x1c src/firmware.o
 .debug_macro   0x0000000000002914      0x16d src/firmware.o
 .debug_macro   0x0000000000002a81      0x249 src/firmware.o
 .debug_macro   0x0000000000002cca       0x2e src/firmware.o
 .debug_macro   0x0000000000002cf8       0x34 src/firmware.o
 .debug_macro   0x0000000000002d2c       0x94 src/firmware.o
 .debug_macro   0x0000000000002dc0      0x29e src/firmware.o
 .debug_macro   0x000000000000305e       0xa0 src/firmware.o
 .debug_macro   0x00000000000030fe       0x16 src/firmware.o
 .debug_macro   0x0000000000003114      0x105 src/system.o
 .debug_macro   0x0000000000003219      0x146 inc/BMP280/BMP280.o
 .debug_macro   0x000000000000335f      0x100 inc/BMP280/BMP280.o
 .debug_macro   0x000000000000345f      0x158 inc/E32/E32.o
 .debug_macro   0x00000000000035b7      0x155 inc/UART/uart.o
 .debug_macro   0x000000000000370c      0x10e inc/UART/ring_buffer.o
 .debug_macro   0x000000000000381a       0x88 ../libopencm3/lib/libopencm3_stm32f4.a(gpio_common_all.o)
 .debug_macro   0x00000000000038a2       0x88 ../libopencm3/lib/libopencm3_stm32f4.a(gpio_common_f0234.o)
 .debug_macro   0x000000000000392a       0xb8 ../libopencm3/lib/libopencm3_stm32f4.a(i2c_common_v1.o)
 .debug_macro   0x00000000000039e2       0xa7 ../libopencm3/lib/libopencm3_stm32f4.a(rcc_common_all.o)
 .debug_macro   0x0000000000003a89       0xdb ../libopencm3/lib/libopencm3_stm32f4.a(rcc.o)
 .debug_macro   0x0000000000003b64       0x16 ../libopencm3/lib/libopencm3_stm32f4.a(rcc.o)
 .debug_macro   0x0000000000003b7a       0x1c ../libopencm3/lib/libopencm3_stm32f4.a(rcc.o)
 .debug_macro   0x0000000000003b96      0x143 ../libopencm3/lib/libopencm3_stm32f4.a(rcc.o)
 .debug_macro   0x0000000000003cd9       0x10 ../libopencm3/lib/libopencm3_stm32f4.a(rcc.o)
 .debug_macro   0x0000000000003ce9       0xc2 ../libopencm3/lib/libopencm3_stm32f4.a(usart_common_all.o)
 .debug_macro   0x0000000000003dab       0xc2 ../libopencm3/lib/libopencm3_stm32f4.a(usart_common_f124.o)
 .debug_macro   0x0000000000003e6d       0x8a ../libopencm3/lib/libopencm3_stm32f4.a(vector.o)
 .debug_macro   0x0000000000003ef7      0x452 ../libopencm3/lib/libopencm3_stm32f4.a(vector.o)
 .debug_macro   0x0000000000004349       0x49 ../libopencm3/lib/libopencm3_stm32f4.a(systick.o)
 .debug_macro   0x0000000000004392       0x69 ../libopencm3/lib/libopencm3_stm32f4.a(systick.o)
 .debug_macro   0x00000000000043fb       0x6a ../libopencm3/lib/libopencm3_stm32f4.a(nvic.o)
 .debug_macro   0x0000000000004465       0x68 ../libopencm3/lib/libopencm3_stm32f4.a(nvic.o)
 .debug_macro   0x00000000000044cd      0x458 ../libopencm3/lib/libopencm3_stm32f4.a(nvic.o)
 .debug_macro   0x0000000000004925       0x8e ../libopencm3/lib/libopencm3_stm32f4.a(flash_common_all.o)
 .debug_macro   0x00000000000049b3       0x8e ../libopencm3/lib/libopencm3_stm32f4.a(flash_common_idcache.o)
 .debug_macro   0x0000000000004a41       0x6f ../libopencm3/lib/libopencm3_stm32f4.a(pwr.o)

.debug_line     0x0000000000000000     0x54d3
 .debug_line    0x0000000000000000      0x3fd src/firmware.o
 .debug_line    0x00000000000003fd      0x34f src/system.o
 .debug_line    0x000000000000074c      0x62c inc/BMP280/BMP280.o
 .debug_line    0x0000000000000d78      0x40b inc/E32/E32.o
 .debug_line    0x0000000000001183      0x456 inc/UART/uart.o
 .debug_line    0x00000000000015d9      0x36a inc/UART/ring_buffer.o
 .debug_line    0x0000000000001943      0x2a6 ../libopencm3/lib/libopencm3_stm32f4.a(gpio_common_all.o)
 .debug_line    0x0000000000001be9      0x38e ../libopencm3/lib/libopencm3_stm32f4.a(gpio_common_f0234.o)
 .debug_line    0x0000000000001f77      0x71e ../libopencm3/lib/libopencm3_stm32f4.a(i2c_common_v1.o)
 .debug_line    0x0000000000002695      0x305 ../libopencm3/lib/libopencm3_stm32f4.a(rcc_common_all.o)
 .debug_line    0x000000000000299a      0x992 ../libopencm3/lib/libopencm3_stm32f4.a(rcc.o)
 .debug_line    0x000000000000332c      0x580 ../libopencm3/lib/libopencm3_stm32f4.a(usart_common_all.o)
 .debug_line    0x00000000000038ac      0x2ab ../libopencm3/lib/libopencm3_stm32f4.a(usart_common_f124.o)
 .debug_line    0x0000000000003b57      0x322 ../libopencm3/lib/libopencm3_stm32f4.a(vector.o)
 .debug_line    0x0000000000003e79      0x26e ../libopencm3/lib/libopencm3_stm32f4.a(systick.o)
 .debug_line    0x00000000000040e7      0x27f ../libopencm3/lib/libopencm3_stm32f4.a(nvic.o)
 .debug_line    0x0000000000004366      0x246 ../libopencm3/lib/libopencm3_stm32f4.a(flash_common_all.o)
 .debug_line    0x00000000000045ac      0x25f ../libopencm3/lib/libopencm3_stm32f4.a(flash_common_idcache.o)
 .debug_line    0x000000000000480b      0x18c ../libopencm3/lib/libopencm3_stm32f4.a(pwr.o)
 .debug_line    0x0000000000004997      0x186 /usr/lib/gcc/arm-none-eabi/10.3.1/thumb/v7e-m+fp/hard/libgcc.a(_arm_addsubdf3.o)
 .debug_line    0x0000000000004b1d      0x19b /usr/lib/gcc/arm-none-eabi/10.3.1/thumb/v7e-m+fp/hard/libgcc.a(_arm_muldivdf3.o)
 .debug_line    0x0000000000004cb8       0x75 /usr/lib/gcc/arm-none-eabi/10.3.1/thumb/v7e-m+fp/hard/libgcc.a(_arm_fixunsdfsi.o)
 .debug_line    0x0000000000004d2d      0x11a /usr/lib/gcc/arm-none-eabi/10.3.1/thumb/v7e-m+fp/hard/libgcc.a(_arm_addsubsf3.o)
 .debug_line    0x0000000000004e47       0x7e /usr/lib/gcc/arm-none-eabi/10.3.1/thumb/v7e-m+fp/hard/libgcc.a(_aeabi_ldivmod.o)
 .debug_line    0x0000000000004ec5      0x5ae /usr/lib/gcc/arm-none-eabi/10.3.1/thumb/v7e-m+fp/hard/libgcc.a(_udivmoddi4.o)
 .debug_line    0x0000000000005473       0x60 /usr/lib/gcc/arm-none-eabi/10.3.1/thumb/v7e-m+fp/hard/libgcc.a(_dvmd_tls.o)

.debug_str      0x0000000000000000    0x11877
 .debug_str     0x0000000000000000     0xc9c0 src/firmware.o
                                       0xcba7 (size before relaxing)
 .debug_str     0x000000000000c9c0      0x7bb src/system.o
                                       0xb2df (size before relaxing)
 .debug_str     0x000000000000d17b      0x1ee inc/BMP280/BMP280.o
                                       0xc16d (size before relaxing)
 .debug_str     0x000000000000d369       0xf7 inc/E32/E32.o
                                       0xbead (size before relaxing)
 .debug_str     0x000000000000d460      0x1b4 inc/UART/uart.o
                                       0xc5b3 (size before relaxing)
 .debug_str     0x000000000000d614       0x50 inc/UART/ring_buffer.o
                                       0xab98 (size before relaxing)
 .debug_str     0x000000000000d664      0x178 ../libopencm3/lib/libopencm3_stm32f4.a(gpio_common_all.o)
                                       0x619b (size before relaxing)
 .debug_str     0x000000000000d7dc       0x5b ../libopencm3/lib/libopencm3_stm32f4.a(gpio_common_f0234.o)
                                       0x61b3 (size before relaxing)
 .debug_str     0x000000000000d837      0x282 ../libopencm3/lib/libopencm3_stm32f4.a(i2c_common_v1.o)
                                       0x9a9f (size before relaxing)
 .debug_str     0x000000000000dab9      0x475 ../libopencm3/lib/libopencm3_stm32f4.a(rcc_common_all.o)
                                       0x9550 (size before relaxing)
 .debug_str     0x000000000000df2e      0xb3e ../libopencm3/lib/libopencm3_stm32f4.a(rcc.o)
                                       0x9dc5 (size before relaxing)
 .debug_str     0x000000000000ea6c      0x21b ../libopencm3/lib/libopencm3_stm32f4.a(usart_common_all.o)
                                       0xa01c (size before relaxing)
 .debug_str     0x000000000000ec87       0x1e ../libopencm3/lib/libopencm3_stm32f4.a(usart_common_f124.o)
                                       0x9d88 (size before relaxing)
 .debug_str     0x000000000000eca5     0x2303 ../libopencm3/lib/libopencm3_stm32f4.a(vector.o)
                                       0x6a5b (size before relaxing)
 .debug_str     0x0000000000010fa8       0xd2 ../libopencm3/lib/libopencm3_stm32f4.a(systick.o)
                                       0x40b4 (size before relaxing)
 .debug_str     0x000000000001107a       0xc4 ../libopencm3/lib/libopencm3_stm32f4.a(nvic.o)
                                       0x5cc6 (size before relaxing)
 .debug_str     0x000000000001113e       0x64 ../libopencm3/lib/libopencm3_stm32f4.a(flash_common_all.o)
                                       0x54fd (size before relaxing)
 .debug_str     0x00000000000111a2       0x47 ../libopencm3/lib/libopencm3_stm32f4.a(flash_common_idcache.o)
                                       0x551f (size before relaxing)
 .debug_str     0x00000000000111e9        0x6 ../libopencm3/lib/libopencm3_stm32f4.a(pwr.o)
                                       0x5179 (size before relaxing)
 .debug_str     0x00000000000111ef       0xab /usr/lib/gcc/arm-none-eabi/10.3.1/thumb/v7e-m+fp/hard/libgcc.a(_arm_addsubdf3.o)
 .debug_str     0x000000000001129a       0xab /usr/lib/gcc/arm-none-eabi/10.3.1/thumb/v7e-m+fp/hard/libgcc.a(_arm_muldivdf3.o)
 .debug_str     0x000000000001129a       0xab /usr/lib/gcc/arm-none-eabi/10.3.1/thumb/v7e-m+fp/hard/libgcc.a(_arm_fixunsdfsi.o)
 .debug_str     0x000000000001129a       0x31 /usr/lib/gcc/arm-none-eabi/10.3.1/thumb/v7e-m+fp/hard/libgcc.a(_arm_addsubsf3.o)
                                         0xab (size before relaxing)
 .debug_str     0x00000000000112cb       0x2c /usr/lib/gcc/arm-none-eabi/10.3.1/thumb/v7e-m+fp/hard/libgcc.a(_aeabi_ldivmod.o)
                                         0xa6 (size before relaxing)
 .debug_str     0x00000000000112f7      0x550 /usr/lib/gcc/arm-none-eabi/10.3.1/thumb/v7e-m+fp/hard/libgcc.a(_udivmoddi4.o)
                                        0x647 (size before relaxing)
 .debug_str     0x0000000000011847       0x30 /usr/lib/gcc/arm-none-eabi/10.3.1/thumb/v7e-m+fp/hard/libgcc.a(_dvmd_tls.o)
                                         0xaa (size before relaxing)

.comment        0x0000000000000000       0x33
 .comment       0x0000000000000000       0x33 src/firmware.o
                                         0x34 (size before relaxing)
 .comment       0x0000000000000033       0x34 src/system.o
 .comment       0x0000000000000033       0x34 inc/BMP280/BMP280.o
 .comment       0x0000000000000033       0x34 inc/E32/E32.o
 .comment       0x0000000000000033       0x34 inc/UART/uart.o
 .comment       0x0000000000000033       0x34 inc/UART/ring_buffer.o
 .comment       0x0000000000000033       0x34 ../libopencm3/lib/libopencm3_stm32f4.a(gpio_common_all.o)
 .comment       0x0000000000000033       0x34 ../libopencm3/lib/libopencm3_stm32f4.a(gpio_common_f0234.o)
 .comment       0x0000000000000033       0x34 ../libopencm3/lib/libopencm3_stm32f4.a(i2c_common_v1.o)
 .comment       0x0000000000000033       0x34 ../libopencm3/lib/libopencm3_stm32f4.a(rcc_common_all.o)
 .comment       0x0000000000000033       0x34 ../libopencm3/lib/libopencm3_stm32f4.a(rcc.o)
 .comment       0x0000000000000033       0x34 ../libopencm3/lib/libopencm3_stm32f4.a(usart_common_all.o)
 .comment       0x0000000000000033       0x34 ../libopencm3/lib/libopencm3_stm32f4.a(usart_common_f124.o)
 .comment       0x0000000000000033       0x34 ../libopencm3/lib/libopencm3_stm32f4.a(vector.o)
 .comment       0x0000000000000033       0x34 ../libopencm3/lib/libopencm3_stm32f4.a(systick.o)
 .comment       0x0000000000000033       0x34 ../libopencm3/lib/libopencm3_stm32f4.a(nvic.o)
 .comment       0x0000000000000033       0x34 ../libopencm3/lib/libopencm3_stm32f4.a(flash_common_all.o)
 .comment       0x0000000000000033       0x34 ../libopencm3/lib/libopencm3_stm32f4.a(flash_common_idcache.o)
 .comment       0x0000000000000033       0x34 ../libopencm3/lib/libopencm3_stm32f4.a(pwr.o)
 .comment       0x0000000000000033       0x34 /usr/lib/gcc/arm-none-eabi/10.3.1/thumb/v7e-m+fp/hard/libgcc.a(_udivmoddi4.o)

.ARM.attributes
                0x0000000000000000       0x34
 .ARM.attributes
                0x0000000000000000       0x34 src/firmware.o
 .ARM.attributes
                0x0000000000000034       0x34 src/system.o
 .ARM.attributes
                0x0000000000000068       0x34 inc/BMP280/BMP280.o
 .ARM.attributes
                0x000000000000009c       0x34 inc/E32/E32.o
 .ARM.attributes
                0x00000000000000d0       0x34 inc/UART/uart.o
 .ARM.attributes
                0x0000000000000104       0x34 inc/UART/ring_buffer.o
 .ARM.attributes
                0x0000000000000138       0x34 ../libopencm3/lib/libopencm3_stm32f4.a(gpio_common_all.o)
 .ARM.attributes
                0x000000000000016c       0x34 ../libopencm3/lib/libopencm3_stm32f4.a(gpio_common_f0234.o)
 .ARM.attributes
                0x00000000000001a0       0x34 ../libopencm3/lib/libopencm3_stm32f4.a(i2c_common_v1.o)
 .ARM.attributes
                0x00000000000001d4       0x34 ../libopencm3/lib/libopencm3_stm32f4.a(rcc_common_all.o)
 .ARM.attributes
                0x0000000000000208       0x34 ../libopencm3/lib/libopencm3_stm32f4.a(rcc.o)
 .ARM.attributes
                0x000000000000023c       0x34 ../libopencm3/lib/libopencm3_stm32f4.a(usart_common_all.o)
 .ARM.attributes
                0x0000000000000270       0x34 ../libopencm3/lib/libopencm3_stm32f4.a(usart_common_f124.o)
 .ARM.attributes
                0x00000000000002a4       0x34 ../libopencm3/lib/libopencm3_stm32f4.a(vector.o)
 .ARM.attributes
                0x00000000000002d8       0x34 ../libopencm3/lib/libopencm3_stm32f4.a(systick.o)
 .ARM.attributes
                0x000000000000030c       0x34 ../libopencm3/lib/libopencm3_stm32f4.a(nvic.o)
 .ARM.attributes
                0x0000000000000340       0x34 ../libopencm3/lib/libopencm3_stm32f4.a(flash_common_all.o)
 .ARM.attributes
                0x0000000000000374       0x34 ../libopencm3/lib/libopencm3_stm32f4.a(flash_common_idcache.o)
 .ARM.attributes
                0x00000000000003a8       0x34 ../libopencm3/lib/libopencm3_stm32f4.a(pwr.o)
 .ARM.attributes
                0x00000000000003dc       0x1e /usr/lib/gcc/arm-none-eabi/10.3.1/thumb/v7e-m+fp/hard/libgcc.a(_arm_addsubdf3.o)
 .ARM.attributes
                0x00000000000003fa       0x1e /usr/lib/gcc/arm-none-eabi/10.3.1/thumb/v7e-m+fp/hard/libgcc.a(_arm_muldivdf3.o)
 .ARM.attributes
                0x0000000000000418       0x1e /usr/lib/gcc/arm-none-eabi/10.3.1/thumb/v7e-m+fp/hard/libgcc.a(_arm_fixunsdfsi.o)
 .ARM.attributes
                0x0000000000000436       0x1e /usr/lib/gcc/arm-none-eabi/10.3.1/thumb/v7e-m+fp/hard/libgcc.a(_arm_addsubsf3.o)
 .ARM.attributes
                0x0000000000000454       0x1e /usr/lib/gcc/arm-none-eabi/10.3.1/thumb/v7e-m+fp/hard/libgcc.a(_aeabi_ldivmod.o)
 .ARM.attributes
                0x0000000000000472       0x34 /usr/lib/gcc/arm-none-eabi/10.3.1/thumb/v7e-m+fp/hard/libgcc.a(_udivmoddi4.o)
 .ARM.attributes
                0x00000000000004a6       0x1e /usr/lib/gcc/arm-none-eabi/10.3.1/thumb/v7e-m+fp/hard/libgcc.a(_dvmd_tls.o)

.debug_frame    0x0000000000000000     0x104c
 .debug_frame   0x0000000000000000       0x28 src/firmware.o
 .debug_frame   0x0000000000000028       0x90 src/system.o
 .debug_frame   0x00000000000000b8       0xfc inc/BMP280/BMP280.o
 .debug_frame   0x00000000000001b4       0x78 inc/E32/E32.o
 .debug_frame   0x000000000000022c       0xc8 inc/UART/uart.o
 .debug_frame   0x00000000000002f4       0x58 inc/UART/ring_buffer.o
 .debug_frame   0x000000000000034c       0x80 ../libopencm3/lib/libopencm3_stm32f4.a(gpio_common_all.o)
 .debug_frame   0x00000000000003cc       0x70 ../libopencm3/lib/libopencm3_stm32f4.a(gpio_common_f0234.o)
 .debug_frame   0x000000000000043c      0x22c ../libopencm3/lib/libopencm3_stm32f4.a(i2c_common_v1.o)
 .debug_frame   0x0000000000000668       0xe0 ../libopencm3/lib/libopencm3_stm32f4.a(rcc_common_all.o)
 .debug_frame   0x0000000000000748      0x234 ../libopencm3/lib/libopencm3_stm32f4.a(rcc.o)
 .debug_frame   0x000000000000097c      0x1e8 ../libopencm3/lib/libopencm3_stm32f4.a(usart_common_all.o)
 .debug_frame   0x0000000000000b64       0x60 ../libopencm3/lib/libopencm3_stm32f4.a(usart_common_f124.o)
 .debug_frame   0x0000000000000bc4       0x4c ../libopencm3/lib/libopencm3_stm32f4.a(vector.o)
 .debug_frame   0x0000000000000c10       0xd8 ../libopencm3/lib/libopencm3_stm32f4.a(systick.o)
 .debug_frame   0x0000000000000ce8       0xa0 ../libopencm3/lib/libopencm3_stm32f4.a(nvic.o)
 .debug_frame   0x0000000000000d88       0x50 ../libopencm3/lib/libopencm3_stm32f4.a(flash_common_all.o)
 .debug_frame   0x0000000000000dd8       0x70 ../libopencm3/lib/libopencm3_stm32f4.a(flash_common_idcache.o)
 .debug_frame   0x0000000000000e48       0x20 ../libopencm3/lib/libopencm3_stm32f4.a(pwr.o)
 .debug_frame   0x0000000000000e68       0xac /usr/lib/gcc/arm-none-eabi/10.3.1/thumb/v7e-m+fp/hard/libgcc.a(_arm_addsubdf3.o)
 .debug_frame   0x0000000000000f14       0x50 /usr/lib/gcc/arm-none-eabi/10.3.1/thumb/v7e-m+fp/hard/libgcc.a(_arm_muldivdf3.o)
 .debug_frame   0x0000000000000f64       0x24 /usr/lib/gcc/arm-none-eabi/10.3.1/thumb/v7e-m+fp/hard/libgcc.a(_arm_fixunsdfsi.o)
 .debug_frame   0x0000000000000f88       0x4c /usr/lib/gcc/arm-none-eabi/10.3.1/thumb/v7e-m+fp/hard/libgcc.a(_arm_addsubsf3.o)
 .debug_frame   0x0000000000000fd4       0x44 /usr/lib/gcc/arm-none-eabi/10.3.1/thumb/v7e-m+fp/hard/libgcc.a(_aeabi_ldivmod.o)
 .debug_frame   0x0000000000001018       0x34 /usr/lib/gcc/arm-none-eabi/10.3.1/thumb/v7e-m+fp/hard/libgcc.a(_udivmoddi4.o)

.debug_loc      0x0000000000000000     0x34a6
 .debug_loc     0x0000000000000000       0x3a src/system.o
 .debug_loc     0x000000000000003a      0x893 inc/BMP280/BMP280.o
 .debug_loc     0x00000000000008cd       0xd3 inc/E32/E32.o
 .debug_loc     0x00000000000009a0      0x196 inc/UART/uart.o
 .debug_loc     0x0000000000000b36      0x117 inc/UART/ring_buffer.o
 .debug_loc     0x0000000000000c4d       0xbe ../libopencm3/lib/libopencm3_stm32f4.a(gpio_common_all.o)
 .debug_loc     0x0000000000000d0b      0x14f ../libopencm3/lib/libopencm3_stm32f4.a(gpio_common_f0234.o)
 .debug_loc     0x0000000000000e5a      0x4bc ../libopencm3/lib/libopencm3_stm32f4.a(i2c_common_v1.o)
 .debug_loc     0x0000000000001316      0x120 ../libopencm3/lib/libopencm3_stm32f4.a(rcc_common_all.o)
 .debug_loc     0x0000000000001436      0x867 ../libopencm3/lib/libopencm3_stm32f4.a(rcc.o)
 .debug_loc     0x0000000000001c9d      0x2cc ../libopencm3/lib/libopencm3_stm32f4.a(usart_common_all.o)
 .debug_loc     0x0000000000001f69       0x99 ../libopencm3/lib/libopencm3_stm32f4.a(usart_common_f124.o)
 .debug_loc     0x0000000000002002      0x128 ../libopencm3/lib/libopencm3_stm32f4.a(vector.o)
 .debug_loc     0x000000000000212a      0x192 ../libopencm3/lib/libopencm3_stm32f4.a(systick.o)
 .debug_loc     0x00000000000022bc      0x14d ../libopencm3/lib/libopencm3_stm32f4.a(nvic.o)
 .debug_loc     0x0000000000002409       0x47 ../libopencm3/lib/libopencm3_stm32f4.a(flash_common_all.o)
 .debug_loc     0x0000000000002450       0x47 ../libopencm3/lib/libopencm3_stm32f4.a(pwr.o)
 .debug_loc     0x0000000000002497     0x100f /usr/lib/gcc/arm-none-eabi/10.3.1/thumb/v7e-m+fp/hard/libgcc.a(_udivmoddi4.o)

Cross Reference Table

Symbol                                            File
BMP_checkID                                       inc/BMP280/BMP280.o
BMP_get_pressure                                  inc/BMP280/BMP280.o
                                                  src/firmware.o
BMP_get_raw_pressure                              inc/BMP280/BMP280.o
BMP_get_raw_temperature                           inc/BMP280/BMP280.o
BMP_get_temperature                               inc/BMP280/BMP280.o
                                                  src/firmware.o
BMP_i2c_setup                                     inc/BMP280/BMP280.o
BMP_init                                          inc/BMP280/BMP280.o
                                                  src/firmware.o
BMP_read_calibration                              inc/BMP280/BMP280.o
E32_configure                                     inc/E32/E32.o
                                                  src/firmware.o
E32_init                                          inc/E32/E32.o
                                                  src/firmware.o
E32_set_mode                                      inc/E32/E32.o
E32_uart_data_available                           inc/UART/uart.o
                                                  inc/E32/E32.o
E32_uart_read                                     inc/UART/uart.o
                                                  inc/E32/E32.o
E32_uart_read_byte                                inc/UART/uart.o
E32_uart_setup                                    inc/UART/uart.o
                                                  inc/E32/E32.o
E32_uart_write                                    inc/UART/uart.o
                                                  inc/E32/E32.o
                                                  src/firmware.o
E32_uart_write_byte                               inc/UART/uart.o
__adddf3                                          /usr/lib/gcc/arm-none-eabi/10.3.1/thumb/v7e-m+fp/hard/libgcc.a(_arm_addsubdf3.o)
__addsf3                                          /usr/lib/gcc/arm-none-eabi/10.3.1/thumb/v7e-m+fp/hard/libgcc.a(_arm_addsubsf3.o)
__aeabi_d2uiz                                     /usr/lib/gcc/arm-none-eabi/10.3.1/thumb/v7e-m+fp/hard/libgcc.a(_arm_fixunsdfsi.o)
                                                  inc/BMP280/BMP280.o
__aeabi_dadd                                      /usr/lib/gcc/arm-none-eabi/10.3.1/thumb/v7e-m+fp/hard/libgcc.a(_arm_addsubdf3.o)
__aeabi_ddiv                                      /usr/lib/gcc/arm-none-eabi/10.3.1/thumb/v7e-m+fp/hard/libgcc.a(_arm_muldivdf3.o)
                                                  inc/BMP280/BMP280.o
__aeabi_dmul                                      /usr/lib/gcc/arm-none-eabi/10.3.1/thumb/v7e-m+fp/hard/libgcc.a(_arm_muldivdf3.o)
__aeabi_drsub                                     /usr/lib/gcc/arm-none-eabi/10.3.1/thumb/v7e-m+fp/hard/libgcc.a(_arm_addsubdf3.o)
__aeabi_dsub                                      /usr/lib/gcc/arm-none-eabi/10.3.1/thumb/v7e-m+fp/hard/libgcc.a(_arm_addsubdf3.o)
__aeabi_f2d                                       /usr/lib/gcc/arm-none-eabi/10.3.1/thumb/v7e-m+fp/hard/libgcc.a(_arm_addsubdf3.o)
__aeabi_fadd                                      /usr/lib/gcc/arm-none-eabi/10.3.1/thumb/v7e-m+fp/hard/libgcc.a(_arm_addsubsf3.o)
__aeabi_frsub                                     /usr/lib/gcc/arm-none-eabi/10.3.1/thumb/v7e-m+fp/hard/libgcc.a(_arm_addsubsf3.o)
__aeabi_fsub                                      /usr/lib/gcc/arm-none-eabi/10.3.1/thumb/v7e-m+fp/hard/libgcc.a(_arm_addsubsf3.o)
__aeabi_i2d                                       /usr/lib/gcc/arm-none-eabi/10.3.1/thumb/v7e-m+fp/hard/libgcc.a(_arm_addsubdf3.o)
__aeabi_i2f                                       /usr/lib/gcc/arm-none-eabi/10.3.1/thumb/v7e-m+fp/hard/libgcc.a(_arm_addsubsf3.o)
__aeabi_idiv0                                     /usr/lib/gcc/arm-none-eabi/10.3.1/thumb/v7e-m+fp/hard/libgcc.a(_dvmd_tls.o)
__aeabi_l2d                                       /usr/lib/gcc/arm-none-eabi/10.3.1/thumb/v7e-m+fp/hard/libgcc.a(_arm_addsubdf3.o)
__aeabi_l2f                                       /usr/lib/gcc/arm-none-eabi/10.3.1/thumb/v7e-m+fp/hard/libgcc.a(_arm_addsubsf3.o)
                                                  inc/BMP280/BMP280.o
__aeabi_ldiv0                                     /usr/lib/gcc/arm-none-eabi/10.3.1/thumb/v7e-m+fp/hard/libgcc.a(_dvmd_tls.o)
                                                  /usr/lib/gcc/arm-none-eabi/10.3.1/thumb/v7e-m+fp/hard/libgcc.a(_aeabi_ldivmod.o)
__aeabi_ldivmod                                   /usr/lib/gcc/arm-none-eabi/10.3.1/thumb/v7e-m+fp/hard/libgcc.a(_aeabi_ldivmod.o)
                                                  inc/BMP280/BMP280.o
__aeabi_ui2d                                      /usr/lib/gcc/arm-none-eabi/10.3.1/thumb/v7e-m+fp/hard/libgcc.a(_arm_addsubdf3.o)
                                                  inc/BMP280/BMP280.o
__aeabi_ui2f                                      /usr/lib/gcc/arm-none-eabi/10.3.1/thumb/v7e-m+fp/hard/libgcc.a(_arm_addsubsf3.o)
__aeabi_ul2d                                      /usr/lib/gcc/arm-none-eabi/10.3.1/thumb/v7e-m+fp/hard/libgcc.a(_arm_addsubdf3.o)
__aeabi_ul2f                                      /usr/lib/gcc/arm-none-eabi/10.3.1/thumb/v7e-m+fp/hard/libgcc.a(_arm_addsubsf3.o)
__divdf3                                          /usr/lib/gcc/arm-none-eabi/10.3.1/thumb/v7e-m+fp/hard/libgcc.a(_arm_muldivdf3.o)
__extendsfdf2                                     /usr/lib/gcc/arm-none-eabi/10.3.1/thumb/v7e-m+fp/hard/libgcc.a(_arm_addsubdf3.o)
__fini_array_end                                  ../libopencm3/lib/libopencm3_stm32f4.a(vector.o)
__fini_array_start                                ../libopencm3/lib/libopencm3_stm32f4.a(vector.o)
__fixunsdfsi                                      /usr/lib/gcc/arm-none-eabi/10.3.1/thumb/v7e-m+fp/hard/libgcc.a(_arm_fixunsdfsi.o)
__floatdidf                                       /usr/lib/gcc/arm-none-eabi/10.3.1/thumb/v7e-m+fp/hard/libgcc.a(_arm_addsubdf3.o)
__floatdisf                                       /usr/lib/gcc/arm-none-eabi/10.3.1/thumb/v7e-m+fp/hard/libgcc.a(_arm_addsubsf3.o)
__floatsidf                                       /usr/lib/gcc/arm-none-eabi/10.3.1/thumb/v7e-m+fp/hard/libgcc.a(_arm_addsubdf3.o)
__floatsisf                                       /usr/lib/gcc/arm-none-eabi/10.3.1/thumb/v7e-m+fp/hard/libgcc.a(_arm_addsubsf3.o)
__floatundidf                                     /usr/lib/gcc/arm-none-eabi/10.3.1/thumb/v7e-m+fp/hard/libgcc.a(_arm_addsubdf3.o)
__floatundisf                                     /usr/lib/gcc/arm-none-eabi/10.3.1/thumb/v7e-m+fp/hard/libgcc.a(_arm_addsubsf3.o)
__floatunsidf                                     /usr/lib/gcc/arm-none-eabi/10.3.1/thumb/v7e-m+fp/hard/libgcc.a(_arm_addsubdf3.o)
__floatunsisf                                     /usr/lib/gcc/arm-none-eabi/10.3.1/thumb/v7e-m+fp/hard/libgcc.a(_arm_addsubsf3.o)
__init_array_end                                  ../libopencm3/lib/libopencm3_stm32f4.a(vector.o)
__init_array_start                                ../libopencm3/lib/libopencm3_stm32f4.a(vector.o)
__muldf3                                          /usr/lib/gcc/arm-none-eabi/10.3.1/thumb/v7e-m+fp/hard/libgcc.a(_arm_muldivdf3.o)
__preinit_array_end                               ../libopencm3/lib/libopencm3_stm32f4.a(vector.o)
__preinit_array_start                             ../libopencm3/lib/libopencm3_stm32f4.a(vector.o)
__subdf3                                          /usr/lib/gcc/arm-none-eabi/10.3.1/thumb/v7e-m+fp/hard/libgcc.a(_arm_addsubdf3.o)
__subsf3                                          /usr/lib/gcc/arm-none-eabi/10.3.1/thumb/v7e-m+fp/hard/libgcc.a(_arm_addsubsf3.o)
__udivmoddi4                                      /usr/lib/gcc/arm-none-eabi/10.3.1/thumb/v7e-m+fp/hard/libgcc.a(_udivmoddi4.o)
                                                  /usr/lib/gcc/arm-none-eabi/10.3.1/thumb/v7e-m+fp/hard/libgcc.a(_aeabi_ldivmod.o)
_data                                             ../libopencm3/lib/libopencm3_stm32f4.a(vector.o)
_data_loadaddr                                    ../libopencm3/lib/libopencm3_stm32f4.a(vector.o)
_ebss                                             ../libopencm3/lib/libopencm3_stm32f4.a(vector.o)
_edata                                            ../libopencm3/lib/libopencm3_stm32f4.a(vector.o)
_stack                                            ../libopencm3/lib/libopencm3_stm32f4.a(vector.o)
adc_isr                                           ../libopencm3/lib/libopencm3_stm32f4.a(vector.o)
blocking_handler                                  ../libopencm3/lib/libopencm3_stm32f4.a(vector.o)
bus_fault_handler                                 ../libopencm3/lib/libopencm3_stm32f4.a(vector.o)
calibration                                       inc/BMP280/BMP280.o
can1_rx0_isr                                      ../libopencm3/lib/libopencm3_stm32f4.a(vector.o)
can1_rx1_isr                                      ../libopencm3/lib/libopencm3_stm32f4.a(vector.o)
can1_sce_isr                                      ../libopencm3/lib/libopencm3_stm32f4.a(vector.o)
can1_tx_isr                                       ../libopencm3/lib/libopencm3_stm32f4.a(vector.o)
can2_rx0_isr                                      ../libopencm3/lib/libopencm3_stm32f4.a(vector.o)
can2_rx1_isr                                      ../libopencm3/lib/libopencm3_stm32f4.a(vector.o)
can2_sce_isr                                      ../libopencm3/lib/libopencm3_stm32f4.a(vector.o)
can2_tx_isr                                       ../libopencm3/lib/libopencm3_stm32f4.a(vector.o)
compare_configuration                             inc/E32/E32.o
cryp_isr                                          ../libopencm3/lib/libopencm3_stm32f4.a(vector.o)
dcmi_isr                                          ../libopencm3/lib/libopencm3_stm32f4.a(vector.o)
debug_monitor_handler                             ../libopencm3/lib/libopencm3_stm32f4.a(vector.o)
dma1_stream0_isr                                  ../libopencm3/lib/libopencm3_stm32f4.a(vector.o)
dma1_stream1_isr                                  ../libopencm3/lib/libopencm3_stm32f4.a(vector.o)
dma1_stream2_isr                                  ../libopencm3/lib/libopencm3_stm32f4.a(vector.o)
dma1_stream3_isr                                  ../libopencm3/lib/libopencm3_stm32f4.a(vector.o)
dma1_stream4_isr                                  ../libopencm3/lib/libopencm3_stm32f4.a(vector.o)
dma1_stream5_isr                                  ../libopencm3/lib/libopencm3_stm32f4.a(vector.o)
dma1_stream6_isr                                  ../libopencm3/lib/libopencm3_stm32f4.a(vector.o)
dma1_stream7_isr                                  ../libopencm3/lib/libopencm3_stm32f4.a(vector.o)
dma2_stream0_isr                                  ../libopencm3/lib/libopencm3_stm32f4.a(vector.o)
dma2_stream1_isr                                  ../libopencm3/lib/libopencm3_stm32f4.a(vector.o)
dma2_stream2_isr                                  ../libopencm3/lib/libopencm3_stm32f4.a(vector.o)
dma2_stream3_isr                                  ../libopencm3/lib/libopencm3_stm32f4.a(vector.o)
dma2_stream4_isr                                  ../libopencm3/lib/libopencm3_stm32f4.a(vector.o)
dma2_stream5_isr                                  ../libopencm3/lib/libopencm3_stm32f4.a(vector.o)
dma2_stream6_isr                                  ../libopencm3/lib/libopencm3_stm32f4.a(vector.o)
dma2_stream7_isr                                  ../libopencm3/lib/libopencm3_stm32f4.a(vector.o)
dma2d_isr                                         ../libopencm3/lib/libopencm3_stm32f4.a(vector.o)
eth_isr                                           ../libopencm3/lib/libopencm3_stm32f4.a(vector.o)
eth_wkup_isr                                      ../libopencm3/lib/libopencm3_stm32f4.a(vector.o)
exti0_isr                                         ../libopencm3/lib/libopencm3_stm32f4.a(vector.o)
exti15_10_isr                                     ../libopencm3/lib/libopencm3_stm32f4.a(vector.o)
exti1_isr                                         ../libopencm3/lib/libopencm3_stm32f4.a(vector.o)
exti2_isr                                         ../libopencm3/lib/libopencm3_stm32f4.a(vector.o)
exti3_isr                                         ../libopencm3/lib/libopencm3_stm32f4.a(vector.o)
exti4_isr                                         ../libopencm3/lib/libopencm3_stm32f4.a(vector.o)
exti9_5_isr                                       ../libopencm3/lib/libopencm3_stm32f4.a(vector.o)
fine_temp                                         inc/BMP280/BMP280.o
flash_dcache_disable                              ../libopencm3/lib/libopencm3_stm32f4.a(flash_common_idcache.o)
                                                  ../libopencm3/lib/libopencm3_stm32f4.a(rcc.o)
flash_dcache_enable                               ../libopencm3/lib/libopencm3_stm32f4.a(flash_common_idcache.o)
                                                  ../libopencm3/lib/libopencm3_stm32f4.a(rcc.o)
flash_dcache_reset                                ../libopencm3/lib/libopencm3_stm32f4.a(flash_common_idcache.o)
flash_icache_disable                              ../libopencm3/lib/libopencm3_stm32f4.a(flash_common_idcache.o)
                                                  ../libopencm3/lib/libopencm3_stm32f4.a(rcc.o)
flash_icache_enable                               ../libopencm3/lib/libopencm3_stm32f4.a(flash_common_idcache.o)
                                                  ../libopencm3/lib/libopencm3_stm32f4.a(rcc.o)
flash_icache_reset                                ../libopencm3/lib/libopencm3_stm32f4.a(flash_common_idcache.o)
flash_isr                                         ../libopencm3/lib/libopencm3_stm32f4.a(vector.o)
flash_prefetch_disable                            ../libopencm3/lib/libopencm3_stm32f4.a(flash_common_all.o)
flash_prefetch_enable                             ../libopencm3/lib/libopencm3_stm32f4.a(flash_common_all.o)
flash_set_ws                                      ../libopencm3/lib/libopencm3_stm32f4.a(flash_common_all.o)
                                                  ../libopencm3/lib/libopencm3_stm32f4.a(rcc.o)
flash_unlock_option_bytes                         ../libopencm3/lib/libopencm3_stm32f4.a(flash_common_all.o)
fpu_isr                                           ../libopencm3/lib/libopencm3_stm32f4.a(vector.o)
fsmc_isr                                          ../libopencm3/lib/libopencm3_stm32f4.a(vector.o)
get_ticks                                         src/system.o
gpio_clear                                        ../libopencm3/lib/libopencm3_stm32f4.a(gpio_common_all.o)
                                                  inc/E32/E32.o
                                                  src/firmware.o
gpio_get                                          ../libopencm3/lib/libopencm3_stm32f4.a(gpio_common_all.o)
gpio_mode_setup                                   ../libopencm3/lib/libopencm3_stm32f4.a(gpio_common_f0234.o)
                                                  inc/BMP280/BMP280.o
                                                  src/system.o
gpio_port_config_lock                             ../libopencm3/lib/libopencm3_stm32f4.a(gpio_common_all.o)
gpio_port_read                                    ../libopencm3/lib/libopencm3_stm32f4.a(gpio_common_all.o)
gpio_port_write                                   ../libopencm3/lib/libopencm3_stm32f4.a(gpio_common_all.o)
gpio_set                                          ../libopencm3/lib/libopencm3_stm32f4.a(gpio_common_all.o)
                                                  inc/E32/E32.o
                                                  src/firmware.o
gpio_set_af                                       ../libopencm3/lib/libopencm3_stm32f4.a(gpio_common_f0234.o)
                                                  inc/BMP280/BMP280.o
                                                  src/system.o
gpio_set_output_options                           ../libopencm3/lib/libopencm3_stm32f4.a(gpio_common_f0234.o)
                                                  inc/BMP280/BMP280.o
gpio_setup                                        src/system.o
                                                  src/firmware.o
gpio_toggle                                       ../libopencm3/lib/libopencm3_stm32f4.a(gpio_common_all.o)
                                                  src/firmware.o
hard_fault_handler                                ../libopencm3/lib/libopencm3_stm32f4.a(vector.o)
hash_rng_isr                                      ../libopencm3/lib/libopencm3_stm32f4.a(vector.o)
i2c1_er_isr                                       ../libopencm3/lib/libopencm3_stm32f4.a(vector.o)
i2c1_ev_isr                                       ../libopencm3/lib/libopencm3_stm32f4.a(vector.o)
i2c2_er_isr                                       ../libopencm3/lib/libopencm3_stm32f4.a(vector.o)
i2c2_ev_isr                                       ../libopencm3/lib/libopencm3_stm32f4.a(vector.o)
i2c3_er_isr                                       ../libopencm3/lib/libopencm3_stm32f4.a(vector.o)
i2c3_ev_isr                                       ../libopencm3/lib/libopencm3_stm32f4.a(vector.o)
i2c_clear_dma_last_transfer                       ../libopencm3/lib/libopencm3_stm32f4.a(i2c_common_v1.o)
i2c_clear_stop                                    ../libopencm3/lib/libopencm3_stm32f4.a(i2c_common_v1.o)
i2c_disable_ack                                   ../libopencm3/lib/libopencm3_stm32f4.a(i2c_common_v1.o)
i2c_disable_dma                                   ../libopencm3/lib/libopencm3_stm32f4.a(i2c_common_v1.o)
i2c_disable_dual_addressing_mode                  ../libopencm3/lib/libopencm3_stm32f4.a(i2c_common_v1.o)
i2c_disable_interrupt                             ../libopencm3/lib/libopencm3_stm32f4.a(i2c_common_v1.o)
i2c_enable_ack                                    ../libopencm3/lib/libopencm3_stm32f4.a(i2c_common_v1.o)
i2c_enable_dma                                    ../libopencm3/lib/libopencm3_stm32f4.a(i2c_common_v1.o)
i2c_enable_dual_addressing_mode                   ../libopencm3/lib/libopencm3_stm32f4.a(i2c_common_v1.o)
i2c_enable_interrupt                              ../libopencm3/lib/libopencm3_stm32f4.a(i2c_common_v1.o)
i2c_get_data                                      ../libopencm3/lib/libopencm3_stm32f4.a(i2c_common_v1.o)
i2c_nack_current                                  ../libopencm3/lib/libopencm3_stm32f4.a(i2c_common_v1.o)
i2c_nack_next                                     ../libopencm3/lib/libopencm3_stm32f4.a(i2c_common_v1.o)
i2c_peripheral_disable                            ../libopencm3/lib/libopencm3_stm32f4.a(i2c_common_v1.o)
                                                  inc/BMP280/BMP280.o
i2c_peripheral_enable                             ../libopencm3/lib/libopencm3_stm32f4.a(i2c_common_v1.o)
                                                  inc/BMP280/BMP280.o
i2c_send_7bit_address                             ../libopencm3/lib/libopencm3_stm32f4.a(i2c_common_v1.o)
i2c_send_data                                     ../libopencm3/lib/libopencm3_stm32f4.a(i2c_common_v1.o)
i2c_send_start                                    ../libopencm3/lib/libopencm3_stm32f4.a(i2c_common_v1.o)
i2c_send_stop                                     ../libopencm3/lib/libopencm3_stm32f4.a(i2c_common_v1.o)
i2c_set_ccr                                       ../libopencm3/lib/libopencm3_stm32f4.a(i2c_common_v1.o)
i2c_set_clock_frequency                           ../libopencm3/lib/libopencm3_stm32f4.a(i2c_common_v1.o)
i2c_set_dma_last_transfer                         ../libopencm3/lib/libopencm3_stm32f4.a(i2c_common_v1.o)
i2c_set_dutycycle                                 ../libopencm3/lib/libopencm3_stm32f4.a(i2c_common_v1.o)
i2c_set_fast_mode                                 ../libopencm3/lib/libopencm3_stm32f4.a(i2c_common_v1.o)
i2c_set_own_10bit_slave_address                   ../libopencm3/lib/libopencm3_stm32f4.a(i2c_common_v1.o)
i2c_set_own_7bit_slave_address                    ../libopencm3/lib/libopencm3_stm32f4.a(i2c_common_v1.o)
i2c_set_own_7bit_slave_address_two                ../libopencm3/lib/libopencm3_stm32f4.a(i2c_common_v1.o)
i2c_set_speed                                     ../libopencm3/lib/libopencm3_stm32f4.a(i2c_common_v1.o)
                                                  inc/BMP280/BMP280.o
i2c_set_standard_mode                             ../libopencm3/lib/libopencm3_stm32f4.a(i2c_common_v1.o)
i2c_set_trise                                     ../libopencm3/lib/libopencm3_stm32f4.a(i2c_common_v1.o)
i2c_transfer7                                     ../libopencm3/lib/libopencm3_stm32f4.a(i2c_common_v1.o)
                                                  inc/BMP280/BMP280.o
lcd_tft_err_isr                                   ../libopencm3/lib/libopencm3_stm32f4.a(vector.o)
lcd_tft_isr                                       ../libopencm3/lib/libopencm3_stm32f4.a(vector.o)
main                                              src/firmware.o
                                                  ../libopencm3/lib/libopencm3_stm32f4.a(vector.o)
mem_manage_handler                                ../libopencm3/lib/libopencm3_stm32f4.a(vector.o)
nmi_handler                                       ../libopencm3/lib/libopencm3_stm32f4.a(vector.o)
null_handler                                      ../libopencm3/lib/libopencm3_stm32f4.a(vector.o)
nvic_clear_pending_irq                            ../libopencm3/lib/libopencm3_stm32f4.a(nvic.o)
nvic_disable_irq                                  ../libopencm3/lib/libopencm3_stm32f4.a(nvic.o)
nvic_enable_irq                                   ../libopencm3/lib/libopencm3_stm32f4.a(nvic.o)
                                                  inc/UART/uart.o
nvic_generate_software_interrupt                  ../libopencm3/lib/libopencm3_stm32f4.a(nvic.o)
nvic_get_active_irq                               ../libopencm3/lib/libopencm3_stm32f4.a(nvic.o)
nvic_get_irq_enabled                              ../libopencm3/lib/libopencm3_stm32f4.a(nvic.o)
nvic_get_pending_irq                              ../libopencm3/lib/libopencm3_stm32f4.a(nvic.o)
nvic_set_pending_irq                              ../libopencm3/lib/libopencm3_stm32f4.a(nvic.o)
nvic_set_priority                                 ../libopencm3/lib/libopencm3_stm32f4.a(nvic.o)
nvic_wwdg_isr                                     ../libopencm3/lib/libopencm3_stm32f4.a(vector.o)
otg_fs_isr                                        ../libopencm3/lib/libopencm3_stm32f4.a(vector.o)
otg_hs_ep1_in_isr                                 ../libopencm3/lib/libopencm3_stm32f4.a(vector.o)
otg_hs_ep1_out_isr                                ../libopencm3/lib/libopencm3_stm32f4.a(vector.o)
otg_hs_isr                                        ../libopencm3/lib/libopencm3_stm32f4.a(vector.o)
otg_hs_wkup_isr                                   ../libopencm3/lib/libopencm3_stm32f4.a(vector.o)
pend_sv_handler                                   ../libopencm3/lib/libopencm3_stm32f4.a(vector.o)
pvd_isr                                           ../libopencm3/lib/libopencm3_stm32f4.a(vector.o)
pwr_set_vos_scale                                 ../libopencm3/lib/libopencm3_stm32f4.a(pwr.o)
                                                  ../libopencm3/lib/libopencm3_stm32f4.a(rcc.o)
rcc_ahb_frequency                                 ../libopencm3/lib/libopencm3_stm32f4.a(rcc.o)
rcc_apb1_frequency                                ../libopencm3/lib/libopencm3_stm32f4.a(rcc.o)
                                                  inc/BMP280/BMP280.o
rcc_apb2_frequency                                ../libopencm3/lib/libopencm3_stm32f4.a(rcc.o)
rcc_clock_setup_hse_3v3                           ../libopencm3/lib/libopencm3_stm32f4.a(rcc.o)
rcc_clock_setup_pll                               ../libopencm3/lib/libopencm3_stm32f4.a(rcc.o)
                                                  src/system.o
rcc_css_disable                                   ../libopencm3/lib/libopencm3_stm32f4.a(rcc.o)
rcc_css_enable                                    ../libopencm3/lib/libopencm3_stm32f4.a(rcc.o)
rcc_css_int_clear                                 ../libopencm3/lib/libopencm3_stm32f4.a(rcc.o)
rcc_css_int_flag                                  ../libopencm3/lib/libopencm3_stm32f4.a(rcc.o)
rcc_get_div_from_hpre                             ../libopencm3/lib/libopencm3_stm32f4.a(rcc_common_all.o)
rcc_get_i2c_clk_freq                              ../libopencm3/lib/libopencm3_stm32f4.a(rcc.o)
rcc_get_spi_clk_freq                              ../libopencm3/lib/libopencm3_stm32f4.a(rcc.o)
rcc_get_timer_clk_freq                            ../libopencm3/lib/libopencm3_stm32f4.a(rcc.o)
rcc_get_usart_clk_freq                            ../libopencm3/lib/libopencm3_stm32f4.a(rcc.o)
                                                  ../libopencm3/lib/libopencm3_stm32f4.a(usart_common_all.o)
rcc_hse_12mhz_3v3                                 ../libopencm3/lib/libopencm3_stm32f4.a(rcc.o)
rcc_hse_16mhz_3v3                                 ../libopencm3/lib/libopencm3_stm32f4.a(rcc.o)
rcc_hse_25mhz_3v3                                 ../libopencm3/lib/libopencm3_stm32f4.a(rcc.o)
rcc_hse_8mhz_3v3                                  ../libopencm3/lib/libopencm3_stm32f4.a(rcc.o)
                                                  src/system.o
rcc_hsi_configs                                   ../libopencm3/lib/libopencm3_stm32f4.a(rcc.o)
rcc_is_osc_ready                                  ../libopencm3/lib/libopencm3_stm32f4.a(rcc.o)
rcc_isr                                           ../libopencm3/lib/libopencm3_stm32f4.a(vector.o)
rcc_osc_bypass_disable                            ../libopencm3/lib/libopencm3_stm32f4.a(rcc_common_all.o)
rcc_osc_bypass_enable                             ../libopencm3/lib/libopencm3_stm32f4.a(rcc_common_all.o)
rcc_osc_off                                       ../libopencm3/lib/libopencm3_stm32f4.a(rcc.o)
rcc_osc_on                                        ../libopencm3/lib/libopencm3_stm32f4.a(rcc.o)
rcc_osc_ready_int_clear                           ../libopencm3/lib/libopencm3_stm32f4.a(rcc.o)
rcc_osc_ready_int_disable                         ../libopencm3/lib/libopencm3_stm32f4.a(rcc.o)
rcc_osc_ready_int_enable                          ../libopencm3/lib/libopencm3_stm32f4.a(rcc.o)
rcc_osc_ready_int_flag                            ../libopencm3/lib/libopencm3_stm32f4.a(rcc.o)
rcc_periph_clock_disable                          ../libopencm3/lib/libopencm3_stm32f4.a(rcc_common_all.o)
rcc_periph_clock_enable                           ../libopencm3/lib/libopencm3_stm32f4.a(rcc_common_all.o)
                                                  ../libopencm3/lib/libopencm3_stm32f4.a(rcc.o)
                                                  inc/UART/uart.o
                                                  inc/BMP280/BMP280.o
                                                  src/system.o
rcc_periph_reset_hold                             ../libopencm3/lib/libopencm3_stm32f4.a(rcc_common_all.o)
rcc_periph_reset_pulse                            ../libopencm3/lib/libopencm3_stm32f4.a(rcc_common_all.o)
rcc_periph_reset_release                          ../libopencm3/lib/libopencm3_stm32f4.a(rcc_common_all.o)
rcc_peripheral_clear_reset                        ../libopencm3/lib/libopencm3_stm32f4.a(rcc_common_all.o)
rcc_peripheral_disable_clock                      ../libopencm3/lib/libopencm3_stm32f4.a(rcc_common_all.o)
rcc_peripheral_enable_clock                       ../libopencm3/lib/libopencm3_stm32f4.a(rcc_common_all.o)
rcc_peripheral_reset                              ../libopencm3/lib/libopencm3_stm32f4.a(rcc_common_all.o)
rcc_plli2s_config                                 ../libopencm3/lib/libopencm3_stm32f4.a(rcc.o)
rcc_pllsai_config                                 ../libopencm3/lib/libopencm3_stm32f4.a(rcc.o)
rcc_pllsai_postscalers                            ../libopencm3/lib/libopencm3_stm32f4.a(rcc.o)
rcc_set_hpre                                      ../libopencm3/lib/libopencm3_stm32f4.a(rcc.o)
rcc_set_main_pll_hse                              ../libopencm3/lib/libopencm3_stm32f4.a(rcc.o)
rcc_set_main_pll_hsi                              ../libopencm3/lib/libopencm3_stm32f4.a(rcc.o)
rcc_set_mco                                       ../libopencm3/lib/libopencm3_stm32f4.a(rcc_common_all.o)
rcc_set_pll_source                                ../libopencm3/lib/libopencm3_stm32f4.a(rcc.o)
rcc_set_ppre1                                     ../libopencm3/lib/libopencm3_stm32f4.a(rcc.o)
rcc_set_ppre2                                     ../libopencm3/lib/libopencm3_stm32f4.a(rcc.o)
rcc_set_rtcpre                                    ../libopencm3/lib/libopencm3_stm32f4.a(rcc.o)
rcc_set_sysclk_source                             ../libopencm3/lib/libopencm3_stm32f4.a(rcc.o)
rcc_setup                                         src/system.o
                                                  src/firmware.o
rcc_system_clock_source                           ../libopencm3/lib/libopencm3_stm32f4.a(rcc.o)
rcc_wait_for_osc_ready                            ../libopencm3/lib/libopencm3_stm32f4.a(rcc.o)
rcc_wait_for_sysclk_status                        ../libopencm3/lib/libopencm3_stm32f4.a(rcc.o)
reset_handler                                     ../libopencm3/lib/libopencm3_stm32f4.a(vector.o)
ring_buffer_empty                                 inc/UART/ring_buffer.o
                                                  inc/UART/uart.o
ring_buffer_read                                  inc/UART/ring_buffer.o
                                                  inc/UART/uart.o
ring_buffer_setup                                 inc/UART/ring_buffer.o
                                                  inc/UART/uart.o
ring_buffer_write                                 inc/UART/ring_buffer.o
                                                  inc/UART/uart.o
rtc_alarm_isr                                     ../libopencm3/lib/libopencm3_stm32f4.a(vector.o)
rtc_wkup_isr                                      ../libopencm3/lib/libopencm3_stm32f4.a(vector.o)
sai1_isr                                          ../libopencm3/lib/libopencm3_stm32f4.a(vector.o)
sdio_isr                                          ../libopencm3/lib/libopencm3_stm32f4.a(vector.o)
spi1_isr                                          ../libopencm3/lib/libopencm3_stm32f4.a(vector.o)
spi2_isr                                          ../libopencm3/lib/libopencm3_stm32f4.a(vector.o)
spi3_isr                                          ../libopencm3/lib/libopencm3_stm32f4.a(vector.o)
spi4_isr                                          ../libopencm3/lib/libopencm3_stm32f4.a(vector.o)
spi5_isr                                          ../libopencm3/lib/libopencm3_stm32f4.a(vector.o)
spi6_isr                                          ../libopencm3/lib/libopencm3_stm32f4.a(vector.o)
sv_call_handler                                   ../libopencm3/lib/libopencm3_stm32f4.a(vector.o)
sys_tick_handler                                  src/system.o
system_delay                                      src/system.o
                                                  inc/E32/E32.o
                                                  src/firmware.o
systick_clear                                     ../libopencm3/lib/libopencm3_stm32f4.a(systick.o)
systick_counter_disable                           ../libopencm3/lib/libopencm3_stm32f4.a(systick.o)
systick_counter_enable                            ../libopencm3/lib/libopencm3_stm32f4.a(systick.o)
                                                  src/system.o
systick_get_calib                                 ../libopencm3/lib/libopencm3_stm32f4.a(systick.o)
systick_get_countflag                             ../libopencm3/lib/libopencm3_stm32f4.a(systick.o)
systick_get_reload                                ../libopencm3/lib/libopencm3_stm32f4.a(systick.o)
systick_get_value                                 ../libopencm3/lib/libopencm3_stm32f4.a(systick.o)
systick_interrupt_disable                         ../libopencm3/lib/libopencm3_stm32f4.a(systick.o)
systick_interrupt_enable                          ../libopencm3/lib/libopencm3_stm32f4.a(systick.o)
                                                  src/system.o
systick_set_clocksource                           ../libopencm3/lib/libopencm3_stm32f4.a(systick.o)
systick_set_frequency                             ../libopencm3/lib/libopencm3_stm32f4.a(systick.o)
                                                  src/system.o
systick_set_reload                                ../libopencm3/lib/libopencm3_stm32f4.a(systick.o)
systick_setup                                     src/system.o
                                                  src/firmware.o
tamp_stamp_isr                                    ../libopencm3/lib/libopencm3_stm32f4.a(vector.o)
ticks                                             src/system.o
tim1_brk_tim9_isr                                 ../libopencm3/lib/libopencm3_stm32f4.a(vector.o)
tim1_cc_isr                                       ../libopencm3/lib/libopencm3_stm32f4.a(vector.o)
tim1_trg_com_tim11_isr                            ../libopencm3/lib/libopencm3_stm32f4.a(vector.o)
tim1_up_tim10_isr                                 ../libopencm3/lib/libopencm3_stm32f4.a(vector.o)
tim2_isr                                          ../libopencm3/lib/libopencm3_stm32f4.a(vector.o)